[0.014s] Invoking command in '/home/ilyaes/Desktop/ros2project/moveit2_tuto/ros2_gantry_ws/build/gantry': CMAKE_PREFIX_PATH=${CMAKE_PREFIX_PATH}:/opt/ros/jazzy DEBUGINFOD_URLS=https://debuginfod.ubuntu.com /usr/bin/cmake /home/ilyaes/Desktop/ros2project/moveit2_tuto/ros2_gantry_ws/src/gantry -DCMAKE_INSTALL_PREFIX=/home/ilyaes/Desktop/ros2project/moveit2_tuto/ros2_gantry_ws/install/gantry
[0.153s] -- The C compiler identification is GNU 13.3.0
[0.272s] -- The CXX compiler identification is GNU 13.3.0
[0.297s] -- Detecting C compiler ABI info
[0.395s] -- Detecting C compiler ABI info - done
[0.406s] -- Check for working C compiler: /usr/bin/cc - skipped
[0.406s] -- Detecting C compile features
[0.407s] -- Detecting C compile features - done
[0.417s] -- Detecting CXX compiler ABI info
[0.520s] -- Detecting CXX compiler ABI info - done
[0.530s] -- Check for working CXX compiler: /usr/bin/c++ - skipped
[0.530s] -- Detecting CXX compile features
[0.531s] -- Detecting CXX compile features - done
[0.557s] -- Found ament_cmake: 2.5.4 (/opt/ros/jazzy/share/ament_cmake/cmake)
[0.733s] -- Found Python3: /usr/bin/python3 (found version "3.12.3") found components: Interpreter 
[0.887s] -- Found ament_lint_auto: 0.17.3 (/opt/ros/jazzy/share/ament_lint_auto/cmake)
[1.038s] -- Added test 'flake8' to check Python code syntax and style conventions
[1.038s] -- Configured 'flake8' exclude dirs and/or files: 
[1.039s] -- Added test 'lint_cmake' to check CMake code style
[1.040s] -- Added test 'pep257' to check Python code against some of the docstring style conventions in PEP 257
[1.042s] -- Added test 'xmllint' to check XML markup files
[1.045s] -- Configuring done (1.0s)
[1.050s] -- Generating done (0.0s)
[1.053s] -- Build files have been written to: /home/ilyaes/Desktop/ros2project/moveit2_tuto/ros2_gantry_ws/build/gantry
[1.058s] Invoked command in '/home/ilyaes/Desktop/ros2project/moveit2_tuto/ros2_gantry_ws/build/gantry' returned '0': CMAKE_PREFIX_PATH=${CMAKE_PREFIX_PATH}:/opt/ros/jazzy DEBUGINFOD_URLS=https://debuginfod.ubuntu.com /usr/bin/cmake /home/ilyaes/Desktop/ros2project/moveit2_tuto/ros2_gantry_ws/src/gantry -DCMAKE_INSTALL_PREFIX=/home/ilyaes/Desktop/ros2project/moveit2_tuto/ros2_gantry_ws/install/gantry
[1.059s] Invoking command in '/home/ilyaes/Desktop/ros2project/moveit2_tuto/ros2_gantry_ws/build/gantry': CMAKE_PREFIX_PATH=${CMAKE_PREFIX_PATH}:/opt/ros/jazzy DEBUGINFOD_URLS=https://debuginfod.ubuntu.com /usr/bin/cmake --build /home/ilyaes/Desktop/ros2project/moveit2_tuto/ros2_gantry_ws/build/gantry -- -j8 -l8
[1.121s] Built target ament_cmake_python_copy_gantry
[1.438s] running egg_info
[1.439s] creating gantry.egg-info
[1.476s] writing gantry.egg-info/PKG-INFO
[1.476s] writing dependency_links to gantry.egg-info/dependency_links.txt
[1.476s] writing top-level names to gantry.egg-info/top_level.txt
[1.477s] writing manifest file 'gantry.egg-info/SOURCES.txt'
[1.582s] reading manifest file 'gantry.egg-info/SOURCES.txt'
[1.582s] writing manifest file 'gantry.egg-info/SOURCES.txt'
[1.612s] Built target ament_cmake_python_build_gantry_egg
[1.624s] Invoked command in '/home/ilyaes/Desktop/ros2project/moveit2_tuto/ros2_gantry_ws/build/gantry' returned '0': CMAKE_PREFIX_PATH=${CMAKE_PREFIX_PATH}:/opt/ros/jazzy DEBUGINFOD_URLS=https://debuginfod.ubuntu.com /usr/bin/cmake --build /home/ilyaes/Desktop/ros2project/moveit2_tuto/ros2_gantry_ws/build/gantry -- -j8 -l8
[1.635s] Invoking command in '/home/ilyaes/Desktop/ros2project/moveit2_tuto/ros2_gantry_ws/build/gantry': CMAKE_PREFIX_PATH=${CMAKE_PREFIX_PATH}:/opt/ros/jazzy DEBUGINFOD_URLS=https://debuginfod.ubuntu.com /usr/bin/cmake --install /home/ilyaes/Desktop/ros2project/moveit2_tuto/ros2_gantry_ws/build/gantry
[1.645s] -- Install configuration: ""
[1.645s] -- Installing: /home/ilyaes/Desktop/ros2project/moveit2_tuto/ros2_gantry_ws/install/gantry/share/gantry/environment/pythonpath.sh
[1.645s] -- Installing: /home/ilyaes/Desktop/ros2project/moveit2_tuto/ros2_gantry_ws/install/gantry/share/gantry/environment/pythonpath.dsv
[1.645s] -- Installing: /home/ilyaes/Desktop/ros2project/moveit2_tuto/ros2_gantry_ws/install/gantry/lib/python3.12/site-packages/gantry-0.0.0-py3.12.egg-info
[1.646s] -- Installing: /home/ilyaes/Desktop/ros2project/moveit2_tuto/ros2_gantry_ws/install/gantry/lib/python3.12/site-packages/gantry-0.0.0-py3.12.egg-info/top_level.txt
[1.646s] -- Installing: /home/ilyaes/Desktop/ros2project/moveit2_tuto/ros2_gantry_ws/install/gantry/lib/python3.12/site-packages/gantry-0.0.0-py3.12.egg-info/SOURCES.txt
[1.646s] -- Installing: /home/ilyaes/Desktop/ros2project/moveit2_tuto/ros2_gantry_ws/install/gantry/lib/python3.12/site-packages/gantry-0.0.0-py3.12.egg-info/dependency_links.txt
[1.646s] -- Installing: /home/ilyaes/Desktop/ros2project/moveit2_tuto/ros2_gantry_ws/install/gantry/lib/python3.12/site-packages/gantry-0.0.0-py3.12.egg-info/PKG-INFO
[1.646s] -- Installing: /home/ilyaes/Desktop/ros2project/moveit2_tuto/ros2_gantry_ws/install/gantry/lib/python3.12/site-packages/gantry
[1.646s] -- Installing: /home/ilyaes/Desktop/ros2project/moveit2_tuto/ros2_gantry_ws/install/gantry/lib/python3.12/site-packages/gantry/__init__.py
[1.682s] Listing '/home/ilyaes/Desktop/ros2project/moveit2_tuto/ros2_gantry_ws/install/gantry/lib/python3.12/site-packages/gantry'...
[1.682s] Compiling '/home/ilyaes/Desktop/ros2project/moveit2_tuto/ros2_gantry_ws/install/gantry/lib/python3.12/site-packages/gantry/__init__.py'...
[1.687s] -- Installing: /home/ilyaes/Desktop/ros2project/moveit2_tuto/ros2_gantry_ws/install/gantry/share/gantry//launch
[1.688s] -- Installing: /home/ilyaes/Desktop/ros2project/moveit2_tuto/ros2_gantry_ws/install/gantry/share/gantry//launch/gantry_launch.py
[1.688s] -- Installing: /home/ilyaes/Desktop/ros2project/moveit2_tuto/ros2_gantry_ws/install/gantry/share/ament_index/resource_index/package_run_dependencies/gantry
[1.688s] -- Installing: /home/ilyaes/Desktop/ros2project/moveit2_tuto/ros2_gantry_ws/install/gantry/share/ament_index/resource_index/parent_prefix_path/gantry
[1.688s] -- Installing: /home/ilyaes/Desktop/ros2project/moveit2_tuto/ros2_gantry_ws/install/gantry/share/gantry/environment/ament_prefix_path.sh
[1.688s] -- Installing: /home/ilyaes/Desktop/ros2project/moveit2_tuto/ros2_gantry_ws/install/gantry/share/gantry/environment/ament_prefix_path.dsv
[1.688s] -- Installing: /home/ilyaes/Desktop/ros2project/moveit2_tuto/ros2_gantry_ws/install/gantry/share/gantry/environment/path.sh
[1.689s] -- Installing: /home/ilyaes/Desktop/ros2project/moveit2_tuto/ros2_gantry_ws/install/gantry/share/gantry/environment/path.dsv
[1.689s] -- Installing: /home/ilyaes/Desktop/ros2project/moveit2_tuto/ros2_gantry_ws/install/gantry/share/gantry/local_setup.bash
[1.689s] -- Installing: /home/ilyaes/Desktop/ros2project/moveit2_tuto/ros2_gantry_ws/install/gantry/share/gantry/local_setup.sh
[1.689s] -- Installing: /home/ilyaes/Desktop/ros2project/moveit2_tuto/ros2_gantry_ws/install/gantry/share/gantry/local_setup.zsh
[1.689s] -- Installing: /home/ilyaes/Desktop/ros2project/moveit2_tuto/ros2_gantry_ws/install/gantry/share/gantry/local_setup.dsv
[1.689s] -- Installing: /home/ilyaes/Desktop/ros2project/moveit2_tuto/ros2_gantry_ws/install/gantry/share/gantry/package.dsv
[1.689s] -- Installing: /home/ilyaes/Desktop/ros2project/moveit2_tuto/ros2_gantry_ws/install/gantry/share/ament_index/resource_index/packages/gantry
[1.689s] -- Installing: /home/ilyaes/Desktop/ros2project/moveit2_tuto/ros2_gantry_ws/install/gantry/share/gantry/cmake/gantryConfig.cmake
[1.690s] -- Installing: /home/ilyaes/Desktop/ros2project/moveit2_tuto/ros2_gantry_ws/install/gantry/share/gantry/cmake/gantryConfig-version.cmake
[1.690s] -- Installing: /home/ilyaes/Desktop/ros2project/moveit2_tuto/ros2_gantry_ws/install/gantry/share/gantry/package.xml
[1.692s] Invoked command in '/home/ilyaes/Desktop/ros2project/moveit2_tuto/ros2_gantry_ws/build/gantry' returned '0': CMAKE_PREFIX_PATH=${CMAKE_PREFIX_PATH}:/opt/ros/jazzy DEBUGINFOD_URLS=https://debuginfod.ubuntu.com /usr/bin/cmake --install /home/ilyaes/Desktop/ros2project/moveit2_tuto/ros2_gantry_ws/build/gantry
