[100%] Built target simple_move
-- Install configuration: ""
-- Up-to-date: /home/ilyaes/Desktop/ros2project/moveit2_tuto/new_gantry_ws/install/gantry_control/lib/gantry_control/simple_move
-- Up-to-date: /home/ilyaes/Desktop/ros2project/moveit2_tuto/new_gantry_ws/install/gantry_control/share/gantry_control/launch
-- Up-to-date: /home/ilyaes/Desktop/ros2project/moveit2_tuto/new_gantry_ws/install/gantry_control/share/gantry_control/launch/move_gantry.launch.py
-- Up-to-date: /home/ilyaes/Desktop/ros2project/moveit2_tuto/new_gantry_ws/install/gantry_control/share/ament_index/resource_index/package_run_dependencies/gantry_control
-- Up-to-date: /home/ilyaes/Desktop/ros2project/moveit2_tuto/new_gantry_ws/install/gantry_control/share/ament_index/resource_index/parent_prefix_path/gantry_control
-- Up-to-date: /home/ilyaes/Desktop/ros2project/moveit2_tuto/new_gantry_ws/install/gantry_control/share/gantry_control/environment/ament_prefix_path.sh
-- Up-to-date: /home/ilyaes/Desktop/ros2project/moveit2_tuto/new_gantry_ws/install/gantry_control/share/gantry_control/environment/ament_prefix_path.dsv
-- Up-to-date: /home/ilyaes/Desktop/ros2project/moveit2_tuto/new_gantry_ws/install/gantry_control/share/gantry_control/environment/path.sh
-- Up-to-date: /home/ilyaes/Desktop/ros2project/moveit2_tuto/new_gantry_ws/install/gantry_control/share/gantry_control/environment/path.dsv
-- Up-to-date: /home/ilyaes/Desktop/ros2project/moveit2_tuto/new_gantry_ws/install/gantry_control/share/gantry_control/local_setup.bash
-- Up-to-date: /home/ilyaes/Desktop/ros2project/moveit2_tuto/new_gantry_ws/install/gantry_control/share/gantry_control/local_setup.sh
-- Up-to-date: /home/ilyaes/Desktop/ros2project/moveit2_tuto/new_gantry_ws/install/gantry_control/share/gantry_control/local_setup.zsh
-- Up-to-date: /home/ilyaes/Desktop/ros2project/moveit2_tuto/new_gantry_ws/install/gantry_control/share/gantry_control/local_setup.dsv
-- Installing: /home/ilyaes/Desktop/ros2project/moveit2_tuto/new_gantry_ws/install/gantry_control/share/gantry_control/package.dsv
-- Up-to-date: /home/ilyaes/Desktop/ros2project/moveit2_tuto/new_gantry_ws/install/gantry_control/share/ament_index/resource_index/packages/gantry_control
-- Up-to-date: /home/ilyaes/Desktop/ros2project/moveit2_tuto/new_gantry_ws/install/gantry_control/share/gantry_control/cmake/gantry_controlConfig.cmake
-- Up-to-date: /home/ilyaes/Desktop/ros2project/moveit2_tuto/new_gantry_ws/install/gantry_control/share/gantry_control/cmake/gantry_controlConfig-version.cmake
-- Up-to-date: /home/ilyaes/Desktop/ros2project/moveit2_tuto/new_gantry_ws/install/gantry_control/share/gantry_control/package.xml
