[0.012s] Invoking command in '/home/ilyaes/Desktop/ros2project/moveit2_tuto/ros2_gantry_ws/build/gantry': CMAKE_PREFIX_PATH=${CMAKE_PREFIX_PATH}:/opt/ros/jazzy DEBUGINFOD_URLS=https://debuginfod.ubuntu.com /usr/bin/cmake --build /home/ilyaes/Desktop/ros2project/moveit2_tuto/ros2_gantry_ws/build/gantry -- -j8 -l8
[0.041s] -- Found ament_cmake: 2.5.4 (/opt/ros/jazzy/share/ament_cmake/cmake)
[0.254s] -- Found ros_gz_sim: 1.0.16 (/opt/ros/jazzy/share/ros_gz_sim/cmake)
[0.289s] -- Found rosidl_generator_c: 4.6.6 (/opt/ros/jazzy/share/rosidl_generator_c/cmake)
[0.298s] -- Found rosidl_generator_cpp: 4.6.6 (/opt/ros/jazzy/share/rosidl_generator_cpp/cmake)
[0.311s] -- Using all available rosidl_typesupport_c: rosidl_typesupport_fastrtps_c;rosidl_typesupport_introspection_c
[0.324s] -- Using all available rosidl_typesupport_cpp: rosidl_typesupport_fastrtps_cpp;rosidl_typesupport_introspection_cpp
[0.390s] -- Found rmw_implementation_cmake: 7.3.2 (/opt/ros/jazzy/share/rmw_implementation_cmake/cmake)
[0.392s] -- Found rmw_fastrtps_cpp: 8.4.3 (/opt/ros/jazzy/share/rmw_fastrtps_cpp/cmake)
[0.465s] -- Using RMW implementation 'rmw_fastrtps_cpp' as default
[0.688s] -- Found ros_gz_bridge: 1.0.16 (/opt/ros/jazzy/share/ros_gz_bridge/cmake)
[0.696s] -- Looking for gz-msgs10 -- found version 10.3.2
[0.700s] -- Searching for dependencies of gz-msgs10
[0.724s] -- Looking for gz-utils2 -- found version 2.2.1
[0.725s] -- Searching for dependencies of gz-utils2
[0.726s] -- Looking for gz-math7 -- found version 7.5.2
[0.726s] -- Searching for dependencies of gz-math7
[0.726s] -- Looking for gz-utils2 -- found version 2.2.1
[0.732s] -- Checking for module 'tinyxml2'
[0.745s] --   Found tinyxml2, version 10.0.0
[0.776s] -- Looking for gz-transport13 -- found version 13.4.1
[0.776s] -- Searching for dependencies of gz-transport13
[0.814s] -- Config-file not installed for ZeroMQ -- checking for pkg-config
[0.818s] -- Checking for module 'libzmq >= 4'
[0.833s] --   Found libzmq, version 4.3.5
[0.875s] -- Checking for module 'uuid'
[0.889s] --   Found uuid, version 2.39.3
[0.921s] -- Looking for gz-utils2 -- found version 2.2.1
[0.921s] -- Searching for dependencies of gz-utils2
[0.921s] -- Searching for <gz-utils2> component [cli]
[0.922s] -- Looking for gz-utils2-cli -- found version 2.2.1
[0.922s] -- Searching for dependencies of gz-utils2-cli
[0.923s] -- Looking for gz-msgs10 -- found version 10.3.2
[1.095s] -- Found ros_gz_image: 1.0.16 (/opt/ros/jazzy/share/ros_gz_image/cmake)
[1.096s] -- Found xacro: 2.1.1 (/opt/ros/jazzy/share/xacro/cmake)
[1.184s] -- Found ament_lint_auto: 0.17.3 (/opt/ros/jazzy/share/ament_lint_auto/cmake)
[1.275s] -- Added test 'flake8' to check Python code syntax and style conventions
[1.275s] -- Configured 'flake8' exclude dirs and/or files: 
[1.275s] -- Added test 'lint_cmake' to check CMake code style
[1.276s] -- Added test 'pep257' to check Python code against some of the docstring style conventions in PEP 257
[1.277s] -- Added test 'xmllint' to check XML markup files
[1.278s] -- Configuring done (1.2s)
[1.287s] -- Generating done (0.0s)
[1.293s] -- Build files have been written to: /home/ilyaes/Desktop/ros2project/moveit2_tuto/ros2_gantry_ws/build/gantry
[1.347s] Built target ament_cmake_python_copy_gantry
[1.643s] running egg_info
[1.678s] writing gantry.egg-info/PKG-INFO
[1.678s] writing dependency_links to gantry.egg-info/dependency_links.txt
[1.678s] writing top-level names to gantry.egg-info/top_level.txt
[1.785s] reading manifest file 'gantry.egg-info/SOURCES.txt'
[1.786s] writing manifest file 'gantry.egg-info/SOURCES.txt'
[1.813s] Built target ament_cmake_python_build_gantry_egg
[1.825s] Invoked command in '/home/ilyaes/Desktop/ros2project/moveit2_tuto/ros2_gantry_ws/build/gantry' returned '0': CMAKE_PREFIX_PATH=${CMAKE_PREFIX_PATH}:/opt/ros/jazzy DEBUGINFOD_URLS=https://debuginfod.ubuntu.com /usr/bin/cmake --build /home/ilyaes/Desktop/ros2project/moveit2_tuto/ros2_gantry_ws/build/gantry -- -j8 -l8
[1.836s] Invoking command in '/home/ilyaes/Desktop/ros2project/moveit2_tuto/ros2_gantry_ws/build/gantry': CMAKE_PREFIX_PATH=${CMAKE_PREFIX_PATH}:/opt/ros/jazzy DEBUGINFOD_URLS=https://debuginfod.ubuntu.com /usr/bin/cmake --install /home/ilyaes/Desktop/ros2project/moveit2_tuto/ros2_gantry_ws/build/gantry
[1.845s] -- Install configuration: ""
[1.845s] -- Up-to-date: /home/ilyaes/Desktop/ros2project/moveit2_tuto/ros2_gantry_ws/install/gantry/share/gantry/environment/pythonpath.sh
[1.845s] -- Up-to-date: /home/ilyaes/Desktop/ros2project/moveit2_tuto/ros2_gantry_ws/install/gantry/share/gantry/environment/pythonpath.dsv
[1.845s] -- Up-to-date: /home/ilyaes/Desktop/ros2project/moveit2_tuto/ros2_gantry_ws/install/gantry/lib/python3.12/site-packages/gantry-0.0.0-py3.12.egg-info
[1.845s] -- Installing: /home/ilyaes/Desktop/ros2project/moveit2_tuto/ros2_gantry_ws/install/gantry/lib/python3.12/site-packages/gantry-0.0.0-py3.12.egg-info/top_level.txt
[1.846s] -- Installing: /home/ilyaes/Desktop/ros2project/moveit2_tuto/ros2_gantry_ws/install/gantry/lib/python3.12/site-packages/gantry-0.0.0-py3.12.egg-info/SOURCES.txt
[1.846s] -- Installing: /home/ilyaes/Desktop/ros2project/moveit2_tuto/ros2_gantry_ws/install/gantry/lib/python3.12/site-packages/gantry-0.0.0-py3.12.egg-info/dependency_links.txt
[1.846s] -- Installing: /home/ilyaes/Desktop/ros2project/moveit2_tuto/ros2_gantry_ws/install/gantry/lib/python3.12/site-packages/gantry-0.0.0-py3.12.egg-info/PKG-INFO
[1.846s] -- Up-to-date: /home/ilyaes/Desktop/ros2project/moveit2_tuto/ros2_gantry_ws/install/gantry/lib/python3.12/site-packages/gantry
[1.846s] -- Up-to-date: /home/ilyaes/Desktop/ros2project/moveit2_tuto/ros2_gantry_ws/install/gantry/lib/python3.12/site-packages/gantry/__init__.py
[1.880s] Listing '/home/ilyaes/Desktop/ros2project/moveit2_tuto/ros2_gantry_ws/install/gantry/lib/python3.12/site-packages/gantry'...
[1.884s] -- Up-to-date: /home/ilyaes/Desktop/ros2project/moveit2_tuto/ros2_gantry_ws/install/gantry/share/gantry//launch
[1.885s] -- Up-to-date: /home/ilyaes/Desktop/ros2project/moveit2_tuto/ros2_gantry_ws/install/gantry/share/gantry//launch/gazebo.launch.py
[1.885s] -- Up-to-date: /home/ilyaes/Desktop/ros2project/moveit2_tuto/ros2_gantry_ws/install/gantry/share/gantry//launch/gantry_launch.py
[1.885s] -- Up-to-date: /home/ilyaes/Desktop/ros2project/moveit2_tuto/ros2_gantry_ws/install/gantry/share/gantry//urdf
[1.885s] -- Up-to-date: /home/ilyaes/Desktop/ros2project/moveit2_tuto/ros2_gantry_ws/install/gantry/share/gantry//urdf/urdf.xacro
[1.885s] -- Up-to-date: /home/ilyaes/Desktop/ros2project/moveit2_tuto/ros2_gantry_ws/install/gantry/share/gantry//urdf/parallel_beam_gantry.urdf.xacro
[1.885s] -- Up-to-date: /home/ilyaes/Desktop/ros2project/moveit2_tuto/ros2_gantry_ws/install/gantry/share/gantry//urdf/parallel_beam_gantry.gazebo.xacro
[1.885s] -- Up-to-date: /home/ilyaes/Desktop/ros2project/moveit2_tuto/ros2_gantry_ws/install/gantry/share/gantry//urdf/parallel_beam_gantry.xacro
[1.885s] -- Up-to-date: /home/ilyaes/Desktop/ros2project/moveit2_tuto/ros2_gantry_ws/install/gantry/share/gantry//urdf/parallel_beam_gantry.camera.xacro
[1.885s] -- Up-to-date: /home/ilyaes/Desktop/ros2project/moveit2_tuto/ros2_gantry_ws/install/gantry/share/gantry//urdf/parallel_beam_gantry.ros2_control.xacro
[1.885s] -- Up-to-date: /home/ilyaes/Desktop/ros2project/moveit2_tuto/ros2_gantry_ws/install/gantry/share/gantry//config
[1.886s] -- Up-to-date: /home/ilyaes/Desktop/ros2project/moveit2_tuto/ros2_gantry_ws/install/gantry/share/gantry//config/camera_bridge.yaml
[1.886s] -- Up-to-date: /home/ilyaes/Desktop/ros2project/moveit2_tuto/ros2_gantry_ws/install/gantry/share/ament_index/resource_index/package_run_dependencies/gantry
[1.886s] -- Installing: /home/ilyaes/Desktop/ros2project/moveit2_tuto/ros2_gantry_ws/install/gantry/share/ament_index/resource_index/parent_prefix_path/gantry
[1.886s] -- Up-to-date: /home/ilyaes/Desktop/ros2project/moveit2_tuto/ros2_gantry_ws/install/gantry/share/gantry/environment/ament_prefix_path.sh
[1.886s] -- Up-to-date: /home/ilyaes/Desktop/ros2project/moveit2_tuto/ros2_gantry_ws/install/gantry/share/gantry/environment/ament_prefix_path.dsv
[1.886s] -- Up-to-date: /home/ilyaes/Desktop/ros2project/moveit2_tuto/ros2_gantry_ws/install/gantry/share/gantry/environment/path.sh
[1.886s] -- Up-to-date: /home/ilyaes/Desktop/ros2project/moveit2_tuto/ros2_gantry_ws/install/gantry/share/gantry/environment/path.dsv
[1.886s] -- Up-to-date: /home/ilyaes/Desktop/ros2project/moveit2_tuto/ros2_gantry_ws/install/gantry/share/gantry/local_setup.bash
[1.886s] -- Up-to-date: /home/ilyaes/Desktop/ros2project/moveit2_tuto/ros2_gantry_ws/install/gantry/share/gantry/local_setup.sh
[1.887s] -- Up-to-date: /home/ilyaes/Desktop/ros2project/moveit2_tuto/ros2_gantry_ws/install/gantry/share/gantry/local_setup.zsh
[1.887s] -- Up-to-date: /home/ilyaes/Desktop/ros2project/moveit2_tuto/ros2_gantry_ws/install/gantry/share/gantry/local_setup.dsv
[1.887s] -- Installing: /home/ilyaes/Desktop/ros2project/moveit2_tuto/ros2_gantry_ws/install/gantry/share/gantry/package.dsv
[1.887s] -- Up-to-date: /home/ilyaes/Desktop/ros2project/moveit2_tuto/ros2_gantry_ws/install/gantry/share/ament_index/resource_index/packages/gantry
[1.887s] -- Up-to-date: /home/ilyaes/Desktop/ros2project/moveit2_tuto/ros2_gantry_ws/install/gantry/share/gantry/cmake/gantryConfig.cmake
[1.887s] -- Up-to-date: /home/ilyaes/Desktop/ros2project/moveit2_tuto/ros2_gantry_ws/install/gantry/share/gantry/cmake/gantryConfig-version.cmake
[1.887s] -- Up-to-date: /home/ilyaes/Desktop/ros2project/moveit2_tuto/ros2_gantry_ws/install/gantry/share/gantry/package.xml
[1.888s] Invoked command in '/home/ilyaes/Desktop/ros2project/moveit2_tuto/ros2_gantry_ws/build/gantry' returned '0': CMAKE_PREFIX_PATH=${CMAKE_PREFIX_PATH}:/opt/ros/jazzy DEBUGINFOD_URLS=https://debuginfod.ubuntu.com /usr/bin/cmake --install /home/ilyaes/Desktop/ros2project/moveit2_tuto/ros2_gantry_ws/build/gantry
