-- Install configuration: ""
-- Up-to-date: /home/ilyaes/Desktop/ros2project/moveit2_tuto/new_gantry_ws/install/gantry_moveit_config_2/share/ament_index/resource_index/package_run_dependencies/gantry_moveit_config_2
-- Up-to-date: /home/ilyaes/Desktop/ros2project/moveit2_tuto/new_gantry_ws/install/gantry_moveit_config_2/share/ament_index/resource_index/parent_prefix_path/gantry_moveit_config_2
-- Up-to-date: /home/ilyaes/Desktop/ros2project/moveit2_tuto/new_gantry_ws/install/gantry_moveit_config_2/share/gantry_moveit_config_2/environment/ament_prefix_path.sh
-- Up-to-date: /home/ilyaes/Desktop/ros2project/moveit2_tuto/new_gantry_ws/install/gantry_moveit_config_2/share/gantry_moveit_config_2/environment/ament_prefix_path.dsv
-- Up-to-date: /home/ilyaes/Desktop/ros2project/moveit2_tuto/new_gantry_ws/install/gantry_moveit_config_2/share/gantry_moveit_config_2/environment/path.sh
-- Up-to-date: /home/ilyaes/Desktop/ros2project/moveit2_tuto/new_gantry_ws/install/gantry_moveit_config_2/share/gantry_moveit_config_2/environment/path.dsv
-- Up-to-date: /home/ilyaes/Desktop/ros2project/moveit2_tuto/new_gantry_ws/install/gantry_moveit_config_2/share/gantry_moveit_config_2/local_setup.bash
-- Up-to-date: /home/ilyaes/Desktop/ros2project/moveit2_tuto/new_gantry_ws/install/gantry_moveit_config_2/share/gantry_moveit_config_2/local_setup.sh
-- Up-to-date: /home/ilyaes/Desktop/ros2project/moveit2_tuto/new_gantry_ws/install/gantry_moveit_config_2/share/gantry_moveit_config_2/local_setup.zsh
-- Up-to-date: /home/ilyaes/Desktop/ros2project/moveit2_tuto/new_gantry_ws/install/gantry_moveit_config_2/share/gantry_moveit_config_2/local_setup.dsv
-- Installing: /home/ilyaes/Desktop/ros2project/moveit2_tuto/new_gantry_ws/install/gantry_moveit_config_2/share/gantry_moveit_config_2/package.dsv
-- Up-to-date: /home/ilyaes/Desktop/ros2project/moveit2_tuto/new_gantry_ws/install/gantry_moveit_config_2/share/ament_index/resource_index/packages/gantry_moveit_config_2
-- Up-to-date: /home/ilyaes/Desktop/ros2project/moveit2_tuto/new_gantry_ws/install/gantry_moveit_config_2/share/gantry_moveit_config_2/cmake/gantry_moveit_config_2Config.cmake
-- Up-to-date: /home/ilyaes/Desktop/ros2project/moveit2_tuto/new_gantry_ws/install/gantry_moveit_config_2/share/gantry_moveit_config_2/cmake/gantry_moveit_config_2Config-version.cmake
-- Up-to-date: /home/ilyaes/Desktop/ros2project/moveit2_tuto/new_gantry_ws/install/gantry_moveit_config_2/share/gantry_moveit_config_2/package.xml
-- Up-to-date: /home/ilyaes/Desktop/ros2project/moveit2_tuto/new_gantry_ws/install/gantry_moveit_config_2/share/gantry_moveit_config_2/launch
-- Up-to-date: /home/ilyaes/Desktop/ros2project/moveit2_tuto/new_gantry_ws/install/gantry_moveit_config_2/share/gantry_moveit_config_2/launch/setup_assistant.launch.py
-- Up-to-date: /home/ilyaes/Desktop/ros2project/moveit2_tuto/new_gantry_ws/install/gantry_moveit_config_2/share/gantry_moveit_config_2/launch/spawn_controllers.launch.py
-- Up-to-date: /home/ilyaes/Desktop/ros2project/moveit2_tuto/new_gantry_ws/install/gantry_moveit_config_2/share/gantry_moveit_config_2/launch/rsp.launch.py
-- Up-to-date: /home/ilyaes/Desktop/ros2project/moveit2_tuto/new_gantry_ws/install/gantry_moveit_config_2/share/gantry_moveit_config_2/launch/demo.launch.py
-- Up-to-date: /home/ilyaes/Desktop/ros2project/moveit2_tuto/new_gantry_ws/install/gantry_moveit_config_2/share/gantry_moveit_config_2/launch/moveit_rviz.launch.py
-- Up-to-date: /home/ilyaes/Desktop/ros2project/moveit2_tuto/new_gantry_ws/install/gantry_moveit_config_2/share/gantry_moveit_config_2/launch/move_group.launch.py
-- Up-to-date: /home/ilyaes/Desktop/ros2project/moveit2_tuto/new_gantry_ws/install/gantry_moveit_config_2/share/gantry_moveit_config_2/launch/warehouse_db.launch.py
-- Up-to-date: /home/ilyaes/Desktop/ros2project/moveit2_tuto/new_gantry_ws/install/gantry_moveit_config_2/share/gantry_moveit_config_2/launch/gazebo_moveit.launch.py
-- Up-to-date: /home/ilyaes/Desktop/ros2project/moveit2_tuto/new_gantry_ws/install/gantry_moveit_config_2/share/gantry_moveit_config_2/launch/static_virtual_joint_tfs.launch.py
-- Up-to-date: /home/ilyaes/Desktop/ros2project/moveit2_tuto/new_gantry_ws/install/gantry_moveit_config_2/share/gantry_moveit_config_2/config
-- Up-to-date: /home/ilyaes/Desktop/ros2project/moveit2_tuto/new_gantry_ws/install/gantry_moveit_config_2/share/gantry_moveit_config_2/config/ros2_controllers.yaml
-- Up-to-date: /home/ilyaes/Desktop/ros2project/moveit2_tuto/new_gantry_ws/install/gantry_moveit_config_2/share/gantry_moveit_config_2/config/parallel_beam_gantry.urdf.xacro
-- Installing: /home/ilyaes/Desktop/ros2project/moveit2_tuto/new_gantry_ws/install/gantry_moveit_config_2/share/gantry_moveit_config_2/config/parallel_beam_gantry.srdf
-- Up-to-date: /home/ilyaes/Desktop/ros2project/moveit2_tuto/new_gantry_ws/install/gantry_moveit_config_2/share/gantry_moveit_config_2/config/joint_limits.yaml
-- Up-to-date: /home/ilyaes/Desktop/ros2project/moveit2_tuto/new_gantry_ws/install/gantry_moveit_config_2/share/gantry_moveit_config_2/config/pilz_cartesian_limits.yaml
-- Up-to-date: /home/ilyaes/Desktop/ros2project/moveit2_tuto/new_gantry_ws/install/gantry_moveit_config_2/share/gantry_moveit_config_2/config/moveit_controllers.yaml
-- Up-to-date: /home/ilyaes/Desktop/ros2project/moveit2_tuto/new_gantry_ws/install/gantry_moveit_config_2/share/gantry_moveit_config_2/config/initial_positions.yaml
-- Up-to-date: /home/ilyaes/Desktop/ros2project/moveit2_tuto/new_gantry_ws/install/gantry_moveit_config_2/share/gantry_moveit_config_2/config/kinematics.yaml
-- Up-to-date: /home/ilyaes/Desktop/ros2project/moveit2_tuto/new_gantry_ws/install/gantry_moveit_config_2/share/gantry_moveit_config_2/config/parallel_beam_gantry.ros2_control.xacro
-- Up-to-date: /home/ilyaes/Desktop/ros2project/moveit2_tuto/new_gantry_ws/install/gantry_moveit_config_2/share/gantry_moveit_config_2/config/moveit.rviz
-- Up-to-date: /home/ilyaes/Desktop/ros2project/moveit2_tuto/new_gantry_ws/install/gantry_moveit_config_2/share/gantry_moveit_config_2/.setup_assistant
