[0.012s] Invoking command in '/home/ilyaes/Desktop/ros2project/moveit2_tuto/new_gantry_ws/build/gantry_control': CMAKE_PREFIX_PATH=${CMAKE_PREFIX_PATH}:/opt/ros/jazzy DEBUGINFOD_URLS=https://debuginfod.ubuntu.com /usr/bin/cmake --build /home/ilyaes/Desktop/ros2project/moveit2_tuto/new_gantry_ws/build/gantry_control -- -j8 -l8
[0.097s] [100%] Built target simple_move
[0.110s] Invoked command in '/home/ilyaes/Desktop/ros2project/moveit2_tuto/new_gantry_ws/build/gantry_control' returned '0': CMAKE_PREFIX_PATH=${CMAKE_PREFIX_PATH}:/opt/ros/jazzy DEBUGINFOD_URLS=https://debuginfod.ubuntu.com /usr/bin/cmake --build /home/ilyaes/Desktop/ros2project/moveit2_tuto/new_gantry_ws/build/gantry_control -- -j8 -l8
[0.120s] Invoking command in '/home/ilyaes/Desktop/ros2project/moveit2_tuto/new_gantry_ws/build/gantry_control': CMAKE_PREFIX_PATH=${CMAKE_PREFIX_PATH}:/opt/ros/jazzy DEBUGINFOD_URLS=https://debuginfod.ubuntu.com /usr/bin/cmake --install /home/ilyaes/Desktop/ros2project/moveit2_tuto/new_gantry_ws/build/gantry_control
[0.130s] -- Install configuration: ""
[0.130s] -- Up-to-date: /home/ilyaes/Desktop/ros2project/moveit2_tuto/new_gantry_ws/install/gantry_control/lib/gantry_control/simple_move
[0.130s] -- Up-to-date: /home/ilyaes/Desktop/ros2project/moveit2_tuto/new_gantry_ws/install/gantry_control/share/gantry_control/launch
[0.130s] -- Up-to-date: /home/ilyaes/Desktop/ros2project/moveit2_tuto/new_gantry_ws/install/gantry_control/share/gantry_control/launch/move_gantry.launch.py
[0.131s] -- Up-to-date: /home/ilyaes/Desktop/ros2project/moveit2_tuto/new_gantry_ws/install/gantry_control/share/ament_index/resource_index/package_run_dependencies/gantry_control
[0.131s] -- Up-to-date: /home/ilyaes/Desktop/ros2project/moveit2_tuto/new_gantry_ws/install/gantry_control/share/ament_index/resource_index/parent_prefix_path/gantry_control
[0.131s] -- Up-to-date: /home/ilyaes/Desktop/ros2project/moveit2_tuto/new_gantry_ws/install/gantry_control/share/gantry_control/environment/ament_prefix_path.sh
[0.131s] -- Up-to-date: /home/ilyaes/Desktop/ros2project/moveit2_tuto/new_gantry_ws/install/gantry_control/share/gantry_control/environment/ament_prefix_path.dsv
[0.131s] -- Up-to-date: /home/ilyaes/Desktop/ros2project/moveit2_tuto/new_gantry_ws/install/gantry_control/share/gantry_control/environment/path.sh
[0.131s] -- Up-to-date: /home/ilyaes/Desktop/ros2project/moveit2_tuto/new_gantry_ws/install/gantry_control/share/gantry_control/environment/path.dsv
[0.131s] -- Up-to-date: /home/ilyaes/Desktop/ros2project/moveit2_tuto/new_gantry_ws/install/gantry_control/share/gantry_control/local_setup.bash
[0.134s] -- Up-to-date: /home/ilyaes/Desktop/ros2project/moveit2_tuto/new_gantry_ws/install/gantry_control/share/gantry_control/local_setup.sh
[0.134s] -- Up-to-date: /home/ilyaes/Desktop/ros2project/moveit2_tuto/new_gantry_ws/install/gantry_control/share/gantry_control/local_setup.zsh
[0.134s] -- Up-to-date: /home/ilyaes/Desktop/ros2project/moveit2_tuto/new_gantry_ws/install/gantry_control/share/gantry_control/local_setup.dsv
[0.134s] -- Installing: /home/ilyaes/Desktop/ros2project/moveit2_tuto/new_gantry_ws/install/gantry_control/share/gantry_control/package.dsv
[0.135s] -- Up-to-date: /home/ilyaes/Desktop/ros2project/moveit2_tuto/new_gantry_ws/install/gantry_control/share/ament_index/resource_index/packages/gantry_control
[0.135s] -- Up-to-date: /home/ilyaes/Desktop/ros2project/moveit2_tuto/new_gantry_ws/install/gantry_control/share/gantry_control/cmake/gantry_controlConfig.cmake
[0.135s] -- Up-to-date: /home/ilyaes/Desktop/ros2project/moveit2_tuto/new_gantry_ws/install/gantry_control/share/gantry_control/cmake/gantry_controlConfig-version.cmake
[0.135s] -- Up-to-date: /home/ilyaes/Desktop/ros2project/moveit2_tuto/new_gantry_ws/install/gantry_control/share/gantry_control/package.xml
[0.135s] Invoked command in '/home/ilyaes/Desktop/ros2project/moveit2_tuto/new_gantry_ws/build/gantry_control' returned '0': CMAKE_PREFIX_PATH=${CMAKE_PREFIX_PATH}:/opt/ros/jazzy DEBUGINFOD_URLS=https://debuginfod.ubuntu.com /usr/bin/cmake --install /home/ilyaes/Desktop/ros2project/moveit2_tuto/new_gantry_ws/build/gantry_control
