[0.198s] DEBUG:colcon:Command line arguments: ['/home/ilyaes/.local/bin/colcon', 'build']
[0.198s] DEBUG:colcon:Parsed command line arguments: Namespace(log_base=None, log_level=None, verb_name='build', build_base='build', install_base='install', merge_install=False, symlink_install=False, test_result_base=None, continue_on_error=False, executor='parallel', parallel_workers=8, event_handlers=None, ignore_user_meta=False, metas=['./colcon.meta'], base_paths=['.'], packages_ignore=None, packages_ignore_regex=None, paths=None, packages_up_to=None, packages_up_to_regex=None, packages_above=None, packages_above_and_dependencies=None, packages_above_depth=None, packages_select_by_dep=None, packages_skip_by_dep=None, packages_skip_up_to=None, packages_select_build_failed=False, packages_skip_build_finished=False, packages_select_test_failures=False, packages_skip_test_passed=False, packages_select=None, packages_skip=None, packages_select_regex=None, packages_skip_regex=None, packages_start=None, packages_end=None, allow_overriding=[], cmake_args=None, cmake_target=None, cmake_target_skip_unavailable=False, cmake_clean_cache=False, cmake_clean_first=False, cmake_force_configure=False, ament_cmake_args=None, catkin_cmake_args=None, catkin_skip_building_tests=False, verb_parser=<colcon_defaults.argument_parser.defaults.DefaultArgumentsDecorator object at 0x7518d942b890>, verb_extension=<colcon_core.verb.build.BuildVerb object at 0x7518d9c87d70>, main=<bound method BuildVerb.main of <colcon_core.verb.build.BuildVerb object at 0x7518d9c87d70>>)
[0.238s] Level 1:colcon.colcon_core.package_discovery:discover_packages(colcon_meta) check parameters
[0.238s] Level 1:colcon.colcon_core.package_discovery:discover_packages(recursive) check parameters
[0.238s] Level 1:colcon.colcon_core.package_discovery:discover_packages(ignore) check parameters
[0.238s] Level 1:colcon.colcon_core.package_discovery:discover_packages(path) check parameters
[0.238s] Level 1:colcon.colcon_core.package_discovery:discover_packages(colcon_meta) discover
[0.238s] Level 1:colcon.colcon_core.package_discovery:discover_packages(recursive) discover
[0.238s] INFO:colcon.colcon_core.package_discovery:Crawling recursively for packages in '/home/ilyaes/Desktop/ros2project/moveit2_tuto/new_gantry_ws'
[0.238s] Level 1:colcon.colcon_core.package_identification:_identify(.) by extensions ['ignore', 'ignore_ament_install']
[0.238s] Level 1:colcon.colcon_core.package_identification:_identify(.) by extension 'ignore'
[0.238s] Level 1:colcon.colcon_core.package_identification:_identify(.) by extension 'ignore_ament_install'
[0.238s] Level 1:colcon.colcon_core.package_identification:_identify(.) by extensions ['colcon_pkg']
[0.238s] Level 1:colcon.colcon_core.package_identification:_identify(.) by extension 'colcon_pkg'
[0.238s] Level 1:colcon.colcon_core.package_identification:_identify(.) by extensions ['colcon_meta']
[0.238s] Level 1:colcon.colcon_core.package_identification:_identify(.) by extension 'colcon_meta'
[0.238s] Level 1:colcon.colcon_core.package_identification:_identify(.) by extensions ['ros']
[0.238s] Level 1:colcon.colcon_core.package_identification:_identify(.) by extension 'ros'
[0.261s] Level 1:colcon.colcon_core.package_identification:_identify(.) by extensions ['cmake', 'python']
[0.261s] Level 1:colcon.colcon_core.package_identification:_identify(.) by extension 'cmake'
[0.261s] Level 1:colcon.colcon_core.package_identification:_identify(.) by extension 'python'
[0.261s] Level 1:colcon.colcon_core.package_identification:_identify(.) by extensions ['python_setup_py']
[0.261s] Level 1:colcon.colcon_core.package_identification:_identify(.) by extension 'python_setup_py'
[0.262s] Level 1:colcon.colcon_core.package_identification:_identify(build) by extensions ['ignore', 'ignore_ament_install']
[0.262s] Level 1:colcon.colcon_core.package_identification:_identify(build) by extension 'ignore'
[0.262s] Level 1:colcon.colcon_core.package_identification:_identify(build) ignored
[0.262s] Level 1:colcon.colcon_core.package_identification:_identify(install) by extensions ['ignore', 'ignore_ament_install']
[0.262s] Level 1:colcon.colcon_core.package_identification:_identify(install) by extension 'ignore'
[0.262s] Level 1:colcon.colcon_core.package_identification:_identify(install) ignored
[0.262s] Level 1:colcon.colcon_core.package_identification:_identify(log) by extensions ['ignore', 'ignore_ament_install']
[0.262s] Level 1:colcon.colcon_core.package_identification:_identify(log) by extension 'ignore'
[0.262s] Level 1:colcon.colcon_core.package_identification:_identify(log) ignored
[0.262s] Level 1:colcon.colcon_core.package_identification:_identify(src) by extensions ['ignore', 'ignore_ament_install']
[0.262s] Level 1:colcon.colcon_core.package_identification:_identify(src) by extension 'ignore'
[0.262s] Level 1:colcon.colcon_core.package_identification:_identify(src) by extension 'ignore_ament_install'
[0.262s] Level 1:colcon.colcon_core.package_identification:_identify(src) by extensions ['colcon_pkg']
[0.262s] Level 1:colcon.colcon_core.package_identification:_identify(src) by extension 'colcon_pkg'
[0.262s] Level 1:colcon.colcon_core.package_identification:_identify(src) by extensions ['colcon_meta']
[0.263s] Level 1:colcon.colcon_core.package_identification:_identify(src) by extension 'colcon_meta'
[0.263s] Level 1:colcon.colcon_core.package_identification:_identify(src) by extensions ['ros']
[0.263s] Level 1:colcon.colcon_core.package_identification:_identify(src) by extension 'ros'
[0.263s] Level 1:colcon.colcon_core.package_identification:_identify(src) by extensions ['cmake', 'python']
[0.263s] Level 1:colcon.colcon_core.package_identification:_identify(src) by extension 'cmake'
[0.263s] Level 1:colcon.colcon_core.package_identification:_identify(src) by extension 'python'
[0.263s] Level 1:colcon.colcon_core.package_identification:_identify(src) by extensions ['python_setup_py']
[0.263s] Level 1:colcon.colcon_core.package_identification:_identify(src) by extension 'python_setup_py'
[0.263s] Level 1:colcon.colcon_core.package_identification:_identify(src/gantry) by extensions ['ignore', 'ignore_ament_install']
[0.263s] Level 1:colcon.colcon_core.package_identification:_identify(src/gantry) by extension 'ignore'
[0.263s] Level 1:colcon.colcon_core.package_identification:_identify(src/gantry) by extension 'ignore_ament_install'
[0.263s] Level 1:colcon.colcon_core.package_identification:_identify(src/gantry) by extensions ['colcon_pkg']
[0.263s] Level 1:colcon.colcon_core.package_identification:_identify(src/gantry) by extension 'colcon_pkg'
[0.263s] Level 1:colcon.colcon_core.package_identification:_identify(src/gantry) by extensions ['colcon_meta']
[0.263s] Level 1:colcon.colcon_core.package_identification:_identify(src/gantry) by extension 'colcon_meta'
[0.263s] Level 1:colcon.colcon_core.package_identification:_identify(src/gantry) by extensions ['ros']
[0.263s] Level 1:colcon.colcon_core.package_identification:_identify(src/gantry) by extension 'ros'
[0.265s] DEBUG:colcon.colcon_core.package_identification:Package 'src/gantry' with type 'ros.ament_cmake' and name 'gantry'
[0.265s] Level 1:colcon.colcon_core.package_identification:_identify(src/gantry_control) by extensions ['ignore', 'ignore_ament_install']
[0.265s] Level 1:colcon.colcon_core.package_identification:_identify(src/gantry_control) by extension 'ignore'
[0.266s] Level 1:colcon.colcon_core.package_identification:_identify(src/gantry_control) by extension 'ignore_ament_install'
[0.266s] Level 1:colcon.colcon_core.package_identification:_identify(src/gantry_control) by extensions ['colcon_pkg']
[0.266s] Level 1:colcon.colcon_core.package_identification:_identify(src/gantry_control) by extension 'colcon_pkg'
[0.266s] Level 1:colcon.colcon_core.package_identification:_identify(src/gantry_control) by extensions ['colcon_meta']
[0.266s] Level 1:colcon.colcon_core.package_identification:_identify(src/gantry_control) by extension 'colcon_meta'
[0.266s] Level 1:colcon.colcon_core.package_identification:_identify(src/gantry_control) by extensions ['ros']
[0.266s] Level 1:colcon.colcon_core.package_identification:_identify(src/gantry_control) by extension 'ros'
[0.267s] DEBUG:colcon.colcon_core.package_identification:Package 'src/gantry_control' with type 'ros.ament_cmake' and name 'gantry_control'
[0.267s] Level 1:colcon.colcon_core.package_identification:_identify(src/gantry_moveit_config_2) by extensions ['ignore', 'ignore_ament_install']
[0.267s] Level 1:colcon.colcon_core.package_identification:_identify(src/gantry_moveit_config_2) by extension 'ignore'
[0.267s] Level 1:colcon.colcon_core.package_identification:_identify(src/gantry_moveit_config_2) by extension 'ignore_ament_install'
[0.267s] Level 1:colcon.colcon_core.package_identification:_identify(src/gantry_moveit_config_2) by extensions ['colcon_pkg']
[0.267s] Level 1:colcon.colcon_core.package_identification:_identify(src/gantry_moveit_config_2) by extension 'colcon_pkg'
[0.267s] Level 1:colcon.colcon_core.package_identification:_identify(src/gantry_moveit_config_2) by extensions ['colcon_meta']
[0.267s] Level 1:colcon.colcon_core.package_identification:_identify(src/gantry_moveit_config_2) by extension 'colcon_meta'
[0.268s] Level 1:colcon.colcon_core.package_identification:_identify(src/gantry_moveit_config_2) by extensions ['ros']
[0.268s] Level 1:colcon.colcon_core.package_identification:_identify(src/gantry_moveit_config_2) by extension 'ros'
[0.269s] DEBUG:colcon.colcon_core.package_identification:Package 'src/gantry_moveit_config_2' with type 'ros.ament_cmake' and name 'gantry_moveit_config_2'
[0.269s] Level 1:colcon.colcon_core.package_discovery:discover_packages(recursive) using defaults
[0.269s] Level 1:colcon.colcon_core.package_discovery:discover_packages(ignore) discover
[0.269s] Level 1:colcon.colcon_core.package_discovery:discover_packages(ignore) using defaults
[0.269s] Level 1:colcon.colcon_core.package_discovery:discover_packages(path) discover
[0.269s] Level 1:colcon.colcon_core.package_discovery:discover_packages(path) using defaults
[0.297s] Level 1:colcon.colcon_core.package_discovery:discover_packages(prefix_path) check parameters
[0.298s] Level 1:colcon.colcon_core.package_discovery:discover_packages(prefix_path) discover
[0.301s] DEBUG:colcon.colcon_installed_package_information.package_discovery:Found 3 installed packages in /home/ilyaes/Desktop/ros2project/moveit2_tuto/new_gantry_ws/install
[0.304s] DEBUG:colcon.colcon_installed_package_information.package_discovery:Found 559 installed packages in /opt/ros/jazzy
[0.305s] Level 1:colcon.colcon_core.package_discovery:discover_packages(prefix_path) using defaults
[0.386s] Level 5:colcon.colcon_core.verb:set package 'gantry' build argument 'cmake_args' from command line to 'None'
[0.386s] Level 5:colcon.colcon_core.verb:set package 'gantry' build argument 'cmake_target' from command line to 'None'
[0.386s] Level 5:colcon.colcon_core.verb:set package 'gantry' build argument 'cmake_target_skip_unavailable' from command line to 'False'
[0.386s] Level 5:colcon.colcon_core.verb:set package 'gantry' build argument 'cmake_clean_cache' from command line to 'False'
[0.386s] Level 5:colcon.colcon_core.verb:set package 'gantry' build argument 'cmake_clean_first' from command line to 'False'
[0.386s] Level 5:colcon.colcon_core.verb:set package 'gantry' build argument 'cmake_force_configure' from command line to 'False'
[0.386s] Level 5:colcon.colcon_core.verb:set package 'gantry' build argument 'ament_cmake_args' from command line to 'None'
[0.387s] Level 5:colcon.colcon_core.verb:set package 'gantry' build argument 'catkin_cmake_args' from command line to 'None'
[0.387s] Level 5:colcon.colcon_core.verb:set package 'gantry' build argument 'catkin_skip_building_tests' from command line to 'False'
[0.387s] DEBUG:colcon.colcon_core.verb:Building package 'gantry' with the following arguments: {'ament_cmake_args': None, 'build_base': '/home/ilyaes/Desktop/ros2project/moveit2_tuto/new_gantry_ws/build/gantry', 'catkin_cmake_args': None, 'catkin_skip_building_tests': False, 'cmake_args': None, 'cmake_clean_cache': False, 'cmake_clean_first': False, 'cmake_force_configure': False, 'cmake_target': None, 'cmake_target_skip_unavailable': False, 'install_base': '/home/ilyaes/Desktop/ros2project/moveit2_tuto/new_gantry_ws/install/gantry', 'merge_install': False, 'path': '/home/ilyaes/Desktop/ros2project/moveit2_tuto/new_gantry_ws/src/gantry', 'symlink_install': False, 'test_result_base': None}
[0.387s] Level 5:colcon.colcon_core.verb:set package 'gantry_control' build argument 'cmake_args' from command line to 'None'
[0.387s] Level 5:colcon.colcon_core.verb:set package 'gantry_control' build argument 'cmake_target' from command line to 'None'
[0.387s] Level 5:colcon.colcon_core.verb:set package 'gantry_control' build argument 'cmake_target_skip_unavailable' from command line to 'False'
[0.387s] Level 5:colcon.colcon_core.verb:set package 'gantry_control' build argument 'cmake_clean_cache' from command line to 'False'
[0.387s] Level 5:colcon.colcon_core.verb:set package 'gantry_control' build argument 'cmake_clean_first' from command line to 'False'
[0.387s] Level 5:colcon.colcon_core.verb:set package 'gantry_control' build argument 'cmake_force_configure' from command line to 'False'
[0.387s] Level 5:colcon.colcon_core.verb:set package 'gantry_control' build argument 'ament_cmake_args' from command line to 'None'
[0.387s] Level 5:colcon.colcon_core.verb:set package 'gantry_control' build argument 'catkin_cmake_args' from command line to 'None'
[0.387s] Level 5:colcon.colcon_core.verb:set package 'gantry_control' build argument 'catkin_skip_building_tests' from command line to 'False'
[0.387s] DEBUG:colcon.colcon_core.verb:Building package 'gantry_control' with the following arguments: {'ament_cmake_args': None, 'build_base': '/home/ilyaes/Desktop/ros2project/moveit2_tuto/new_gantry_ws/build/gantry_control', 'catkin_cmake_args': None, 'catkin_skip_building_tests': False, 'cmake_args': None, 'cmake_clean_cache': False, 'cmake_clean_first': False, 'cmake_force_configure': False, 'cmake_target': None, 'cmake_target_skip_unavailable': False, 'install_base': '/home/ilyaes/Desktop/ros2project/moveit2_tuto/new_gantry_ws/install/gantry_control', 'merge_install': False, 'path': '/home/ilyaes/Desktop/ros2project/moveit2_tuto/new_gantry_ws/src/gantry_control', 'symlink_install': False, 'test_result_base': None}
[0.388s] Level 5:colcon.colcon_core.verb:set package 'gantry_moveit_config_2' build argument 'cmake_args' from command line to 'None'
[0.388s] Level 5:colcon.colcon_core.verb:set package 'gantry_moveit_config_2' build argument 'cmake_target' from command line to 'None'
[0.388s] Level 5:colcon.colcon_core.verb:set package 'gantry_moveit_config_2' build argument 'cmake_target_skip_unavailable' from command line to 'False'
[0.388s] Level 5:colcon.colcon_core.verb:set package 'gantry_moveit_config_2' build argument 'cmake_clean_cache' from command line to 'False'
[0.388s] Level 5:colcon.colcon_core.verb:set package 'gantry_moveit_config_2' build argument 'cmake_clean_first' from command line to 'False'
[0.388s] Level 5:colcon.colcon_core.verb:set package 'gantry_moveit_config_2' build argument 'cmake_force_configure' from command line to 'False'
[0.388s] Level 5:colcon.colcon_core.verb:set package 'gantry_moveit_config_2' build argument 'ament_cmake_args' from command line to 'None'
[0.388s] Level 5:colcon.colcon_core.verb:set package 'gantry_moveit_config_2' build argument 'catkin_cmake_args' from command line to 'None'
[0.388s] Level 5:colcon.colcon_core.verb:set package 'gantry_moveit_config_2' build argument 'catkin_skip_building_tests' from command line to 'False'
[0.388s] DEBUG:colcon.colcon_core.verb:Building package 'gantry_moveit_config_2' with the following arguments: {'ament_cmake_args': None, 'build_base': '/home/ilyaes/Desktop/ros2project/moveit2_tuto/new_gantry_ws/build/gantry_moveit_config_2', 'catkin_cmake_args': None, 'catkin_skip_building_tests': False, 'cmake_args': None, 'cmake_clean_cache': False, 'cmake_clean_first': False, 'cmake_force_configure': False, 'cmake_target': None, 'cmake_target_skip_unavailable': False, 'install_base': '/home/ilyaes/Desktop/ros2project/moveit2_tuto/new_gantry_ws/install/gantry_moveit_config_2', 'merge_install': False, 'path': '/home/ilyaes/Desktop/ros2project/moveit2_tuto/new_gantry_ws/src/gantry_moveit_config_2', 'symlink_install': False, 'test_result_base': None}
[0.388s] INFO:colcon.colcon_core.executor:Executing jobs using 'parallel' executor
[0.389s] DEBUG:colcon.colcon_parallel_executor.executor.parallel:run_until_complete
[0.389s] INFO:colcon.colcon_ros.task.ament_cmake.build:Building ROS package in '/home/ilyaes/Desktop/ros2project/moveit2_tuto/new_gantry_ws/src/gantry' with build type 'ament_cmake'
[0.390s] INFO:colcon.colcon_cmake.task.cmake.build:Building CMake package in '/home/ilyaes/Desktop/ros2project/moveit2_tuto/new_gantry_ws/src/gantry'
[0.393s] INFO:colcon.colcon_core.plugin_system:Skipping extension 'colcon_core.shell.bat': Not used on non-Windows systems
[0.393s] INFO:colcon.colcon_core.shell:Skip shell extension 'powershell' for command environment: Not usable outside of PowerShell
[0.393s] DEBUG:colcon.colcon_core.shell:Skip shell extension 'dsv' for command environment
[0.398s] INFO:colcon.colcon_ros.task.ament_cmake.build:Building ROS package in '/home/ilyaes/Desktop/ros2project/moveit2_tuto/new_gantry_ws/src/gantry_control' with build type 'ament_cmake'
[0.398s] INFO:colcon.colcon_cmake.task.cmake.build:Building CMake package in '/home/ilyaes/Desktop/ros2project/moveit2_tuto/new_gantry_ws/src/gantry_control'
[0.398s] INFO:colcon.colcon_core.shell:Skip shell extension 'powershell' for command environment: Not usable outside of PowerShell
[0.398s] DEBUG:colcon.colcon_core.shell:Skip shell extension 'dsv' for command environment
[0.406s] DEBUG:colcon.colcon_core.event_handler.log_command:Invoking command in '/home/ilyaes/Desktop/ros2project/moveit2_tuto/new_gantry_ws/build/gantry': CMAKE_PREFIX_PATH=${CMAKE_PREFIX_PATH}:/opt/ros/jazzy DEBUGINFOD_URLS=https://debuginfod.ubuntu.com /usr/bin/cmake --build /home/ilyaes/Desktop/ros2project/moveit2_tuto/new_gantry_ws/build/gantry -- -j8 -l8
[0.411s] DEBUG:colcon.colcon_core.event_handler.log_command:Invoking command in '/home/ilyaes/Desktop/ros2project/moveit2_tuto/new_gantry_ws/build/gantry_control': CMAKE_PREFIX_PATH=${CMAKE_PREFIX_PATH}:/opt/ros/jazzy DEBUGINFOD_URLS=https://debuginfod.ubuntu.com /usr/bin/cmake --build /home/ilyaes/Desktop/ros2project/moveit2_tuto/new_gantry_ws/build/gantry_control -- -j8 -l8
[0.508s] DEBUG:colcon.colcon_core.event_handler.log_command:Invoked command in '/home/ilyaes/Desktop/ros2project/moveit2_tuto/new_gantry_ws/build/gantry_control' returned '0': CMAKE_PREFIX_PATH=${CMAKE_PREFIX_PATH}:/opt/ros/jazzy DEBUGINFOD_URLS=https://debuginfod.ubuntu.com /usr/bin/cmake --build /home/ilyaes/Desktop/ros2project/moveit2_tuto/new_gantry_ws/build/gantry_control -- -j8 -l8
[0.519s] DEBUG:colcon.colcon_core.event_handler.log_command:Invoking command in '/home/ilyaes/Desktop/ros2project/moveit2_tuto/new_gantry_ws/build/gantry_control': CMAKE_PREFIX_PATH=${CMAKE_PREFIX_PATH}:/opt/ros/jazzy DEBUGINFOD_URLS=https://debuginfod.ubuntu.com /usr/bin/cmake --install /home/ilyaes/Desktop/ros2project/moveit2_tuto/new_gantry_ws/build/gantry_control
[0.533s] Level 1:colcon.colcon_core.environment:create_environment_scripts_only(gantry_control)
[0.534s] DEBUG:colcon.colcon_core.event_handler.log_command:Invoked command in '/home/ilyaes/Desktop/ros2project/moveit2_tuto/new_gantry_ws/build/gantry_control' returned '0': CMAKE_PREFIX_PATH=${CMAKE_PREFIX_PATH}:/opt/ros/jazzy DEBUGINFOD_URLS=https://debuginfod.ubuntu.com /usr/bin/cmake --install /home/ilyaes/Desktop/ros2project/moveit2_tuto/new_gantry_ws/build/gantry_control
[0.537s] Level 1:colcon.colcon_core.environment:checking '/home/ilyaes/Desktop/ros2project/moveit2_tuto/new_gantry_ws/install/gantry_control' for CMake module files
[0.537s] Level 1:colcon.colcon_core.environment:checking '/home/ilyaes/Desktop/ros2project/moveit2_tuto/new_gantry_ws/install/gantry_control' for CMake config files
[0.538s] Level 1:colcon.colcon_core.shell:create_environment_hook('gantry_control', 'cmake_prefix_path')
[0.538s] INFO:colcon.colcon_core.shell:Creating environment hook '/home/ilyaes/Desktop/ros2project/moveit2_tuto/new_gantry_ws/install/gantry_control/share/gantry_control/hook/cmake_prefix_path.ps1'
[0.538s] INFO:colcon.colcon_core.shell:Creating environment descriptor '/home/ilyaes/Desktop/ros2project/moveit2_tuto/new_gantry_ws/install/gantry_control/share/gantry_control/hook/cmake_prefix_path.dsv'
[0.539s] INFO:colcon.colcon_core.shell:Creating environment hook '/home/ilyaes/Desktop/ros2project/moveit2_tuto/new_gantry_ws/install/gantry_control/share/gantry_control/hook/cmake_prefix_path.sh'
[0.539s] Level 1:colcon.colcon_core.environment:checking '/home/ilyaes/Desktop/ros2project/moveit2_tuto/new_gantry_ws/install/gantry_control/lib'
[0.540s] Level 1:colcon.colcon_core.environment:checking '/home/ilyaes/Desktop/ros2project/moveit2_tuto/new_gantry_ws/install/gantry_control/bin'
[0.540s] Level 1:colcon.colcon_core.environment:checking '/home/ilyaes/Desktop/ros2project/moveit2_tuto/new_gantry_ws/install/gantry_control/lib/pkgconfig/gantry_control.pc'
[0.540s] Level 1:colcon.colcon_core.environment:checking '/home/ilyaes/Desktop/ros2project/moveit2_tuto/new_gantry_ws/install/gantry_control/lib/python3.12/site-packages'
[0.540s] Level 1:colcon.colcon_core.environment:checking '/home/ilyaes/Desktop/ros2project/moveit2_tuto/new_gantry_ws/install/gantry_control/bin'
[0.540s] INFO:colcon.colcon_core.shell:Creating package script '/home/ilyaes/Desktop/ros2project/moveit2_tuto/new_gantry_ws/install/gantry_control/share/gantry_control/package.ps1'
[0.541s] INFO:colcon.colcon_core.shell:Creating package descriptor '/home/ilyaes/Desktop/ros2project/moveit2_tuto/new_gantry_ws/install/gantry_control/share/gantry_control/package.dsv'
[0.541s] INFO:colcon.colcon_core.shell:Creating package script '/home/ilyaes/Desktop/ros2project/moveit2_tuto/new_gantry_ws/install/gantry_control/share/gantry_control/package.sh'
[0.542s] INFO:colcon.colcon_core.shell:Creating package script '/home/ilyaes/Desktop/ros2project/moveit2_tuto/new_gantry_ws/install/gantry_control/share/gantry_control/package.bash'
[0.542s] INFO:colcon.colcon_core.shell:Creating package script '/home/ilyaes/Desktop/ros2project/moveit2_tuto/new_gantry_ws/install/gantry_control/share/gantry_control/package.zsh'
[0.543s] Level 1:colcon.colcon_core.environment:create_file_with_runtime_dependencies(/home/ilyaes/Desktop/ros2project/moveit2_tuto/new_gantry_ws/install/gantry_control/share/colcon-core/packages/gantry_control)
[0.544s] Level 1:colcon.colcon_core.environment:create_environment_scripts_only(gantry_control)
[0.544s] Level 1:colcon.colcon_core.environment:checking '/home/ilyaes/Desktop/ros2project/moveit2_tuto/new_gantry_ws/install/gantry_control' for CMake module files
[0.544s] Level 1:colcon.colcon_core.environment:checking '/home/ilyaes/Desktop/ros2project/moveit2_tuto/new_gantry_ws/install/gantry_control' for CMake config files
[0.544s] Level 1:colcon.colcon_core.shell:create_environment_hook('gantry_control', 'cmake_prefix_path')
[0.545s] INFO:colcon.colcon_core.shell:Creating environment hook '/home/ilyaes/Desktop/ros2project/moveit2_tuto/new_gantry_ws/install/gantry_control/share/gantry_control/hook/cmake_prefix_path.ps1'
[0.545s] INFO:colcon.colcon_core.shell:Creating environment descriptor '/home/ilyaes/Desktop/ros2project/moveit2_tuto/new_gantry_ws/install/gantry_control/share/gantry_control/hook/cmake_prefix_path.dsv'
[0.545s] INFO:colcon.colcon_core.shell:Creating environment hook '/home/ilyaes/Desktop/ros2project/moveit2_tuto/new_gantry_ws/install/gantry_control/share/gantry_control/hook/cmake_prefix_path.sh'
[0.546s] Level 1:colcon.colcon_core.environment:checking '/home/ilyaes/Desktop/ros2project/moveit2_tuto/new_gantry_ws/install/gantry_control/lib'
[0.546s] Level 1:colcon.colcon_core.environment:checking '/home/ilyaes/Desktop/ros2project/moveit2_tuto/new_gantry_ws/install/gantry_control/bin'
[0.546s] Level 1:colcon.colcon_core.environment:checking '/home/ilyaes/Desktop/ros2project/moveit2_tuto/new_gantry_ws/install/gantry_control/lib/pkgconfig/gantry_control.pc'
[0.546s] Level 1:colcon.colcon_core.environment:checking '/home/ilyaes/Desktop/ros2project/moveit2_tuto/new_gantry_ws/install/gantry_control/lib/python3.12/site-packages'
[0.547s] Level 1:colcon.colcon_core.environment:checking '/home/ilyaes/Desktop/ros2project/moveit2_tuto/new_gantry_ws/install/gantry_control/bin'
[0.547s] INFO:colcon.colcon_core.shell:Creating package script '/home/ilyaes/Desktop/ros2project/moveit2_tuto/new_gantry_ws/install/gantry_control/share/gantry_control/package.ps1'
[0.547s] INFO:colcon.colcon_core.shell:Creating package descriptor '/home/ilyaes/Desktop/ros2project/moveit2_tuto/new_gantry_ws/install/gantry_control/share/gantry_control/package.dsv'
[0.548s] INFO:colcon.colcon_core.shell:Creating package script '/home/ilyaes/Desktop/ros2project/moveit2_tuto/new_gantry_ws/install/gantry_control/share/gantry_control/package.sh'
[0.548s] INFO:colcon.colcon_core.shell:Creating package script '/home/ilyaes/Desktop/ros2project/moveit2_tuto/new_gantry_ws/install/gantry_control/share/gantry_control/package.bash'
[0.548s] INFO:colcon.colcon_core.shell:Creating package script '/home/ilyaes/Desktop/ros2project/moveit2_tuto/new_gantry_ws/install/gantry_control/share/gantry_control/package.zsh'
[0.549s] Level 1:colcon.colcon_core.environment:create_file_with_runtime_dependencies(/home/ilyaes/Desktop/ros2project/moveit2_tuto/new_gantry_ws/install/gantry_control/share/colcon-core/packages/gantry_control)
[0.989s] DEBUG:colcon.colcon_core.event_handler.log_command:Invoked command in '/home/ilyaes/Desktop/ros2project/moveit2_tuto/new_gantry_ws/build/gantry' returned '0': CMAKE_PREFIX_PATH=${CMAKE_PREFIX_PATH}:/opt/ros/jazzy DEBUGINFOD_URLS=https://debuginfod.ubuntu.com /usr/bin/cmake --build /home/ilyaes/Desktop/ros2project/moveit2_tuto/new_gantry_ws/build/gantry -- -j8 -l8
[0.991s] DEBUG:colcon.colcon_core.event_handler.log_command:Invoking command in '/home/ilyaes/Desktop/ros2project/moveit2_tuto/new_gantry_ws/build/gantry': CMAKE_PREFIX_PATH=${CMAKE_PREFIX_PATH}:/opt/ros/jazzy DEBUGINFOD_URLS=https://debuginfod.ubuntu.com /usr/bin/cmake --install /home/ilyaes/Desktop/ros2project/moveit2_tuto/new_gantry_ws/build/gantry
[1.044s] Level 1:colcon.colcon_core.environment:create_environment_scripts_only(gantry)
[1.044s] Level 1:colcon.colcon_core.environment:checking '/home/ilyaes/Desktop/ros2project/moveit2_tuto/new_gantry_ws/install/gantry' for CMake module files
[1.045s] Level 1:colcon.colcon_core.environment:checking '/home/ilyaes/Desktop/ros2project/moveit2_tuto/new_gantry_ws/install/gantry' for CMake config files
[1.046s] DEBUG:colcon.colcon_core.event_handler.log_command:Invoked command in '/home/ilyaes/Desktop/ros2project/moveit2_tuto/new_gantry_ws/build/gantry' returned '0': CMAKE_PREFIX_PATH=${CMAKE_PREFIX_PATH}:/opt/ros/jazzy DEBUGINFOD_URLS=https://debuginfod.ubuntu.com /usr/bin/cmake --install /home/ilyaes/Desktop/ros2project/moveit2_tuto/new_gantry_ws/build/gantry
[1.047s] Level 1:colcon.colcon_core.shell:create_environment_hook('gantry', 'cmake_prefix_path')
[1.047s] INFO:colcon.colcon_core.shell:Creating environment hook '/home/ilyaes/Desktop/ros2project/moveit2_tuto/new_gantry_ws/install/gantry/share/gantry/hook/cmake_prefix_path.ps1'
[1.048s] INFO:colcon.colcon_core.shell:Creating environment descriptor '/home/ilyaes/Desktop/ros2project/moveit2_tuto/new_gantry_ws/install/gantry/share/gantry/hook/cmake_prefix_path.dsv'
[1.048s] INFO:colcon.colcon_core.shell:Creating environment hook '/home/ilyaes/Desktop/ros2project/moveit2_tuto/new_gantry_ws/install/gantry/share/gantry/hook/cmake_prefix_path.sh'
[1.049s] Level 1:colcon.colcon_core.environment:checking '/home/ilyaes/Desktop/ros2project/moveit2_tuto/new_gantry_ws/install/gantry/lib'
[1.049s] Level 1:colcon.colcon_core.environment:checking '/home/ilyaes/Desktop/ros2project/moveit2_tuto/new_gantry_ws/install/gantry/bin'
[1.049s] Level 1:colcon.colcon_core.environment:checking '/home/ilyaes/Desktop/ros2project/moveit2_tuto/new_gantry_ws/install/gantry/lib/pkgconfig/gantry.pc'
[1.049s] Level 1:colcon.colcon_core.environment:checking '/home/ilyaes/Desktop/ros2project/moveit2_tuto/new_gantry_ws/install/gantry/lib/python3.12/site-packages'
[1.049s] Level 1:colcon.colcon_core.shell:create_environment_hook('gantry', 'pythonpath')
[1.050s] INFO:colcon.colcon_core.shell:Creating environment hook '/home/ilyaes/Desktop/ros2project/moveit2_tuto/new_gantry_ws/install/gantry/share/gantry/hook/pythonpath.ps1'
[1.050s] INFO:colcon.colcon_core.shell:Creating environment descriptor '/home/ilyaes/Desktop/ros2project/moveit2_tuto/new_gantry_ws/install/gantry/share/gantry/hook/pythonpath.dsv'
[1.051s] INFO:colcon.colcon_core.shell:Creating environment hook '/home/ilyaes/Desktop/ros2project/moveit2_tuto/new_gantry_ws/install/gantry/share/gantry/hook/pythonpath.sh'
[1.052s] Level 1:colcon.colcon_core.environment:checking '/home/ilyaes/Desktop/ros2project/moveit2_tuto/new_gantry_ws/install/gantry/bin'
[1.052s] INFO:colcon.colcon_core.shell:Creating package script '/home/ilyaes/Desktop/ros2project/moveit2_tuto/new_gantry_ws/install/gantry/share/gantry/package.ps1'
[1.052s] INFO:colcon.colcon_core.shell:Creating package descriptor '/home/ilyaes/Desktop/ros2project/moveit2_tuto/new_gantry_ws/install/gantry/share/gantry/package.dsv'
[1.053s] INFO:colcon.colcon_core.shell:Creating package script '/home/ilyaes/Desktop/ros2project/moveit2_tuto/new_gantry_ws/install/gantry/share/gantry/package.sh'
[1.053s] INFO:colcon.colcon_core.shell:Creating package script '/home/ilyaes/Desktop/ros2project/moveit2_tuto/new_gantry_ws/install/gantry/share/gantry/package.bash'
[1.054s] INFO:colcon.colcon_core.shell:Creating package script '/home/ilyaes/Desktop/ros2project/moveit2_tuto/new_gantry_ws/install/gantry/share/gantry/package.zsh'
[1.054s] Level 1:colcon.colcon_core.environment:create_file_with_runtime_dependencies(/home/ilyaes/Desktop/ros2project/moveit2_tuto/new_gantry_ws/install/gantry/share/colcon-core/packages/gantry)
[1.054s] Level 1:colcon.colcon_core.environment:create_environment_scripts_only(gantry)
[1.054s] Level 1:colcon.colcon_core.environment:checking '/home/ilyaes/Desktop/ros2project/moveit2_tuto/new_gantry_ws/install/gantry' for CMake module files
[1.055s] Level 1:colcon.colcon_core.environment:checking '/home/ilyaes/Desktop/ros2project/moveit2_tuto/new_gantry_ws/install/gantry' for CMake config files
[1.055s] Level 1:colcon.colcon_core.shell:create_environment_hook('gantry', 'cmake_prefix_path')
[1.055s] INFO:colcon.colcon_core.shell:Creating environment hook '/home/ilyaes/Desktop/ros2project/moveit2_tuto/new_gantry_ws/install/gantry/share/gantry/hook/cmake_prefix_path.ps1'
[1.056s] INFO:colcon.colcon_core.shell:Creating environment descriptor '/home/ilyaes/Desktop/ros2project/moveit2_tuto/new_gantry_ws/install/gantry/share/gantry/hook/cmake_prefix_path.dsv'
[1.056s] INFO:colcon.colcon_core.shell:Creating environment hook '/home/ilyaes/Desktop/ros2project/moveit2_tuto/new_gantry_ws/install/gantry/share/gantry/hook/cmake_prefix_path.sh'
[1.056s] Level 1:colcon.colcon_core.environment:checking '/home/ilyaes/Desktop/ros2project/moveit2_tuto/new_gantry_ws/install/gantry/lib'
[1.056s] Level 1:colcon.colcon_core.environment:checking '/home/ilyaes/Desktop/ros2project/moveit2_tuto/new_gantry_ws/install/gantry/bin'
[1.057s] Level 1:colcon.colcon_core.environment:checking '/home/ilyaes/Desktop/ros2project/moveit2_tuto/new_gantry_ws/install/gantry/lib/pkgconfig/gantry.pc'
[1.057s] Level 1:colcon.colcon_core.environment:checking '/home/ilyaes/Desktop/ros2project/moveit2_tuto/new_gantry_ws/install/gantry/lib/python3.12/site-packages'
[1.057s] Level 1:colcon.colcon_core.shell:create_environment_hook('gantry', 'pythonpath')
[1.057s] INFO:colcon.colcon_core.shell:Creating environment hook '/home/ilyaes/Desktop/ros2project/moveit2_tuto/new_gantry_ws/install/gantry/share/gantry/hook/pythonpath.ps1'
[1.057s] INFO:colcon.colcon_core.shell:Creating environment descriptor '/home/ilyaes/Desktop/ros2project/moveit2_tuto/new_gantry_ws/install/gantry/share/gantry/hook/pythonpath.dsv'
[1.058s] INFO:colcon.colcon_core.shell:Creating environment hook '/home/ilyaes/Desktop/ros2project/moveit2_tuto/new_gantry_ws/install/gantry/share/gantry/hook/pythonpath.sh'
[1.058s] Level 1:colcon.colcon_core.environment:checking '/home/ilyaes/Desktop/ros2project/moveit2_tuto/new_gantry_ws/install/gantry/bin'
[1.058s] INFO:colcon.colcon_core.shell:Creating package script '/home/ilyaes/Desktop/ros2project/moveit2_tuto/new_gantry_ws/install/gantry/share/gantry/package.ps1'
[1.059s] INFO:colcon.colcon_core.shell:Creating package descriptor '/home/ilyaes/Desktop/ros2project/moveit2_tuto/new_gantry_ws/install/gantry/share/gantry/package.dsv'
[1.059s] INFO:colcon.colcon_core.shell:Creating package script '/home/ilyaes/Desktop/ros2project/moveit2_tuto/new_gantry_ws/install/gantry/share/gantry/package.sh'
[1.060s] INFO:colcon.colcon_core.shell:Creating package script '/home/ilyaes/Desktop/ros2project/moveit2_tuto/new_gantry_ws/install/gantry/share/gantry/package.bash'
[1.060s] INFO:colcon.colcon_core.shell:Creating package script '/home/ilyaes/Desktop/ros2project/moveit2_tuto/new_gantry_ws/install/gantry/share/gantry/package.zsh'
[1.060s] Level 1:colcon.colcon_core.environment:create_file_with_runtime_dependencies(/home/ilyaes/Desktop/ros2project/moveit2_tuto/new_gantry_ws/install/gantry/share/colcon-core/packages/gantry)
[1.061s] INFO:colcon.colcon_ros.task.ament_cmake.build:Building ROS package in '/home/ilyaes/Desktop/ros2project/moveit2_tuto/new_gantry_ws/src/gantry_moveit_config_2' with build type 'ament_cmake'
[1.061s] INFO:colcon.colcon_cmake.task.cmake.build:Building CMake package in '/home/ilyaes/Desktop/ros2project/moveit2_tuto/new_gantry_ws/src/gantry_moveit_config_2'
[1.061s] INFO:colcon.colcon_core.shell:Skip shell extension 'powershell' for command environment: Not usable outside of PowerShell
[1.061s] DEBUG:colcon.colcon_core.shell:Skip shell extension 'dsv' for command environment
[1.072s] DEBUG:colcon.colcon_core.event_handler.log_command:Invoking command in '/home/ilyaes/Desktop/ros2project/moveit2_tuto/new_gantry_ws/build/gantry_moveit_config_2': CMAKE_PREFIX_PATH=/home/ilyaes/Desktop/ros2project/moveit2_tuto/new_gantry_ws/install/gantry:/home/ilyaes/Desktop/ros2project/moveit2_tuto/new_gantry_ws/install/gantry_moveit_config_2:/home/ilyaes/Desktop/ros2project/moveit2_tuto/new_gantry_ws/install/gantry_control:/opt/ros/jazzy/opt/gz_sim_vendor:/opt/ros/jazzy/opt/gz_sensors_vendor:/opt/ros/jazzy/opt/gz_physics_vendor:/opt/ros/jazzy/opt/sdformat_vendor:/opt/ros/jazzy/opt/gz_gui_vendor:/opt/ros/jazzy/opt/gz_transport_vendor:/opt/ros/jazzy/opt/gz_rendering_vendor:/opt/ros/jazzy/opt/gz_plugin_vendor:/opt/ros/jazzy/opt/gz_fuel_tools_vendor:/opt/ros/jazzy/opt/gz_msgs_vendor:/opt/ros/jazzy/opt/gz_common_vendor:/opt/ros/jazzy/opt/gz_math_vendor:/opt/ros/jazzy/opt/gz_utils_vendor:/opt/ros/jazzy/opt/gz_tools_vendor:/opt/ros/jazzy/opt/gz_ogre_next_vendor:/opt/ros/jazzy/opt/gz_dartsim_vendor:/opt/ros/jazzy/opt/gz_cmake_vendor:/opt/ros/jazzy DEBUGINFOD_URLS=https://debuginfod.ubuntu.com /usr/bin/cmake --build /home/ilyaes/Desktop/ros2project/moveit2_tuto/new_gantry_ws/build/gantry_moveit_config_2 -- -j8 -l8
[1.116s] DEBUG:colcon.colcon_core.event_handler.log_command:Invoked command in '/home/ilyaes/Desktop/ros2project/moveit2_tuto/new_gantry_ws/build/gantry_moveit_config_2' returned '0': CMAKE_PREFIX_PATH=/home/ilyaes/Desktop/ros2project/moveit2_tuto/new_gantry_ws/install/gantry:/home/ilyaes/Desktop/ros2project/moveit2_tuto/new_gantry_ws/install/gantry_moveit_config_2:/home/ilyaes/Desktop/ros2project/moveit2_tuto/new_gantry_ws/install/gantry_control:/opt/ros/jazzy/opt/gz_sim_vendor:/opt/ros/jazzy/opt/gz_sensors_vendor:/opt/ros/jazzy/opt/gz_physics_vendor:/opt/ros/jazzy/opt/sdformat_vendor:/opt/ros/jazzy/opt/gz_gui_vendor:/opt/ros/jazzy/opt/gz_transport_vendor:/opt/ros/jazzy/opt/gz_rendering_vendor:/opt/ros/jazzy/opt/gz_plugin_vendor:/opt/ros/jazzy/opt/gz_fuel_tools_vendor:/opt/ros/jazzy/opt/gz_msgs_vendor:/opt/ros/jazzy/opt/gz_common_vendor:/opt/ros/jazzy/opt/gz_math_vendor:/opt/ros/jazzy/opt/gz_utils_vendor:/opt/ros/jazzy/opt/gz_tools_vendor:/opt/ros/jazzy/opt/gz_ogre_next_vendor:/opt/ros/jazzy/opt/gz_dartsim_vendor:/opt/ros/jazzy/opt/gz_cmake_vendor:/opt/ros/jazzy DEBUGINFOD_URLS=https://debuginfod.ubuntu.com /usr/bin/cmake --build /home/ilyaes/Desktop/ros2project/moveit2_tuto/new_gantry_ws/build/gantry_moveit_config_2 -- -j8 -l8
[1.117s] DEBUG:colcon.colcon_core.event_handler.log_command:Invoking command in '/home/ilyaes/Desktop/ros2project/moveit2_tuto/new_gantry_ws/build/gantry_moveit_config_2': CMAKE_PREFIX_PATH=/home/ilyaes/Desktop/ros2project/moveit2_tuto/new_gantry_ws/install/gantry:/home/ilyaes/Desktop/ros2project/moveit2_tuto/new_gantry_ws/install/gantry_moveit_config_2:/home/ilyaes/Desktop/ros2project/moveit2_tuto/new_gantry_ws/install/gantry_control:/opt/ros/jazzy/opt/gz_sim_vendor:/opt/ros/jazzy/opt/gz_sensors_vendor:/opt/ros/jazzy/opt/gz_physics_vendor:/opt/ros/jazzy/opt/sdformat_vendor:/opt/ros/jazzy/opt/gz_gui_vendor:/opt/ros/jazzy/opt/gz_transport_vendor:/opt/ros/jazzy/opt/gz_rendering_vendor:/opt/ros/jazzy/opt/gz_plugin_vendor:/opt/ros/jazzy/opt/gz_fuel_tools_vendor:/opt/ros/jazzy/opt/gz_msgs_vendor:/opt/ros/jazzy/opt/gz_common_vendor:/opt/ros/jazzy/opt/gz_math_vendor:/opt/ros/jazzy/opt/gz_utils_vendor:/opt/ros/jazzy/opt/gz_tools_vendor:/opt/ros/jazzy/opt/gz_ogre_next_vendor:/opt/ros/jazzy/opt/gz_dartsim_vendor:/opt/ros/jazzy/opt/gz_cmake_vendor:/opt/ros/jazzy DEBUGINFOD_URLS=https://debuginfod.ubuntu.com /usr/bin/cmake --install /home/ilyaes/Desktop/ros2project/moveit2_tuto/new_gantry_ws/build/gantry_moveit_config_2
[1.129s] Level 1:colcon.colcon_core.environment:create_environment_scripts_only(gantry_moveit_config_2)
[1.130s] Level 1:colcon.colcon_core.environment:checking '/home/ilyaes/Desktop/ros2project/moveit2_tuto/new_gantry_ws/install/gantry_moveit_config_2' for CMake module files
[1.131s] Level 1:colcon.colcon_core.environment:checking '/home/ilyaes/Desktop/ros2project/moveit2_tuto/new_gantry_ws/install/gantry_moveit_config_2' for CMake config files
[1.133s] DEBUG:colcon.colcon_core.event_handler.log_command:Invoked command in '/home/ilyaes/Desktop/ros2project/moveit2_tuto/new_gantry_ws/build/gantry_moveit_config_2' returned '0': CMAKE_PREFIX_PATH=/home/ilyaes/Desktop/ros2project/moveit2_tuto/new_gantry_ws/install/gantry:/home/ilyaes/Desktop/ros2project/moveit2_tuto/new_gantry_ws/install/gantry_moveit_config_2:/home/ilyaes/Desktop/ros2project/moveit2_tuto/new_gantry_ws/install/gantry_control:/opt/ros/jazzy/opt/gz_sim_vendor:/opt/ros/jazzy/opt/gz_sensors_vendor:/opt/ros/jazzy/opt/gz_physics_vendor:/opt/ros/jazzy/opt/sdformat_vendor:/opt/ros/jazzy/opt/gz_gui_vendor:/opt/ros/jazzy/opt/gz_transport_vendor:/opt/ros/jazzy/opt/gz_rendering_vendor:/opt/ros/jazzy/opt/gz_plugin_vendor:/opt/ros/jazzy/opt/gz_fuel_tools_vendor:/opt/ros/jazzy/opt/gz_msgs_vendor:/opt/ros/jazzy/opt/gz_common_vendor:/opt/ros/jazzy/opt/gz_math_vendor:/opt/ros/jazzy/opt/gz_utils_vendor:/opt/ros/jazzy/opt/gz_tools_vendor:/opt/ros/jazzy/opt/gz_ogre_next_vendor:/opt/ros/jazzy/opt/gz_dartsim_vendor:/opt/ros/jazzy/opt/gz_cmake_vendor:/opt/ros/jazzy DEBUGINFOD_URLS=https://debuginfod.ubuntu.com /usr/bin/cmake --install /home/ilyaes/Desktop/ros2project/moveit2_tuto/new_gantry_ws/build/gantry_moveit_config_2
[1.133s] Level 1:colcon.colcon_core.shell:create_environment_hook('gantry_moveit_config_2', 'cmake_prefix_path')
[1.133s] INFO:colcon.colcon_core.shell:Creating environment hook '/home/ilyaes/Desktop/ros2project/moveit2_tuto/new_gantry_ws/install/gantry_moveit_config_2/share/gantry_moveit_config_2/hook/cmake_prefix_path.ps1'
[1.134s] INFO:colcon.colcon_core.shell:Creating environment descriptor '/home/ilyaes/Desktop/ros2project/moveit2_tuto/new_gantry_ws/install/gantry_moveit_config_2/share/gantry_moveit_config_2/hook/cmake_prefix_path.dsv'
[1.134s] INFO:colcon.colcon_core.shell:Creating environment hook '/home/ilyaes/Desktop/ros2project/moveit2_tuto/new_gantry_ws/install/gantry_moveit_config_2/share/gantry_moveit_config_2/hook/cmake_prefix_path.sh'
[1.134s] Level 1:colcon.colcon_core.environment:checking '/home/ilyaes/Desktop/ros2project/moveit2_tuto/new_gantry_ws/install/gantry_moveit_config_2/bin'
[1.135s] Level 1:colcon.colcon_core.environment:checking '/home/ilyaes/Desktop/ros2project/moveit2_tuto/new_gantry_ws/install/gantry_moveit_config_2/lib/pkgconfig/gantry_moveit_config_2.pc'
[1.135s] Level 1:colcon.colcon_core.environment:checking '/home/ilyaes/Desktop/ros2project/moveit2_tuto/new_gantry_ws/install/gantry_moveit_config_2/lib/python3.12/site-packages'
[1.135s] Level 1:colcon.colcon_core.environment:checking '/home/ilyaes/Desktop/ros2project/moveit2_tuto/new_gantry_ws/install/gantry_moveit_config_2/bin'
[1.135s] INFO:colcon.colcon_core.shell:Creating package script '/home/ilyaes/Desktop/ros2project/moveit2_tuto/new_gantry_ws/install/gantry_moveit_config_2/share/gantry_moveit_config_2/package.ps1'
[1.136s] INFO:colcon.colcon_core.shell:Creating package descriptor '/home/ilyaes/Desktop/ros2project/moveit2_tuto/new_gantry_ws/install/gantry_moveit_config_2/share/gantry_moveit_config_2/package.dsv'
[1.136s] INFO:colcon.colcon_core.shell:Creating package script '/home/ilyaes/Desktop/ros2project/moveit2_tuto/new_gantry_ws/install/gantry_moveit_config_2/share/gantry_moveit_config_2/package.sh'
[1.136s] INFO:colcon.colcon_core.shell:Creating package script '/home/ilyaes/Desktop/ros2project/moveit2_tuto/new_gantry_ws/install/gantry_moveit_config_2/share/gantry_moveit_config_2/package.bash'
[1.137s] INFO:colcon.colcon_core.shell:Creating package script '/home/ilyaes/Desktop/ros2project/moveit2_tuto/new_gantry_ws/install/gantry_moveit_config_2/share/gantry_moveit_config_2/package.zsh'
[1.137s] Level 1:colcon.colcon_core.environment:create_file_with_runtime_dependencies(/home/ilyaes/Desktop/ros2project/moveit2_tuto/new_gantry_ws/install/gantry_moveit_config_2/share/colcon-core/packages/gantry_moveit_config_2)
[1.137s] Level 1:colcon.colcon_core.environment:create_environment_scripts_only(gantry_moveit_config_2)
[1.138s] Level 1:colcon.colcon_core.environment:checking '/home/ilyaes/Desktop/ros2project/moveit2_tuto/new_gantry_ws/install/gantry_moveit_config_2' for CMake module files
[1.138s] Level 1:colcon.colcon_core.environment:checking '/home/ilyaes/Desktop/ros2project/moveit2_tuto/new_gantry_ws/install/gantry_moveit_config_2' for CMake config files
[1.138s] Level 1:colcon.colcon_core.shell:create_environment_hook('gantry_moveit_config_2', 'cmake_prefix_path')
[1.138s] INFO:colcon.colcon_core.shell:Creating environment hook '/home/ilyaes/Desktop/ros2project/moveit2_tuto/new_gantry_ws/install/gantry_moveit_config_2/share/gantry_moveit_config_2/hook/cmake_prefix_path.ps1'
[1.139s] INFO:colcon.colcon_core.shell:Creating environment descriptor '/home/ilyaes/Desktop/ros2project/moveit2_tuto/new_gantry_ws/install/gantry_moveit_config_2/share/gantry_moveit_config_2/hook/cmake_prefix_path.dsv'
[1.139s] INFO:colcon.colcon_core.shell:Creating environment hook '/home/ilyaes/Desktop/ros2project/moveit2_tuto/new_gantry_ws/install/gantry_moveit_config_2/share/gantry_moveit_config_2/hook/cmake_prefix_path.sh'
[1.140s] Level 1:colcon.colcon_core.environment:checking '/home/ilyaes/Desktop/ros2project/moveit2_tuto/new_gantry_ws/install/gantry_moveit_config_2/bin'
[1.140s] Level 1:colcon.colcon_core.environment:checking '/home/ilyaes/Desktop/ros2project/moveit2_tuto/new_gantry_ws/install/gantry_moveit_config_2/lib/pkgconfig/gantry_moveit_config_2.pc'
[1.140s] Level 1:colcon.colcon_core.environment:checking '/home/ilyaes/Desktop/ros2project/moveit2_tuto/new_gantry_ws/install/gantry_moveit_config_2/lib/python3.12/site-packages'
[1.140s] Level 1:colcon.colcon_core.environment:checking '/home/ilyaes/Desktop/ros2project/moveit2_tuto/new_gantry_ws/install/gantry_moveit_config_2/bin'
[1.140s] INFO:colcon.colcon_core.shell:Creating package script '/home/ilyaes/Desktop/ros2project/moveit2_tuto/new_gantry_ws/install/gantry_moveit_config_2/share/gantry_moveit_config_2/package.ps1'
[1.141s] INFO:colcon.colcon_core.shell:Creating package descriptor '/home/ilyaes/Desktop/ros2project/moveit2_tuto/new_gantry_ws/install/gantry_moveit_config_2/share/gantry_moveit_config_2/package.dsv'
[1.141s] INFO:colcon.colcon_core.shell:Creating package script '/home/ilyaes/Desktop/ros2project/moveit2_tuto/new_gantry_ws/install/gantry_moveit_config_2/share/gantry_moveit_config_2/package.sh'
[1.142s] INFO:colcon.colcon_core.shell:Creating package script '/home/ilyaes/Desktop/ros2project/moveit2_tuto/new_gantry_ws/install/gantry_moveit_config_2/share/gantry_moveit_config_2/package.bash'
[1.142s] INFO:colcon.colcon_core.shell:Creating package script '/home/ilyaes/Desktop/ros2project/moveit2_tuto/new_gantry_ws/install/gantry_moveit_config_2/share/gantry_moveit_config_2/package.zsh'
[1.142s] Level 1:colcon.colcon_core.environment:create_file_with_runtime_dependencies(/home/ilyaes/Desktop/ros2project/moveit2_tuto/new_gantry_ws/install/gantry_moveit_config_2/share/colcon-core/packages/gantry_moveit_config_2)
[1.142s] DEBUG:colcon.colcon_parallel_executor.executor.parallel:closing loop
[1.143s] DEBUG:colcon.colcon_parallel_executor.executor.parallel:loop closed
[1.143s] DEBUG:colcon.colcon_parallel_executor.executor.parallel:run_until_complete finished with '0'
[1.143s] DEBUG:colcon.colcon_core.event_reactor:joining thread
[1.167s] INFO:colcon.colcon_core.plugin_system:Skipping extension 'colcon_notification.desktop_notification.terminal_notifier': Not used on non-Darwin systems
[1.167s] INFO:colcon.colcon_core.plugin_system:Skipping extension 'colcon_notification.desktop_notification.win32': Not used on non-Windows systems
[1.167s] INFO:colcon.colcon_notification.desktop_notification:Sending desktop notification using 'notify2'
[1.179s] DEBUG:colcon.colcon_core.event_reactor:joined thread
[1.180s] INFO:colcon.colcon_core.shell:Creating prefix script '/home/ilyaes/Desktop/ros2project/moveit2_tuto/new_gantry_ws/install/local_setup.ps1'
[1.181s] INFO:colcon.colcon_core.shell:Creating prefix util module '/home/ilyaes/Desktop/ros2project/moveit2_tuto/new_gantry_ws/install/_local_setup_util_ps1.py'
[1.183s] INFO:colcon.colcon_core.shell:Creating prefix chain script '/home/ilyaes/Desktop/ros2project/moveit2_tuto/new_gantry_ws/install/setup.ps1'
[1.184s] INFO:colcon.colcon_core.shell:Creating prefix script '/home/ilyaes/Desktop/ros2project/moveit2_tuto/new_gantry_ws/install/local_setup.sh'
[1.185s] INFO:colcon.colcon_core.shell:Creating prefix util module '/home/ilyaes/Desktop/ros2project/moveit2_tuto/new_gantry_ws/install/_local_setup_util_sh.py'
[1.186s] INFO:colcon.colcon_core.shell:Creating prefix chain script '/home/ilyaes/Desktop/ros2project/moveit2_tuto/new_gantry_ws/install/setup.sh'
[1.187s] INFO:colcon.colcon_core.shell:Creating prefix script '/home/ilyaes/Desktop/ros2project/moveit2_tuto/new_gantry_ws/install/local_setup.bash'
[1.187s] INFO:colcon.colcon_core.shell:Creating prefix chain script '/home/ilyaes/Desktop/ros2project/moveit2_tuto/new_gantry_ws/install/setup.bash'
[1.188s] INFO:colcon.colcon_core.shell:Creating prefix script '/home/ilyaes/Desktop/ros2project/moveit2_tuto/new_gantry_ws/install/local_setup.zsh'
[1.189s] INFO:colcon.colcon_core.shell:Creating prefix chain script '/home/ilyaes/Desktop/ros2project/moveit2_tuto/new_gantry_ws/install/setup.zsh'
