[0.010s] Invoking command in '/home/ilyaes/Desktop/ros2project/moveit2_tuto/ros2_gantry_ws/build/gantry_moveit_config': AMENT_PREFIX_PATH=/home/ilyaes/Desktop/ros2project/moveit2_tuto/ros2_gantry_ws/install/gantry:${AMENT_PREFIX_PATH} CMAKE_PREFIX_PATH=/home/ilyaes/Desktop/ros2project/moveit2_tuto/ros2_gantry_ws/install/gantry:/opt/ros/jazzy/opt/gz_sim_vendor:/opt/ros/jazzy/opt/gz_sensors_vendor:/opt/ros/jazzy/opt/gz_physics_vendor:/opt/ros/jazzy/opt/sdformat_vendor:/opt/ros/jazzy/opt/gz_gui_vendor:/opt/ros/jazzy/opt/gz_transport_vendor:/opt/ros/jazzy/opt/gz_rendering_vendor:/opt/ros/jazzy/opt/gz_plugin_vendor:/opt/ros/jazzy/opt/gz_fuel_tools_vendor:/opt/ros/jazzy/opt/gz_msgs_vendor:/opt/ros/jazzy/opt/gz_common_vendor:/opt/ros/jazzy/opt/gz_math_vendor:/opt/ros/jazzy/opt/gz_utils_vendor:/opt/ros/jazzy/opt/gz_tools_vendor:/opt/ros/jazzy/opt/gz_ogre_next_vendor:/opt/ros/jazzy/opt/gz_dartsim_vendor:/opt/ros/jazzy/opt/gz_cmake_vendor:/opt/ros/jazzy DEBUGINFOD_URLS=https://debuginfod.ubuntu.com PYTHONPATH=/home/ilyaes/Desktop/ros2project/moveit2_tuto/ros2_gantry_ws/install/gantry/lib/python3.12/site-packages:${PYTHONPATH} /usr/bin/cmake --build /home/ilyaes/Desktop/ros2project/moveit2_tuto/ros2_gantry_ws/build/gantry_moveit_config -- -j8 -l8
[0.051s] Invoked command in '/home/ilyaes/Desktop/ros2project/moveit2_tuto/ros2_gantry_ws/build/gantry_moveit_config' returned '0': AMENT_PREFIX_PATH=/home/ilyaes/Desktop/ros2project/moveit2_tuto/ros2_gantry_ws/install/gantry:${AMENT_PREFIX_PATH} CMAKE_PREFIX_PATH=/home/ilyaes/Desktop/ros2project/moveit2_tuto/ros2_gantry_ws/install/gantry:/opt/ros/jazzy/opt/gz_sim_vendor:/opt/ros/jazzy/opt/gz_sensors_vendor:/opt/ros/jazzy/opt/gz_physics_vendor:/opt/ros/jazzy/opt/sdformat_vendor:/opt/ros/jazzy/opt/gz_gui_vendor:/opt/ros/jazzy/opt/gz_transport_vendor:/opt/ros/jazzy/opt/gz_rendering_vendor:/opt/ros/jazzy/opt/gz_plugin_vendor:/opt/ros/jazzy/opt/gz_fuel_tools_vendor:/opt/ros/jazzy/opt/gz_msgs_vendor:/opt/ros/jazzy/opt/gz_common_vendor:/opt/ros/jazzy/opt/gz_math_vendor:/opt/ros/jazzy/opt/gz_utils_vendor:/opt/ros/jazzy/opt/gz_tools_vendor:/opt/ros/jazzy/opt/gz_ogre_next_vendor:/opt/ros/jazzy/opt/gz_dartsim_vendor:/opt/ros/jazzy/opt/gz_cmake_vendor:/opt/ros/jazzy DEBUGINFOD_URLS=https://debuginfod.ubuntu.com PYTHONPATH=/home/ilyaes/Desktop/ros2project/moveit2_tuto/ros2_gantry_ws/install/gantry/lib/python3.12/site-packages:${PYTHONPATH} /usr/bin/cmake --build /home/ilyaes/Desktop/ros2project/moveit2_tuto/ros2_gantry_ws/build/gantry_moveit_config -- -j8 -l8
[0.052s] Invoking command in '/home/ilyaes/Desktop/ros2project/moveit2_tuto/ros2_gantry_ws/build/gantry_moveit_config': AMENT_PREFIX_PATH=/home/ilyaes/Desktop/ros2project/moveit2_tuto/ros2_gantry_ws/install/gantry:${AMENT_PREFIX_PATH} CMAKE_PREFIX_PATH=/home/ilyaes/Desktop/ros2project/moveit2_tuto/ros2_gantry_ws/install/gantry:/opt/ros/jazzy/opt/gz_sim_vendor:/opt/ros/jazzy/opt/gz_sensors_vendor:/opt/ros/jazzy/opt/gz_physics_vendor:/opt/ros/jazzy/opt/sdformat_vendor:/opt/ros/jazzy/opt/gz_gui_vendor:/opt/ros/jazzy/opt/gz_transport_vendor:/opt/ros/jazzy/opt/gz_rendering_vendor:/opt/ros/jazzy/opt/gz_plugin_vendor:/opt/ros/jazzy/opt/gz_fuel_tools_vendor:/opt/ros/jazzy/opt/gz_msgs_vendor:/opt/ros/jazzy/opt/gz_common_vendor:/opt/ros/jazzy/opt/gz_math_vendor:/opt/ros/jazzy/opt/gz_utils_vendor:/opt/ros/jazzy/opt/gz_tools_vendor:/opt/ros/jazzy/opt/gz_ogre_next_vendor:/opt/ros/jazzy/opt/gz_dartsim_vendor:/opt/ros/jazzy/opt/gz_cmake_vendor:/opt/ros/jazzy DEBUGINFOD_URLS=https://debuginfod.ubuntu.com PYTHONPATH=/home/ilyaes/Desktop/ros2project/moveit2_tuto/ros2_gantry_ws/install/gantry/lib/python3.12/site-packages:${PYTHONPATH} /usr/bin/cmake --install /home/ilyaes/Desktop/ros2project/moveit2_tuto/ros2_gantry_ws/build/gantry_moveit_config
[0.061s] -- Install configuration: ""
[0.061s] -- Up-to-date: /home/ilyaes/Desktop/ros2project/moveit2_tuto/ros2_gantry_ws/install/gantry_moveit_config/share/ament_index/resource_index/package_run_dependencies/gantry_moveit_config
[0.061s] -- Up-to-date: /home/ilyaes/Desktop/ros2project/moveit2_tuto/ros2_gantry_ws/install/gantry_moveit_config/share/ament_index/resource_index/parent_prefix_path/gantry_moveit_config
[0.061s] -- Up-to-date: /home/ilyaes/Desktop/ros2project/moveit2_tuto/ros2_gantry_ws/install/gantry_moveit_config/share/gantry_moveit_config/environment/ament_prefix_path.sh
[0.062s] -- Up-to-date: /home/ilyaes/Desktop/ros2project/moveit2_tuto/ros2_gantry_ws/install/gantry_moveit_config/share/gantry_moveit_config/environment/ament_prefix_path.dsv
[0.062s] -- Up-to-date: /home/ilyaes/Desktop/ros2project/moveit2_tuto/ros2_gantry_ws/install/gantry_moveit_config/share/gantry_moveit_config/environment/path.sh
[0.062s] -- Up-to-date: /home/ilyaes/Desktop/ros2project/moveit2_tuto/ros2_gantry_ws/install/gantry_moveit_config/share/gantry_moveit_config/environment/path.dsv
[0.062s] -- Up-to-date: /home/ilyaes/Desktop/ros2project/moveit2_tuto/ros2_gantry_ws/install/gantry_moveit_config/share/gantry_moveit_config/local_setup.bash
[0.062s] -- Up-to-date: /home/ilyaes/Desktop/ros2project/moveit2_tuto/ros2_gantry_ws/install/gantry_moveit_config/share/gantry_moveit_config/local_setup.sh
[0.062s] -- Up-to-date: /home/ilyaes/Desktop/ros2project/moveit2_tuto/ros2_gantry_ws/install/gantry_moveit_config/share/gantry_moveit_config/local_setup.zsh
[0.062s] -- Up-to-date: /home/ilyaes/Desktop/ros2project/moveit2_tuto/ros2_gantry_ws/install/gantry_moveit_config/share/gantry_moveit_config/local_setup.dsv
[0.062s] -- Up-to-date: /home/ilyaes/Desktop/ros2project/moveit2_tuto/ros2_gantry_ws/install/gantry_moveit_config/share/gantry_moveit_config/package.dsv
[0.062s] -- Up-to-date: /home/ilyaes/Desktop/ros2project/moveit2_tuto/ros2_gantry_ws/install/gantry_moveit_config/share/ament_index/resource_index/packages/gantry_moveit_config
[0.062s] -- Up-to-date: /home/ilyaes/Desktop/ros2project/moveit2_tuto/ros2_gantry_ws/install/gantry_moveit_config/share/gantry_moveit_config/cmake/gantry_moveit_configConfig.cmake
[0.062s] -- Up-to-date: /home/ilyaes/Desktop/ros2project/moveit2_tuto/ros2_gantry_ws/install/gantry_moveit_config/share/gantry_moveit_config/cmake/gantry_moveit_configConfig-version.cmake
[0.062s] -- Up-to-date: /home/ilyaes/Desktop/ros2project/moveit2_tuto/ros2_gantry_ws/install/gantry_moveit_config/share/gantry_moveit_config/package.xml
[0.063s] -- Up-to-date: /home/ilyaes/Desktop/ros2project/moveit2_tuto/ros2_gantry_ws/install/gantry_moveit_config/share/gantry_moveit_config/launch
[0.063s] -- Up-to-date: /home/ilyaes/Desktop/ros2project/moveit2_tuto/ros2_gantry_ws/install/gantry_moveit_config/share/gantry_moveit_config/launch/setup_assistant.launch.py
[0.063s] -- Up-to-date: /home/ilyaes/Desktop/ros2project/moveit2_tuto/ros2_gantry_ws/install/gantry_moveit_config/share/gantry_moveit_config/launch/spawn_controllers.launch.py
[0.063s] -- Up-to-date: /home/ilyaes/Desktop/ros2project/moveit2_tuto/ros2_gantry_ws/install/gantry_moveit_config/share/gantry_moveit_config/launch/rsp.launch.py
[0.063s] -- Up-to-date: /home/ilyaes/Desktop/ros2project/moveit2_tuto/ros2_gantry_ws/install/gantry_moveit_config/share/gantry_moveit_config/launch/demo.launch.py
[0.063s] -- Up-to-date: /home/ilyaes/Desktop/ros2project/moveit2_tuto/ros2_gantry_ws/install/gantry_moveit_config/share/gantry_moveit_config/launch/moveit_rviz.launch.py
[0.063s] -- Up-to-date: /home/ilyaes/Desktop/ros2project/moveit2_tuto/ros2_gantry_ws/install/gantry_moveit_config/share/gantry_moveit_config/launch/move_group.launch.py
[0.063s] -- Up-to-date: /home/ilyaes/Desktop/ros2project/moveit2_tuto/ros2_gantry_ws/install/gantry_moveit_config/share/gantry_moveit_config/launch/moveit_gazebo.launch.py
[0.063s] -- Up-to-date: /home/ilyaes/Desktop/ros2project/moveit2_tuto/ros2_gantry_ws/install/gantry_moveit_config/share/gantry_moveit_config/launch/warehouse_db.launch.py
[0.063s] -- Up-to-date: /home/ilyaes/Desktop/ros2project/moveit2_tuto/ros2_gantry_ws/install/gantry_moveit_config/share/gantry_moveit_config/launch/static_virtual_joint_tfs.launch.py
[0.063s] -- Up-to-date: /home/ilyaes/Desktop/ros2project/moveit2_tuto/ros2_gantry_ws/install/gantry_moveit_config/share/gantry_moveit_config/config
[0.063s] -- Up-to-date: /home/ilyaes/Desktop/ros2project/moveit2_tuto/ros2_gantry_ws/install/gantry_moveit_config/share/gantry_moveit_config/config/ros2_controllers.yaml
[0.063s] -- Up-to-date: /home/ilyaes/Desktop/ros2project/moveit2_tuto/ros2_gantry_ws/install/gantry_moveit_config/share/gantry_moveit_config/config/parallel_beam_gantry.urdf.xacro
[0.063s] -- Up-to-date: /home/ilyaes/Desktop/ros2project/moveit2_tuto/ros2_gantry_ws/install/gantry_moveit_config/share/gantry_moveit_config/config/parallel_beam_gantry.srdf
[0.064s] -- Up-to-date: /home/ilyaes/Desktop/ros2project/moveit2_tuto/ros2_gantry_ws/install/gantry_moveit_config/share/gantry_moveit_config/config/joint_limits.yaml
[0.064s] -- Up-to-date: /home/ilyaes/Desktop/ros2project/moveit2_tuto/ros2_gantry_ws/install/gantry_moveit_config/share/gantry_moveit_config/config/pilz_cartesian_limits.yaml
[0.064s] -- Up-to-date: /home/ilyaes/Desktop/ros2project/moveit2_tuto/ros2_gantry_ws/install/gantry_moveit_config/share/gantry_moveit_config/config/moveit_controllers.yaml
[0.064s] -- Up-to-date: /home/ilyaes/Desktop/ros2project/moveit2_tuto/ros2_gantry_ws/install/gantry_moveit_config/share/gantry_moveit_config/config/initial_positions.yaml
[0.064s] -- Up-to-date: /home/ilyaes/Desktop/ros2project/moveit2_tuto/ros2_gantry_ws/install/gantry_moveit_config/share/gantry_moveit_config/config/kinematics.yaml
[0.064s] -- Up-to-date: /home/ilyaes/Desktop/ros2project/moveit2_tuto/ros2_gantry_ws/install/gantry_moveit_config/share/gantry_moveit_config/config/parallel_beam_gantry.ros2_control.xacro
[0.064s] -- Up-to-date: /home/ilyaes/Desktop/ros2project/moveit2_tuto/ros2_gantry_ws/install/gantry_moveit_config/share/gantry_moveit_config/config/moveit.rviz
[0.064s] -- Up-to-date: /home/ilyaes/Desktop/ros2project/moveit2_tuto/ros2_gantry_ws/install/gantry_moveit_config/share/gantry_moveit_config/.setup_assistant
[0.065s] Invoked command in '/home/ilyaes/Desktop/ros2project/moveit2_tuto/ros2_gantry_ws/build/gantry_moveit_config' returned '0': AMENT_PREFIX_PATH=/home/ilyaes/Desktop/ros2project/moveit2_tuto/ros2_gantry_ws/install/gantry:${AMENT_PREFIX_PATH} CMAKE_PREFIX_PATH=/home/ilyaes/Desktop/ros2project/moveit2_tuto/ros2_gantry_ws/install/gantry:/opt/ros/jazzy/opt/gz_sim_vendor:/opt/ros/jazzy/opt/gz_sensors_vendor:/opt/ros/jazzy/opt/gz_physics_vendor:/opt/ros/jazzy/opt/sdformat_vendor:/opt/ros/jazzy/opt/gz_gui_vendor:/opt/ros/jazzy/opt/gz_transport_vendor:/opt/ros/jazzy/opt/gz_rendering_vendor:/opt/ros/jazzy/opt/gz_plugin_vendor:/opt/ros/jazzy/opt/gz_fuel_tools_vendor:/opt/ros/jazzy/opt/gz_msgs_vendor:/opt/ros/jazzy/opt/gz_common_vendor:/opt/ros/jazzy/opt/gz_math_vendor:/opt/ros/jazzy/opt/gz_utils_vendor:/opt/ros/jazzy/opt/gz_tools_vendor:/opt/ros/jazzy/opt/gz_ogre_next_vendor:/opt/ros/jazzy/opt/gz_dartsim_vendor:/opt/ros/jazzy/opt/gz_cmake_vendor:/opt/ros/jazzy DEBUGINFOD_URLS=https://debuginfod.ubuntu.com PYTHONPATH=/home/ilyaes/Desktop/ros2project/moveit2_tuto/ros2_gantry_ws/install/gantry/lib/python3.12/site-packages:${PYTHONPATH} /usr/bin/cmake --install /home/ilyaes/Desktop/ros2project/moveit2_tuto/ros2_gantry_ws/build/gantry_moveit_config
