[0.013s] Invoking command in '/home/ilyaes/Desktop/ros2project/moveit2_tuto/new_gantry_ws/build/gantry': CMAKE_PREFIX_PATH=${CMAKE_PREFIX_PATH}:/opt/ros/jazzy DEBUGINFOD_URLS=https://debuginfod.ubuntu.com /usr/bin/cmake /home/ilyaes/Desktop/ros2project/moveit2_tuto/new_gantry_ws/src/gantry -DCMAKE_INSTALL_PREFIX=/home/ilyaes/Desktop/ros2project/moveit2_tuto/new_gantry_ws/install/gantry
[0.151s] -- The C compiler identification is GNU 13.3.0
[0.253s] -- The CXX compiler identification is GNU 13.3.0
[0.274s] -- Detecting C compiler ABI info
[0.369s] -- Detecting C compiler ABI info - done
[0.378s] -- Check for working C compiler: /usr/bin/cc - skipped
[0.378s] -- Detecting C compile features
[0.379s] -- Detecting C compile features - done
[0.388s] -- Detecting CXX compiler ABI info
[0.490s] -- Detecting CXX compiler ABI info - done
[0.499s] -- Check for working CXX compiler: /usr/bin/c++ - skipped
[0.499s] -- Detecting CXX compile features
[0.500s] -- Detecting CXX compile features - done
[0.510s] -- Found ament_cmake: 2.5.4 (/opt/ros/jazzy/share/ament_cmake/cmake)
[0.671s] -- Found Python3: /usr/bin/python3 (found version "3.12.3") found components: Interpreter 
[0.826s] -- Found ros_gz_sim: 1.0.16 (/opt/ros/jazzy/share/ros_gz_sim/cmake)
[0.908s] -- Found rosidl_generator_c: 4.6.6 (/opt/ros/jazzy/share/rosidl_generator_c/cmake)
[0.931s] -- Found rosidl_generator_cpp: 4.6.6 (/opt/ros/jazzy/share/rosidl_generator_cpp/cmake)
[0.958s] -- Using all available rosidl_typesupport_c: rosidl_typesupport_fastrtps_c;rosidl_typesupport_introspection_c
[0.989s] -- Using all available rosidl_typesupport_cpp: rosidl_typesupport_fastrtps_cpp;rosidl_typesupport_introspection_cpp
[1.109s] -- Found rmw_implementation_cmake: 7.3.2 (/opt/ros/jazzy/share/rmw_implementation_cmake/cmake)
[1.115s] -- Found rmw_fastrtps_cpp: 8.4.3 (/opt/ros/jazzy/share/rmw_fastrtps_cpp/cmake)
[1.221s] -- Found OpenSSL: /usr/lib/x86_64-linux-gnu/libcrypto.so (found version "3.0.13")  
[1.243s] -- Found FastRTPS: /opt/ros/jazzy/include (Required is at least version "2.13") 
[1.268s] -- Using RMW implementation 'rmw_fastrtps_cpp' as default
[1.622s] -- Found ros_gz_bridge: 1.0.16 (/opt/ros/jazzy/share/ros_gz_bridge/cmake)
[1.658s] -- Looking for gz-msgs10 -- found version 10.3.2
[1.671s] -- Searching for dependencies of gz-msgs10
[1.810s] -- Found Protobuf: /usr/lib/x86_64-linux-gnu/libprotobuf.so (found version "3.21.12") 
[1.813s] -- Looking for gz-utils2 -- found version 2.2.1
[1.813s] -- Searching for dependencies of gz-utils2
[1.817s] -- Looking for gz-math7 -- found version 7.5.2
[1.818s] -- Searching for dependencies of gz-math7
[1.818s] -- Looking for gz-utils2 -- found version 2.2.1
[1.824s] -- Checking for module 'tinyxml2'
[1.838s] --   Found tinyxml2, version 10.0.0
[1.880s] -- Looking for gz-transport13 -- found version 13.4.1
[1.880s] -- Searching for dependencies of gz-transport13
[1.919s] -- Config-file not installed for ZeroMQ -- checking for pkg-config
[1.923s] -- Checking for module 'libzmq >= 4'
[1.939s] --   Found libzmq, version 4.3.5
[1.980s] -- Found ZeroMQ: TRUE (Required is at least version "4") 
[1.986s] -- Checking for module 'uuid'
[1.999s] --   Found uuid, version 2.39.3
[2.030s] -- Found UUID: TRUE  
[2.031s] -- Looking for gz-utils2 -- found version 2.2.1
[2.031s] -- Searching for dependencies of gz-utils2
[2.031s] -- Searching for <gz-utils2> component [cli]
[2.034s] -- Looking for gz-utils2-cli -- found version 2.2.1
[2.034s] -- Searching for dependencies of gz-utils2-cli
[2.035s] -- Looking for gz-msgs10 -- found version 10.3.2
[2.282s] -- Found ros_gz_image: 1.0.16 (/opt/ros/jazzy/share/ros_gz_image/cmake)
[2.287s] -- Found xacro: 2.1.1 (/opt/ros/jazzy/share/xacro/cmake)
[2.397s] -- Found ament_lint_auto: 0.17.3 (/opt/ros/jazzy/share/ament_lint_auto/cmake)
[2.538s] -- Added test 'flake8' to check Python code syntax and style conventions
[2.538s] -- Configured 'flake8' exclude dirs and/or files: 
[2.539s] -- Added test 'lint_cmake' to check CMake code style
[2.540s] -- Added test 'pep257' to check Python code against some of the docstring style conventions in PEP 257
[2.543s] -- Added test 'xmllint' to check XML markup files
[2.545s] -- Configuring done (2.5s)
[2.553s] -- Generating done (0.0s)
[2.557s] -- Build files have been written to: /home/ilyaes/Desktop/ros2project/moveit2_tuto/new_gantry_ws/build/gantry
[2.569s] Invoked command in '/home/ilyaes/Desktop/ros2project/moveit2_tuto/new_gantry_ws/build/gantry' returned '0': CMAKE_PREFIX_PATH=${CMAKE_PREFIX_PATH}:/opt/ros/jazzy DEBUGINFOD_URLS=https://debuginfod.ubuntu.com /usr/bin/cmake /home/ilyaes/Desktop/ros2project/moveit2_tuto/new_gantry_ws/src/gantry -DCMAKE_INSTALL_PREFIX=/home/ilyaes/Desktop/ros2project/moveit2_tuto/new_gantry_ws/install/gantry
[2.571s] Invoking command in '/home/ilyaes/Desktop/ros2project/moveit2_tuto/new_gantry_ws/build/gantry': CMAKE_PREFIX_PATH=${CMAKE_PREFIX_PATH}:/opt/ros/jazzy DEBUGINFOD_URLS=https://debuginfod.ubuntu.com /usr/bin/cmake --build /home/ilyaes/Desktop/ros2project/moveit2_tuto/new_gantry_ws/build/gantry -- -j8 -l8
[2.635s] Built target ament_cmake_python_copy_gantry
[2.925s] running egg_info
[2.926s] creating gantry.egg-info
[2.959s] writing gantry.egg-info/PKG-INFO
[2.959s] writing dependency_links to gantry.egg-info/dependency_links.txt
[2.960s] writing top-level names to gantry.egg-info/top_level.txt
[2.960s] writing manifest file 'gantry.egg-info/SOURCES.txt'
[3.064s] reading manifest file 'gantry.egg-info/SOURCES.txt'
[3.065s] writing manifest file 'gantry.egg-info/SOURCES.txt'
[3.091s] Built target ament_cmake_python_build_gantry_egg
[3.103s] Invoked command in '/home/ilyaes/Desktop/ros2project/moveit2_tuto/new_gantry_ws/build/gantry' returned '0': CMAKE_PREFIX_PATH=${CMAKE_PREFIX_PATH}:/opt/ros/jazzy DEBUGINFOD_URLS=https://debuginfod.ubuntu.com /usr/bin/cmake --build /home/ilyaes/Desktop/ros2project/moveit2_tuto/new_gantry_ws/build/gantry -- -j8 -l8
[3.114s] Invoking command in '/home/ilyaes/Desktop/ros2project/moveit2_tuto/new_gantry_ws/build/gantry': CMAKE_PREFIX_PATH=${CMAKE_PREFIX_PATH}:/opt/ros/jazzy DEBUGINFOD_URLS=https://debuginfod.ubuntu.com /usr/bin/cmake --install /home/ilyaes/Desktop/ros2project/moveit2_tuto/new_gantry_ws/build/gantry
[3.122s] -- Install configuration: ""
[3.122s] -- Installing: /home/ilyaes/Desktop/ros2project/moveit2_tuto/new_gantry_ws/install/gantry/share/gantry/environment/pythonpath.sh
[3.122s] -- Installing: /home/ilyaes/Desktop/ros2project/moveit2_tuto/new_gantry_ws/install/gantry/share/gantry/environment/pythonpath.dsv
[3.122s] -- Installing: /home/ilyaes/Desktop/ros2project/moveit2_tuto/new_gantry_ws/install/gantry/lib/python3.12/site-packages/gantry-0.0.0-py3.12.egg-info
[3.122s] -- Installing: /home/ilyaes/Desktop/ros2project/moveit2_tuto/new_gantry_ws/install/gantry/lib/python3.12/site-packages/gantry-0.0.0-py3.12.egg-info/top_level.txt
[3.122s] -- Installing: /home/ilyaes/Desktop/ros2project/moveit2_tuto/new_gantry_ws/install/gantry/lib/python3.12/site-packages/gantry-0.0.0-py3.12.egg-info/SOURCES.txt
[3.123s] -- Installing: /home/ilyaes/Desktop/ros2project/moveit2_tuto/new_gantry_ws/install/gantry/lib/python3.12/site-packages/gantry-0.0.0-py3.12.egg-info/dependency_links.txt
[3.123s] -- Installing: /home/ilyaes/Desktop/ros2project/moveit2_tuto/new_gantry_ws/install/gantry/lib/python3.12/site-packages/gantry-0.0.0-py3.12.egg-info/PKG-INFO
[3.123s] -- Installing: /home/ilyaes/Desktop/ros2project/moveit2_tuto/new_gantry_ws/install/gantry/lib/python3.12/site-packages/gantry
[3.123s] -- Installing: /home/ilyaes/Desktop/ros2project/moveit2_tuto/new_gantry_ws/install/gantry/lib/python3.12/site-packages/gantry/__init__.py
[3.123s] -- Installing: /home/ilyaes/Desktop/ros2project/moveit2_tuto/new_gantry_ws/install/gantry/lib/python3.12/site-packages/gantry/pick_and_place.py
[3.159s] Listing '/home/ilyaes/Desktop/ros2project/moveit2_tuto/new_gantry_ws/install/gantry/lib/python3.12/site-packages/gantry'...
[3.159s] Compiling '/home/ilyaes/Desktop/ros2project/moveit2_tuto/new_gantry_ws/install/gantry/lib/python3.12/site-packages/gantry/__init__.py'...
[3.159s] Compiling '/home/ilyaes/Desktop/ros2project/moveit2_tuto/new_gantry_ws/install/gantry/lib/python3.12/site-packages/gantry/pick_and_place.py'...
[3.164s] -- Installing: /home/ilyaes/Desktop/ros2project/moveit2_tuto/new_gantry_ws/install/gantry/share/gantry//launch
[3.164s] -- Installing: /home/ilyaes/Desktop/ros2project/moveit2_tuto/new_gantry_ws/install/gantry/share/gantry//launch/gazebo.launch.py
[3.165s] -- Installing: /home/ilyaes/Desktop/ros2project/moveit2_tuto/new_gantry_ws/install/gantry/share/gantry//launch/gantry_launch.py
[3.165s] -- Installing: /home/ilyaes/Desktop/ros2project/moveit2_tuto/new_gantry_ws/install/gantry/share/gantry//urdf
[3.165s] -- Installing: /home/ilyaes/Desktop/ros2project/moveit2_tuto/new_gantry_ws/install/gantry/share/gantry//urdf/urdf.xacro
[3.165s] -- Installing: /home/ilyaes/Desktop/ros2project/moveit2_tuto/new_gantry_ws/install/gantry/share/gantry//urdf/parallel_beam_gantry.urdf.xacro
[3.165s] -- Installing: /home/ilyaes/Desktop/ros2project/moveit2_tuto/new_gantry_ws/install/gantry/share/gantry//urdf/parallel_beam_gantry.gazebo.xacro
[3.165s] -- Installing: /home/ilyaes/Desktop/ros2project/moveit2_tuto/new_gantry_ws/install/gantry/share/gantry//urdf/parallel_beam_gantry.xacro
[3.166s] -- Installing: /home/ilyaes/Desktop/ros2project/moveit2_tuto/new_gantry_ws/install/gantry/share/gantry//urdf/simple_gripper.urdf.xacro
[3.166s] -- Installing: /home/ilyaes/Desktop/ros2project/moveit2_tuto/new_gantry_ws/install/gantry/share/gantry//urdf/parallel_beam_gantry.camera.xacro
[3.166s] -- Installing: /home/ilyaes/Desktop/ros2project/moveit2_tuto/new_gantry_ws/install/gantry/share/gantry//urdf/parallel_beam_gantry.ros2_control.xacro
[3.166s] -- Installing: /home/ilyaes/Desktop/ros2project/moveit2_tuto/new_gantry_ws/install/gantry/share/gantry//worlds
[3.166s] -- Installing: /home/ilyaes/Desktop/ros2project/moveit2_tuto/new_gantry_ws/install/gantry/share/gantry//worlds/my_world.sdf
[3.166s] -- Installing: /home/ilyaes/Desktop/ros2project/moveit2_tuto/new_gantry_ws/install/gantry/share/ament_index/resource_index/package_run_dependencies/gantry
[3.166s] -- Installing: /home/ilyaes/Desktop/ros2project/moveit2_tuto/new_gantry_ws/install/gantry/share/ament_index/resource_index/parent_prefix_path/gantry
[3.166s] -- Installing: /home/ilyaes/Desktop/ros2project/moveit2_tuto/new_gantry_ws/install/gantry/share/gantry/environment/ament_prefix_path.sh
[3.166s] -- Installing: /home/ilyaes/Desktop/ros2project/moveit2_tuto/new_gantry_ws/install/gantry/share/gantry/environment/ament_prefix_path.dsv
[3.167s] -- Installing: /home/ilyaes/Desktop/ros2project/moveit2_tuto/new_gantry_ws/install/gantry/share/gantry/environment/path.sh
[3.167s] -- Installing: /home/ilyaes/Desktop/ros2project/moveit2_tuto/new_gantry_ws/install/gantry/share/gantry/environment/path.dsv
[3.167s] -- Installing: /home/ilyaes/Desktop/ros2project/moveit2_tuto/new_gantry_ws/install/gantry/share/gantry/local_setup.bash
[3.167s] -- Installing: /home/ilyaes/Desktop/ros2project/moveit2_tuto/new_gantry_ws/install/gantry/share/gantry/local_setup.sh
[3.167s] -- Installing: /home/ilyaes/Desktop/ros2project/moveit2_tuto/new_gantry_ws/install/gantry/share/gantry/local_setup.zsh
[3.167s] -- Installing: /home/ilyaes/Desktop/ros2project/moveit2_tuto/new_gantry_ws/install/gantry/share/gantry/local_setup.dsv
[3.167s] -- Installing: /home/ilyaes/Desktop/ros2project/moveit2_tuto/new_gantry_ws/install/gantry/share/gantry/package.dsv
[3.167s] -- Installing: /home/ilyaes/Desktop/ros2project/moveit2_tuto/new_gantry_ws/install/gantry/share/ament_index/resource_index/packages/gantry
[3.167s] -- Installing: /home/ilyaes/Desktop/ros2project/moveit2_tuto/new_gantry_ws/install/gantry/share/gantry/cmake/gantryConfig.cmake
[3.167s] -- Installing: /home/ilyaes/Desktop/ros2project/moveit2_tuto/new_gantry_ws/install/gantry/share/gantry/cmake/gantryConfig-version.cmake
[3.167s] -- Installing: /home/ilyaes/Desktop/ros2project/moveit2_tuto/new_gantry_ws/install/gantry/share/gantry/package.xml
[3.169s] Invoked command in '/home/ilyaes/Desktop/ros2project/moveit2_tuto/new_gantry_ws/build/gantry' returned '0': CMAKE_PREFIX_PATH=${CMAKE_PREFIX_PATH}:/opt/ros/jazzy DEBUGINFOD_URLS=https://debuginfod.ubuntu.com /usr/bin/cmake --install /home/ilyaes/Desktop/ros2project/moveit2_tuto/new_gantry_ws/build/gantry
