-- The C compiler identification is GNU 13.3.0
-- The CXX compiler identification is GNU 13.3.0
-- Detecting C compiler ABI info
-- Detecting C compiler ABI info - done
-- Check for working C compiler: /usr/bin/cc - skipped
-- Detecting C compile features
-- Detecting C compile features - done
-- Detecting CXX compiler ABI info
-- Detecting CXX compiler ABI info - done
-- Check for working CXX compiler: /usr/bin/c++ - skipped
-- Detecting CXX compile features
-- Detecting CXX compile features - done
-- Found ament_cmake: 2.5.4 (/opt/ros/jazzy/share/ament_cmake/cmake)
-- Found Python3: /usr/bin/python3 (found version "3.12.3") found components: Interpreter 
-- Found rclcpp: 28.1.12 (/opt/ros/jazzy/share/rclcpp/cmake)
-- Found rosidl_generator_c: 4.6.6 (/opt/ros/jazzy/share/rosidl_generator_c/cmake)
-- Found rosidl_generator_cpp: 4.6.6 (/opt/ros/jazzy/share/rosidl_generator_cpp/cmake)
-- Using all available rosidl_typesupport_c: rosidl_typesupport_fastrtps_c;rosidl_typesupport_introspection_c
-- Using all available rosidl_typesupport_cpp: rosidl_typesupport_fastrtps_cpp;rosidl_typesupport_introspection_cpp
-- Found rmw_implementation_cmake: 7.3.2 (/opt/ros/jazzy/share/rmw_implementation_cmake/cmake)
-- Found rmw_fastrtps_cpp: 8.4.3 (/opt/ros/jazzy/share/rmw_fastrtps_cpp/cmake)
-- Found OpenSSL: /usr/lib/x86_64-linux-gnu/libcrypto.so (found version "3.0.13")  
-- Found FastRTPS: /opt/ros/jazzy/include (Required is at least version "2.13") 
-- Using RMW implementation 'rmw_fastrtps_cpp' as default
-- Found moveit_ros_planning_interface: 2.12.3 (/opt/ros/jazzy/share/moveit_ros_planning_interface/cmake)
-- Found Boost: /usr/lib/x86_64-linux-gnu/cmake/Boost-1.83.0/BoostConfig.cmake (found version "1.83.0") found components: date_time filesystem program_options system thread 
-- Found Boost: /usr/lib/x86_64-linux-gnu/cmake/Boost-1.83.0/BoostConfig.cmake (found version "1.83.0") found components: chrono date_time filesystem iostreams program_options regex serialization system thread 
-- Found parameter_traits: 0.5.0 (/opt/ros/jazzy/share/parameter_traits/cmake)
-- Found rclcpp_lifecycle: 28.1.12 (/opt/ros/jazzy/share/rclcpp_lifecycle/cmake)
-- Found Boost: /usr/lib/x86_64-linux-gnu/cmake/Boost-1.83.0/BoostConfig.cmake (found version "1.83.0") found components: filesystem 
-- Found Eigen3: TRUE (found version "3.4.0") 
-- Ensuring Eigen3 include directory is part of orocos-kdl CMake target
-- Found Boost: /usr/lib/x86_64-linux-gnu/cmake/Boost-1.83.0/BoostConfig.cmake (found version "1.83.0") found components: system filesystem date_time program_options thread chrono 
-- Found Boost: /usr/lib/x86_64-linux-gnu/cmake/Boost-1.83.0/BoostConfig.cmake (found version "1.83.0") found components: thread system filesystem regex date_time program_options 
-- Found Boost: /usr/lib/x86_64-linux-gnu/cmake/Boost-1.83.0/BoostConfig.cmake (found version "1.83.0") found components: system filesystem date_time program_options thread 
-- Configuring done (3.2s)
-- Generating done (0.0s)
-- Build files have been written to: /home/ilyaes/Desktop/ros2project/moveit2_tuto/new_gantry_ws/build/gantry_control
[ 50%] [32mBuilding CXX object CMakeFiles/simple_move.dir/src/simple_move.cpp.o[0m
In file included from [01m[K/home/ilyaes/Desktop/ros2project/moveit2_tuto/new_gantry_ws/src/gantry_control/src/simple_move.cpp:2[m[K:
[01m[K/opt/ros/jazzy/include/moveit_ros_planning_interface/moveit/move_group_interface/move_group_interface.h:51:77:[m[K [01;36m[Knote: [m[K‘[01m[K#pragma message: .h header is obsolete. Please use the .hpp header instead.[m[K’
   51 | a message(".h header is obsolete. Please use the .hpp header instead."[01;36m[K)[m[K
      |                                                                       [01;36m[K^[m[K

[100%] [32m[1mLinking CXX executable simple_move[0m
[100%] Built target simple_move
-- Install configuration: ""
-- Installing: /home/ilyaes/Desktop/ros2project/moveit2_tuto/new_gantry_ws/install/gantry_control/lib/gantry_control/simple_move
-- Set non-toolchain portion of runtime path of "/home/ilyaes/Desktop/ros2project/moveit2_tuto/new_gantry_ws/install/gantry_control/lib/gantry_control/simple_move" to ""
-- Installing: /home/ilyaes/Desktop/ros2project/moveit2_tuto/new_gantry_ws/install/gantry_control/share/gantry_control/launch
-- Installing: /home/ilyaes/Desktop/ros2project/moveit2_tuto/new_gantry_ws/install/gantry_control/share/gantry_control/launch/move_gantry.launch.py
-- Installing: /home/ilyaes/Desktop/ros2project/moveit2_tuto/new_gantry_ws/install/gantry_control/share/ament_index/resource_index/package_run_dependencies/gantry_control
-- Installing: /home/ilyaes/Desktop/ros2project/moveit2_tuto/new_gantry_ws/install/gantry_control/share/ament_index/resource_index/parent_prefix_path/gantry_control
-- Installing: /home/ilyaes/Desktop/ros2project/moveit2_tuto/new_gantry_ws/install/gantry_control/share/gantry_control/environment/ament_prefix_path.sh
-- Installing: /home/ilyaes/Desktop/ros2project/moveit2_tuto/new_gantry_ws/install/gantry_control/share/gantry_control/environment/ament_prefix_path.dsv
-- Installing: /home/ilyaes/Desktop/ros2project/moveit2_tuto/new_gantry_ws/install/gantry_control/share/gantry_control/environment/path.sh
-- Installing: /home/ilyaes/Desktop/ros2project/moveit2_tuto/new_gantry_ws/install/gantry_control/share/gantry_control/environment/path.dsv
-- Installing: /home/ilyaes/Desktop/ros2project/moveit2_tuto/new_gantry_ws/install/gantry_control/share/gantry_control/local_setup.bash
-- Installing: /home/ilyaes/Desktop/ros2project/moveit2_tuto/new_gantry_ws/install/gantry_control/share/gantry_control/local_setup.sh
-- Installing: /home/ilyaes/Desktop/ros2project/moveit2_tuto/new_gantry_ws/install/gantry_control/share/gantry_control/local_setup.zsh
-- Installing: /home/ilyaes/Desktop/ros2project/moveit2_tuto/new_gantry_ws/install/gantry_control/share/gantry_control/local_setup.dsv
-- Installing: /home/ilyaes/Desktop/ros2project/moveit2_tuto/new_gantry_ws/install/gantry_control/share/gantry_control/package.dsv
-- Installing: /home/ilyaes/Desktop/ros2project/moveit2_tuto/new_gantry_ws/install/gantry_control/share/ament_index/resource_index/packages/gantry_control
-- Installing: /home/ilyaes/Desktop/ros2project/moveit2_tuto/new_gantry_ws/install/gantry_control/share/gantry_control/cmake/gantry_controlConfig.cmake
-- Installing: /home/ilyaes/Desktop/ros2project/moveit2_tuto/new_gantry_ws/install/gantry_control/share/gantry_control/cmake/gantry_controlConfig-version.cmake
-- Installing: /home/ilyaes/Desktop/ros2project/moveit2_tuto/new_gantry_ws/install/gantry_control/share/gantry_control/package.xml
