[0.457s] DEBUG:colcon:Command line arguments: ['/home/ilyaes/.local/bin/colcon', 'build']
[0.457s] DEBUG:colcon:Parsed command line arguments: Namespace(log_base=None, log_level=None, verb_name='build', build_base='build', install_base='install', merge_install=False, symlink_install=False, test_result_base=None, continue_on_error=False, executor='parallel', parallel_workers=8, event_handlers=None, ignore_user_meta=False, metas=['./colcon.meta'], base_paths=['.'], packages_ignore=None, packages_ignore_regex=None, paths=None, packages_up_to=None, packages_up_to_regex=None, packages_above=None, packages_above_and_dependencies=None, packages_above_depth=None, packages_select_by_dep=None, packages_skip_by_dep=None, packages_skip_up_to=None, packages_select_build_failed=False, packages_skip_build_finished=False, packages_select_test_failures=False, packages_skip_test_passed=False, packages_select=None, packages_skip=None, packages_select_regex=None, packages_skip_regex=None, packages_start=None, packages_end=None, allow_overriding=[], cmake_args=None, cmake_target=None, cmake_target_skip_unavailable=False, cmake_clean_cache=False, cmake_clean_first=False, cmake_force_configure=False, ament_cmake_args=None, catkin_cmake_args=None, catkin_skip_building_tests=False, verb_parser=<colcon_defaults.argument_parser.defaults.DefaultArgumentsDecorator object at 0x741ae68d3920>, verb_extension=<colcon_core.verb.build.BuildVerb object at 0x741ae6a6b680>, main=<bound method BuildVerb.main of <colcon_core.verb.build.BuildVerb object at 0x741ae6a6b680>>)
[0.521s] Level 1:colcon.colcon_core.package_discovery:discover_packages(colcon_meta) check parameters
[0.521s] Level 1:colcon.colcon_core.package_discovery:discover_packages(recursive) check parameters
[0.521s] Level 1:colcon.colcon_core.package_discovery:discover_packages(ignore) check parameters
[0.521s] Level 1:colcon.colcon_core.package_discovery:discover_packages(path) check parameters
[0.521s] Level 1:colcon.colcon_core.package_discovery:discover_packages(colcon_meta) discover
[0.521s] Level 1:colcon.colcon_core.package_discovery:discover_packages(recursive) discover
[0.521s] INFO:colcon.colcon_core.package_discovery:Crawling recursively for packages in '/home/ilyaes/Desktop/ros2project/moveit2_tuto/ros2_gantry_ws'
[0.521s] Level 1:colcon.colcon_core.package_identification:_identify(.) by extensions ['ignore', 'ignore_ament_install']
[0.521s] Level 1:colcon.colcon_core.package_identification:_identify(.) by extension 'ignore'
[0.522s] Level 1:colcon.colcon_core.package_identification:_identify(.) by extension 'ignore_ament_install'
[0.522s] Level 1:colcon.colcon_core.package_identification:_identify(.) by extensions ['colcon_pkg']
[0.522s] Level 1:colcon.colcon_core.package_identification:_identify(.) by extension 'colcon_pkg'
[0.522s] Level 1:colcon.colcon_core.package_identification:_identify(.) by extensions ['colcon_meta']
[0.522s] Level 1:colcon.colcon_core.package_identification:_identify(.) by extension 'colcon_meta'
[0.522s] Level 1:colcon.colcon_core.package_identification:_identify(.) by extensions ['ros']
[0.522s] Level 1:colcon.colcon_core.package_identification:_identify(.) by extension 'ros'
[0.550s] Level 1:colcon.colcon_core.package_identification:_identify(.) by extensions ['cmake', 'python']
[0.550s] Level 1:colcon.colcon_core.package_identification:_identify(.) by extension 'cmake'
[0.550s] Level 1:colcon.colcon_core.package_identification:_identify(.) by extension 'python'
[0.550s] Level 1:colcon.colcon_core.package_identification:_identify(.) by extensions ['python_setup_py']
[0.550s] Level 1:colcon.colcon_core.package_identification:_identify(.) by extension 'python_setup_py'
[0.551s] Level 1:colcon.colcon_core.package_identification:_identify(build) by extensions ['ignore', 'ignore_ament_install']
[0.551s] Level 1:colcon.colcon_core.package_identification:_identify(build) by extension 'ignore'
[0.551s] Level 1:colcon.colcon_core.package_identification:_identify(build) ignored
[0.551s] Level 1:colcon.colcon_core.package_identification:_identify(install) by extensions ['ignore', 'ignore_ament_install']
[0.551s] Level 1:colcon.colcon_core.package_identification:_identify(install) by extension 'ignore'
[0.551s] Level 1:colcon.colcon_core.package_identification:_identify(install) ignored
[0.551s] Level 1:colcon.colcon_core.package_identification:_identify(log) by extensions ['ignore', 'ignore_ament_install']
[0.551s] Level 1:colcon.colcon_core.package_identification:_identify(log) by extension 'ignore'
[0.551s] Level 1:colcon.colcon_core.package_identification:_identify(log) ignored
[0.551s] Level 1:colcon.colcon_core.package_identification:_identify(src) by extensions ['ignore', 'ignore_ament_install']
[0.552s] Level 1:colcon.colcon_core.package_identification:_identify(src) by extension 'ignore'
[0.552s] Level 1:colcon.colcon_core.package_identification:_identify(src) by extension 'ignore_ament_install'
[0.552s] Level 1:colcon.colcon_core.package_identification:_identify(src) by extensions ['colcon_pkg']
[0.552s] Level 1:colcon.colcon_core.package_identification:_identify(src) by extension 'colcon_pkg'
[0.552s] Level 1:colcon.colcon_core.package_identification:_identify(src) by extensions ['colcon_meta']
[0.552s] Level 1:colcon.colcon_core.package_identification:_identify(src) by extension 'colcon_meta'
[0.552s] Level 1:colcon.colcon_core.package_identification:_identify(src) by extensions ['ros']
[0.552s] Level 1:colcon.colcon_core.package_identification:_identify(src) by extension 'ros'
[0.552s] Level 1:colcon.colcon_core.package_identification:_identify(src) by extensions ['cmake', 'python']
[0.552s] Level 1:colcon.colcon_core.package_identification:_identify(src) by extension 'cmake'
[0.552s] Level 1:colcon.colcon_core.package_identification:_identify(src) by extension 'python'
[0.552s] Level 1:colcon.colcon_core.package_identification:_identify(src) by extensions ['python_setup_py']
[0.552s] Level 1:colcon.colcon_core.package_identification:_identify(src) by extension 'python_setup_py'
[0.552s] Level 1:colcon.colcon_core.package_identification:_identify(src/gantry) by extensions ['ignore', 'ignore_ament_install']
[0.552s] Level 1:colcon.colcon_core.package_identification:_identify(src/gantry) by extension 'ignore'
[0.553s] Level 1:colcon.colcon_core.package_identification:_identify(src/gantry) by extension 'ignore_ament_install'
[0.553s] Level 1:colcon.colcon_core.package_identification:_identify(src/gantry) by extensions ['colcon_pkg']
[0.553s] Level 1:colcon.colcon_core.package_identification:_identify(src/gantry) by extension 'colcon_pkg'
[0.553s] Level 1:colcon.colcon_core.package_identification:_identify(src/gantry) by extensions ['colcon_meta']
[0.553s] Level 1:colcon.colcon_core.package_identification:_identify(src/gantry) by extension 'colcon_meta'
[0.553s] Level 1:colcon.colcon_core.package_identification:_identify(src/gantry) by extensions ['ros']
[0.553s] Level 1:colcon.colcon_core.package_identification:_identify(src/gantry) by extension 'ros'
[0.556s] DEBUG:colcon.colcon_core.package_identification:Package 'src/gantry' with type 'ros.ament_cmake' and name 'gantry'
[0.556s] Level 1:colcon.colcon_core.package_identification:_identify(src/gantry_moveit_config) by extensions ['ignore', 'ignore_ament_install']
[0.556s] Level 1:colcon.colcon_core.package_identification:_identify(src/gantry_moveit_config) by extension 'ignore'
[0.556s] Level 1:colcon.colcon_core.package_identification:_identify(src/gantry_moveit_config) by extension 'ignore_ament_install'
[0.556s] Level 1:colcon.colcon_core.package_identification:_identify(src/gantry_moveit_config) by extensions ['colcon_pkg']
[0.556s] Level 1:colcon.colcon_core.package_identification:_identify(src/gantry_moveit_config) by extension 'colcon_pkg'
[0.556s] Level 1:colcon.colcon_core.package_identification:_identify(src/gantry_moveit_config) by extensions ['colcon_meta']
[0.556s] Level 1:colcon.colcon_core.package_identification:_identify(src/gantry_moveit_config) by extension 'colcon_meta'
[0.556s] Level 1:colcon.colcon_core.package_identification:_identify(src/gantry_moveit_config) by extensions ['ros']
[0.556s] Level 1:colcon.colcon_core.package_identification:_identify(src/gantry_moveit_config) by extension 'ros'
[0.557s] DEBUG:colcon.colcon_core.package_identification:Package 'src/gantry_moveit_config' with type 'ros.ament_cmake' and name 'gantry_moveit_config'
[0.557s] Level 1:colcon.colcon_core.package_identification:_identify(src/gantry_moveit_config_2) by extensions ['ignore', 'ignore_ament_install']
[0.557s] Level 1:colcon.colcon_core.package_identification:_identify(src/gantry_moveit_config_2) by extension 'ignore'
[0.557s] Level 1:colcon.colcon_core.package_identification:_identify(src/gantry_moveit_config_2) by extension 'ignore_ament_install'
[0.557s] Level 1:colcon.colcon_core.package_identification:_identify(src/gantry_moveit_config_2) by extensions ['colcon_pkg']
[0.558s] Level 1:colcon.colcon_core.package_identification:_identify(src/gantry_moveit_config_2) by extension 'colcon_pkg'
[0.558s] Level 1:colcon.colcon_core.package_identification:_identify(src/gantry_moveit_config_2) by extensions ['colcon_meta']
[0.558s] Level 1:colcon.colcon_core.package_identification:_identify(src/gantry_moveit_config_2) by extension 'colcon_meta'
[0.558s] Level 1:colcon.colcon_core.package_identification:_identify(src/gantry_moveit_config_2) by extensions ['ros']
[0.558s] Level 1:colcon.colcon_core.package_identification:_identify(src/gantry_moveit_config_2) by extension 'ros'
[0.559s] DEBUG:colcon.colcon_core.package_identification:Package 'src/gantry_moveit_config_2' with type 'ros.ament_cmake' and name 'gantry_moveit_config_2'
[0.559s] Level 1:colcon.colcon_core.package_discovery:discover_packages(recursive) using defaults
[0.559s] Level 1:colcon.colcon_core.package_discovery:discover_packages(ignore) discover
[0.559s] Level 1:colcon.colcon_core.package_discovery:discover_packages(ignore) using defaults
[0.559s] Level 1:colcon.colcon_core.package_discovery:discover_packages(path) discover
[0.559s] Level 1:colcon.colcon_core.package_discovery:discover_packages(path) using defaults
[0.584s] Level 1:colcon.colcon_core.package_discovery:discover_packages(prefix_path) check parameters
[0.584s] Level 1:colcon.colcon_core.package_discovery:discover_packages(prefix_path) discover
[0.592s] DEBUG:colcon.colcon_installed_package_information.package_discovery:Found 3 installed packages in /home/ilyaes/Desktop/ros2project/moveit2_tuto/ros2_gantry_ws/install
[0.596s] DEBUG:colcon.colcon_installed_package_information.package_discovery:Found 559 installed packages in /opt/ros/jazzy
[0.597s] Level 1:colcon.colcon_core.package_discovery:discover_packages(prefix_path) using defaults
[0.799s] Level 5:colcon.colcon_core.verb:set package 'gantry' build argument 'cmake_args' from command line to 'None'
[0.799s] Level 5:colcon.colcon_core.verb:set package 'gantry' build argument 'cmake_target' from command line to 'None'
[0.799s] Level 5:colcon.colcon_core.verb:set package 'gantry' build argument 'cmake_target_skip_unavailable' from command line to 'False'
[0.799s] Level 5:colcon.colcon_core.verb:set package 'gantry' build argument 'cmake_clean_cache' from command line to 'False'
[0.799s] Level 5:colcon.colcon_core.verb:set package 'gantry' build argument 'cmake_clean_first' from command line to 'False'
[0.799s] Level 5:colcon.colcon_core.verb:set package 'gantry' build argument 'cmake_force_configure' from command line to 'False'
[0.799s] Level 5:colcon.colcon_core.verb:set package 'gantry' build argument 'ament_cmake_args' from command line to 'None'
[0.799s] Level 5:colcon.colcon_core.verb:set package 'gantry' build argument 'catkin_cmake_args' from command line to 'None'
[0.800s] Level 5:colcon.colcon_core.verb:set package 'gantry' build argument 'catkin_skip_building_tests' from command line to 'False'
[0.800s] DEBUG:colcon.colcon_core.verb:Building package 'gantry' with the following arguments: {'ament_cmake_args': None, 'build_base': '/home/ilyaes/Desktop/ros2project/moveit2_tuto/ros2_gantry_ws/build/gantry', 'catkin_cmake_args': None, 'catkin_skip_building_tests': False, 'cmake_args': None, 'cmake_clean_cache': False, 'cmake_clean_first': False, 'cmake_force_configure': False, 'cmake_target': None, 'cmake_target_skip_unavailable': False, 'install_base': '/home/ilyaes/Desktop/ros2project/moveit2_tuto/ros2_gantry_ws/install/gantry', 'merge_install': False, 'path': '/home/ilyaes/Desktop/ros2project/moveit2_tuto/ros2_gantry_ws/src/gantry', 'symlink_install': False, 'test_result_base': None}
[0.800s] Level 5:colcon.colcon_core.verb:set package 'gantry_moveit_config' build argument 'cmake_args' from command line to 'None'
[0.800s] Level 5:colcon.colcon_core.verb:set package 'gantry_moveit_config' build argument 'cmake_target' from command line to 'None'
[0.800s] Level 5:colcon.colcon_core.verb:set package 'gantry_moveit_config' build argument 'cmake_target_skip_unavailable' from command line to 'False'
[0.800s] Level 5:colcon.colcon_core.verb:set package 'gantry_moveit_config' build argument 'cmake_clean_cache' from command line to 'False'
[0.800s] Level 5:colcon.colcon_core.verb:set package 'gantry_moveit_config' build argument 'cmake_clean_first' from command line to 'False'
[0.800s] Level 5:colcon.colcon_core.verb:set package 'gantry_moveit_config' build argument 'cmake_force_configure' from command line to 'False'
[0.800s] Level 5:colcon.colcon_core.verb:set package 'gantry_moveit_config' build argument 'ament_cmake_args' from command line to 'None'
[0.800s] Level 5:colcon.colcon_core.verb:set package 'gantry_moveit_config' build argument 'catkin_cmake_args' from command line to 'None'
[0.800s] Level 5:colcon.colcon_core.verb:set package 'gantry_moveit_config' build argument 'catkin_skip_building_tests' from command line to 'False'
[0.800s] DEBUG:colcon.colcon_core.verb:Building package 'gantry_moveit_config' with the following arguments: {'ament_cmake_args': None, 'build_base': '/home/ilyaes/Desktop/ros2project/moveit2_tuto/ros2_gantry_ws/build/gantry_moveit_config', 'catkin_cmake_args': None, 'catkin_skip_building_tests': False, 'cmake_args': None, 'cmake_clean_cache': False, 'cmake_clean_first': False, 'cmake_force_configure': False, 'cmake_target': None, 'cmake_target_skip_unavailable': False, 'install_base': '/home/ilyaes/Desktop/ros2project/moveit2_tuto/ros2_gantry_ws/install/gantry_moveit_config', 'merge_install': False, 'path': '/home/ilyaes/Desktop/ros2project/moveit2_tuto/ros2_gantry_ws/src/gantry_moveit_config', 'symlink_install': False, 'test_result_base': None}
[0.800s] Level 5:colcon.colcon_core.verb:set package 'gantry_moveit_config_2' build argument 'cmake_args' from command line to 'None'
[0.800s] Level 5:colcon.colcon_core.verb:set package 'gantry_moveit_config_2' build argument 'cmake_target' from command line to 'None'
[0.800s] Level 5:colcon.colcon_core.verb:set package 'gantry_moveit_config_2' build argument 'cmake_target_skip_unavailable' from command line to 'False'
[0.800s] Level 5:colcon.colcon_core.verb:set package 'gantry_moveit_config_2' build argument 'cmake_clean_cache' from command line to 'False'
[0.800s] Level 5:colcon.colcon_core.verb:set package 'gantry_moveit_config_2' build argument 'cmake_clean_first' from command line to 'False'
[0.800s] Level 5:colcon.colcon_core.verb:set package 'gantry_moveit_config_2' build argument 'cmake_force_configure' from command line to 'False'
[0.800s] Level 5:colcon.colcon_core.verb:set package 'gantry_moveit_config_2' build argument 'ament_cmake_args' from command line to 'None'
[0.800s] Level 5:colcon.colcon_core.verb:set package 'gantry_moveit_config_2' build argument 'catkin_cmake_args' from command line to 'None'
[0.800s] Level 5:colcon.colcon_core.verb:set package 'gantry_moveit_config_2' build argument 'catkin_skip_building_tests' from command line to 'False'
[0.800s] DEBUG:colcon.colcon_core.verb:Building package 'gantry_moveit_config_2' with the following arguments: {'ament_cmake_args': None, 'build_base': '/home/ilyaes/Desktop/ros2project/moveit2_tuto/ros2_gantry_ws/build/gantry_moveit_config_2', 'catkin_cmake_args': None, 'catkin_skip_building_tests': False, 'cmake_args': None, 'cmake_clean_cache': False, 'cmake_clean_first': False, 'cmake_force_configure': False, 'cmake_target': None, 'cmake_target_skip_unavailable': False, 'install_base': '/home/ilyaes/Desktop/ros2project/moveit2_tuto/ros2_gantry_ws/install/gantry_moveit_config_2', 'merge_install': False, 'path': '/home/ilyaes/Desktop/ros2project/moveit2_tuto/ros2_gantry_ws/src/gantry_moveit_config_2', 'symlink_install': False, 'test_result_base': None}
[0.801s] INFO:colcon.colcon_core.executor:Executing jobs using 'parallel' executor
[0.801s] DEBUG:colcon.colcon_parallel_executor.executor.parallel:run_until_complete
[0.801s] INFO:colcon.colcon_ros.task.ament_cmake.build:Building ROS package in '/home/ilyaes/Desktop/ros2project/moveit2_tuto/ros2_gantry_ws/src/gantry' with build type 'ament_cmake'
[0.801s] INFO:colcon.colcon_cmake.task.cmake.build:Building CMake package in '/home/ilyaes/Desktop/ros2project/moveit2_tuto/ros2_gantry_ws/src/gantry'
[0.807s] INFO:colcon.colcon_core.plugin_system:Skipping extension 'colcon_core.shell.bat': Not used on non-Windows systems
[0.807s] INFO:colcon.colcon_core.shell:Skip shell extension 'powershell' for command environment: Not usable outside of PowerShell
[0.807s] DEBUG:colcon.colcon_core.shell:Skip shell extension 'dsv' for command environment
[0.817s] DEBUG:colcon.colcon_core.event_handler.log_command:Invoking command in '/home/ilyaes/Desktop/ros2project/moveit2_tuto/ros2_gantry_ws/build/gantry': CMAKE_PREFIX_PATH=${CMAKE_PREFIX_PATH}:/opt/ros/jazzy DEBUGINFOD_URLS=https://debuginfod.ubuntu.com /usr/bin/cmake --build /home/ilyaes/Desktop/ros2project/moveit2_tuto/ros2_gantry_ws/build/gantry -- -j8 -l8
[1.440s] DEBUG:colcon.colcon_core.event_handler.log_command:Invoked command in '/home/ilyaes/Desktop/ros2project/moveit2_tuto/ros2_gantry_ws/build/gantry' returned '0': CMAKE_PREFIX_PATH=${CMAKE_PREFIX_PATH}:/opt/ros/jazzy DEBUGINFOD_URLS=https://debuginfod.ubuntu.com /usr/bin/cmake --build /home/ilyaes/Desktop/ros2project/moveit2_tuto/ros2_gantry_ws/build/gantry -- -j8 -l8
[1.453s] DEBUG:colcon.colcon_core.event_handler.log_command:Invoking command in '/home/ilyaes/Desktop/ros2project/moveit2_tuto/ros2_gantry_ws/build/gantry': CMAKE_PREFIX_PATH=${CMAKE_PREFIX_PATH}:/opt/ros/jazzy DEBUGINFOD_URLS=https://debuginfod.ubuntu.com /usr/bin/cmake --install /home/ilyaes/Desktop/ros2project/moveit2_tuto/ros2_gantry_ws/build/gantry
[1.507s] Level 1:colcon.colcon_core.environment:create_environment_scripts_only(gantry)
[1.508s] DEBUG:colcon.colcon_core.event_handler.log_command:Invoked command in '/home/ilyaes/Desktop/ros2project/moveit2_tuto/ros2_gantry_ws/build/gantry' returned '0': CMAKE_PREFIX_PATH=${CMAKE_PREFIX_PATH}:/opt/ros/jazzy DEBUGINFOD_URLS=https://debuginfod.ubuntu.com /usr/bin/cmake --install /home/ilyaes/Desktop/ros2project/moveit2_tuto/ros2_gantry_ws/build/gantry
[1.514s] Level 1:colcon.colcon_core.environment:checking '/home/ilyaes/Desktop/ros2project/moveit2_tuto/ros2_gantry_ws/install/gantry' for CMake module files
[1.514s] Level 1:colcon.colcon_core.environment:checking '/home/ilyaes/Desktop/ros2project/moveit2_tuto/ros2_gantry_ws/install/gantry' for CMake config files
[1.515s] Level 1:colcon.colcon_core.shell:create_environment_hook('gantry', 'cmake_prefix_path')
[1.515s] INFO:colcon.colcon_core.shell:Creating environment hook '/home/ilyaes/Desktop/ros2project/moveit2_tuto/ros2_gantry_ws/install/gantry/share/gantry/hook/cmake_prefix_path.ps1'
[1.516s] INFO:colcon.colcon_core.shell:Creating environment descriptor '/home/ilyaes/Desktop/ros2project/moveit2_tuto/ros2_gantry_ws/install/gantry/share/gantry/hook/cmake_prefix_path.dsv'
[1.516s] INFO:colcon.colcon_core.shell:Creating environment hook '/home/ilyaes/Desktop/ros2project/moveit2_tuto/ros2_gantry_ws/install/gantry/share/gantry/hook/cmake_prefix_path.sh'
[1.517s] Level 1:colcon.colcon_core.environment:checking '/home/ilyaes/Desktop/ros2project/moveit2_tuto/ros2_gantry_ws/install/gantry/lib'
[1.517s] Level 1:colcon.colcon_core.environment:checking '/home/ilyaes/Desktop/ros2project/moveit2_tuto/ros2_gantry_ws/install/gantry/bin'
[1.517s] Level 1:colcon.colcon_core.environment:checking '/home/ilyaes/Desktop/ros2project/moveit2_tuto/ros2_gantry_ws/install/gantry/lib/pkgconfig/gantry.pc'
[1.517s] Level 1:colcon.colcon_core.environment:checking '/home/ilyaes/Desktop/ros2project/moveit2_tuto/ros2_gantry_ws/install/gantry/lib/python3.12/site-packages'
[1.517s] Level 1:colcon.colcon_core.shell:create_environment_hook('gantry', 'pythonpath')
[1.518s] INFO:colcon.colcon_core.shell:Creating environment hook '/home/ilyaes/Desktop/ros2project/moveit2_tuto/ros2_gantry_ws/install/gantry/share/gantry/hook/pythonpath.ps1'
[1.518s] INFO:colcon.colcon_core.shell:Creating environment descriptor '/home/ilyaes/Desktop/ros2project/moveit2_tuto/ros2_gantry_ws/install/gantry/share/gantry/hook/pythonpath.dsv'
[1.518s] INFO:colcon.colcon_core.shell:Creating environment hook '/home/ilyaes/Desktop/ros2project/moveit2_tuto/ros2_gantry_ws/install/gantry/share/gantry/hook/pythonpath.sh'
[1.519s] Level 1:colcon.colcon_core.environment:checking '/home/ilyaes/Desktop/ros2project/moveit2_tuto/ros2_gantry_ws/install/gantry/bin'
[1.519s] INFO:colcon.colcon_core.shell:Creating package script '/home/ilyaes/Desktop/ros2project/moveit2_tuto/ros2_gantry_ws/install/gantry/share/gantry/package.ps1'
[1.520s] INFO:colcon.colcon_core.shell:Creating package descriptor '/home/ilyaes/Desktop/ros2project/moveit2_tuto/ros2_gantry_ws/install/gantry/share/gantry/package.dsv'
[1.520s] INFO:colcon.colcon_core.shell:Creating package script '/home/ilyaes/Desktop/ros2project/moveit2_tuto/ros2_gantry_ws/install/gantry/share/gantry/package.sh'
[1.521s] INFO:colcon.colcon_core.shell:Creating package script '/home/ilyaes/Desktop/ros2project/moveit2_tuto/ros2_gantry_ws/install/gantry/share/gantry/package.bash'
[1.522s] INFO:colcon.colcon_core.shell:Creating package script '/home/ilyaes/Desktop/ros2project/moveit2_tuto/ros2_gantry_ws/install/gantry/share/gantry/package.zsh'
[1.523s] Level 1:colcon.colcon_core.environment:create_file_with_runtime_dependencies(/home/ilyaes/Desktop/ros2project/moveit2_tuto/ros2_gantry_ws/install/gantry/share/colcon-core/packages/gantry)
[1.523s] Level 1:colcon.colcon_core.environment:create_environment_scripts_only(gantry)
[1.523s] Level 1:colcon.colcon_core.environment:checking '/home/ilyaes/Desktop/ros2project/moveit2_tuto/ros2_gantry_ws/install/gantry' for CMake module files
[1.524s] Level 1:colcon.colcon_core.environment:checking '/home/ilyaes/Desktop/ros2project/moveit2_tuto/ros2_gantry_ws/install/gantry' for CMake config files
[1.524s] Level 1:colcon.colcon_core.shell:create_environment_hook('gantry', 'cmake_prefix_path')
[1.524s] INFO:colcon.colcon_core.shell:Creating environment hook '/home/ilyaes/Desktop/ros2project/moveit2_tuto/ros2_gantry_ws/install/gantry/share/gantry/hook/cmake_prefix_path.ps1'
[1.524s] INFO:colcon.colcon_core.shell:Creating environment descriptor '/home/ilyaes/Desktop/ros2project/moveit2_tuto/ros2_gantry_ws/install/gantry/share/gantry/hook/cmake_prefix_path.dsv'
[1.525s] INFO:colcon.colcon_core.shell:Creating environment hook '/home/ilyaes/Desktop/ros2project/moveit2_tuto/ros2_gantry_ws/install/gantry/share/gantry/hook/cmake_prefix_path.sh'
[1.525s] Level 1:colcon.colcon_core.environment:checking '/home/ilyaes/Desktop/ros2project/moveit2_tuto/ros2_gantry_ws/install/gantry/lib'
[1.525s] Level 1:colcon.colcon_core.environment:checking '/home/ilyaes/Desktop/ros2project/moveit2_tuto/ros2_gantry_ws/install/gantry/bin'
[1.525s] Level 1:colcon.colcon_core.environment:checking '/home/ilyaes/Desktop/ros2project/moveit2_tuto/ros2_gantry_ws/install/gantry/lib/pkgconfig/gantry.pc'
[1.525s] Level 1:colcon.colcon_core.environment:checking '/home/ilyaes/Desktop/ros2project/moveit2_tuto/ros2_gantry_ws/install/gantry/lib/python3.12/site-packages'
[1.525s] Level 1:colcon.colcon_core.shell:create_environment_hook('gantry', 'pythonpath')
[1.526s] INFO:colcon.colcon_core.shell:Creating environment hook '/home/ilyaes/Desktop/ros2project/moveit2_tuto/ros2_gantry_ws/install/gantry/share/gantry/hook/pythonpath.ps1'
[1.526s] INFO:colcon.colcon_core.shell:Creating environment descriptor '/home/ilyaes/Desktop/ros2project/moveit2_tuto/ros2_gantry_ws/install/gantry/share/gantry/hook/pythonpath.dsv'
[1.526s] INFO:colcon.colcon_core.shell:Creating environment hook '/home/ilyaes/Desktop/ros2project/moveit2_tuto/ros2_gantry_ws/install/gantry/share/gantry/hook/pythonpath.sh'
[1.527s] Level 1:colcon.colcon_core.environment:checking '/home/ilyaes/Desktop/ros2project/moveit2_tuto/ros2_gantry_ws/install/gantry/bin'
[1.527s] INFO:colcon.colcon_core.shell:Creating package script '/home/ilyaes/Desktop/ros2project/moveit2_tuto/ros2_gantry_ws/install/gantry/share/gantry/package.ps1'
[1.528s] INFO:colcon.colcon_core.shell:Creating package descriptor '/home/ilyaes/Desktop/ros2project/moveit2_tuto/ros2_gantry_ws/install/gantry/share/gantry/package.dsv'
[1.528s] INFO:colcon.colcon_core.shell:Creating package script '/home/ilyaes/Desktop/ros2project/moveit2_tuto/ros2_gantry_ws/install/gantry/share/gantry/package.sh'
[1.528s] INFO:colcon.colcon_core.shell:Creating package script '/home/ilyaes/Desktop/ros2project/moveit2_tuto/ros2_gantry_ws/install/gantry/share/gantry/package.bash'
[1.529s] INFO:colcon.colcon_core.shell:Creating package script '/home/ilyaes/Desktop/ros2project/moveit2_tuto/ros2_gantry_ws/install/gantry/share/gantry/package.zsh'
[1.529s] Level 1:colcon.colcon_core.environment:create_file_with_runtime_dependencies(/home/ilyaes/Desktop/ros2project/moveit2_tuto/ros2_gantry_ws/install/gantry/share/colcon-core/packages/gantry)
[1.529s] INFO:colcon.colcon_ros.task.ament_cmake.build:Building ROS package in '/home/ilyaes/Desktop/ros2project/moveit2_tuto/ros2_gantry_ws/src/gantry_moveit_config' with build type 'ament_cmake'
[1.530s] INFO:colcon.colcon_cmake.task.cmake.build:Building CMake package in '/home/ilyaes/Desktop/ros2project/moveit2_tuto/ros2_gantry_ws/src/gantry_moveit_config'
[1.530s] INFO:colcon.colcon_core.shell:Skip shell extension 'powershell' for command environment: Not usable outside of PowerShell
[1.530s] DEBUG:colcon.colcon_core.shell:Skip shell extension 'dsv' for command environment
[1.535s] INFO:colcon.colcon_ros.task.ament_cmake.build:Building ROS package in '/home/ilyaes/Desktop/ros2project/moveit2_tuto/ros2_gantry_ws/src/gantry_moveit_config_2' with build type 'ament_cmake'
[1.535s] INFO:colcon.colcon_cmake.task.cmake.build:Building CMake package in '/home/ilyaes/Desktop/ros2project/moveit2_tuto/ros2_gantry_ws/src/gantry_moveit_config_2'
[1.535s] INFO:colcon.colcon_core.shell:Skip shell extension 'powershell' for command environment: Not usable outside of PowerShell
[1.535s] DEBUG:colcon.colcon_core.shell:Skip shell extension 'dsv' for command environment
[1.544s] DEBUG:colcon.colcon_core.event_handler.log_command:Invoking command in '/home/ilyaes/Desktop/ros2project/moveit2_tuto/ros2_gantry_ws/build/gantry_moveit_config': CMAKE_PREFIX_PATH=/home/ilyaes/Desktop/ros2project/moveit2_tuto/ros2_gantry_ws/install/gantry:/home/ilyaes/Desktop/ros2project/moveit2_tuto/ros2_gantry_ws/install/gantry_moveit_config_2:/home/ilyaes/Desktop/ros2project/moveit2_tuto/ros2_gantry_ws/install/gantry_moveit_config:/opt/ros/jazzy/opt/gz_sim_vendor:/opt/ros/jazzy/opt/gz_sensors_vendor:/opt/ros/jazzy/opt/gz_physics_vendor:/opt/ros/jazzy/opt/sdformat_vendor:/opt/ros/jazzy/opt/gz_gui_vendor:/opt/ros/jazzy/opt/gz_transport_vendor:/opt/ros/jazzy/opt/gz_rendering_vendor:/opt/ros/jazzy/opt/gz_plugin_vendor:/opt/ros/jazzy/opt/gz_fuel_tools_vendor:/opt/ros/jazzy/opt/gz_msgs_vendor:/opt/ros/jazzy/opt/gz_common_vendor:/opt/ros/jazzy/opt/gz_math_vendor:/opt/ros/jazzy/opt/gz_utils_vendor:/opt/ros/jazzy/opt/gz_tools_vendor:/opt/ros/jazzy/opt/gz_ogre_next_vendor:/opt/ros/jazzy/opt/gz_dartsim_vendor:/opt/ros/jazzy/opt/gz_cmake_vendor:/opt/ros/jazzy DEBUGINFOD_URLS=https://debuginfod.ubuntu.com /usr/bin/cmake --build /home/ilyaes/Desktop/ros2project/moveit2_tuto/ros2_gantry_ws/build/gantry_moveit_config -- -j8 -l8
[1.548s] DEBUG:colcon.colcon_core.event_handler.log_command:Invoking command in '/home/ilyaes/Desktop/ros2project/moveit2_tuto/ros2_gantry_ws/build/gantry_moveit_config_2': CMAKE_PREFIX_PATH=/home/ilyaes/Desktop/ros2project/moveit2_tuto/ros2_gantry_ws/install/gantry:/home/ilyaes/Desktop/ros2project/moveit2_tuto/ros2_gantry_ws/install/gantry_moveit_config_2:/home/ilyaes/Desktop/ros2project/moveit2_tuto/ros2_gantry_ws/install/gantry_moveit_config:/opt/ros/jazzy/opt/gz_sim_vendor:/opt/ros/jazzy/opt/gz_sensors_vendor:/opt/ros/jazzy/opt/gz_physics_vendor:/opt/ros/jazzy/opt/sdformat_vendor:/opt/ros/jazzy/opt/gz_gui_vendor:/opt/ros/jazzy/opt/gz_transport_vendor:/opt/ros/jazzy/opt/gz_rendering_vendor:/opt/ros/jazzy/opt/gz_plugin_vendor:/opt/ros/jazzy/opt/gz_fuel_tools_vendor:/opt/ros/jazzy/opt/gz_msgs_vendor:/opt/ros/jazzy/opt/gz_common_vendor:/opt/ros/jazzy/opt/gz_math_vendor:/opt/ros/jazzy/opt/gz_utils_vendor:/opt/ros/jazzy/opt/gz_tools_vendor:/opt/ros/jazzy/opt/gz_ogre_next_vendor:/opt/ros/jazzy/opt/gz_dartsim_vendor:/opt/ros/jazzy/opt/gz_cmake_vendor:/opt/ros/jazzy DEBUGINFOD_URLS=https://debuginfod.ubuntu.com /usr/bin/cmake --build /home/ilyaes/Desktop/ros2project/moveit2_tuto/ros2_gantry_ws/build/gantry_moveit_config_2 -- -j8 -l8
[1.592s] DEBUG:colcon.colcon_core.event_handler.log_command:Invoked command in '/home/ilyaes/Desktop/ros2project/moveit2_tuto/ros2_gantry_ws/build/gantry_moveit_config_2' returned '0': CMAKE_PREFIX_PATH=/home/ilyaes/Desktop/ros2project/moveit2_tuto/ros2_gantry_ws/install/gantry:/home/ilyaes/Desktop/ros2project/moveit2_tuto/ros2_gantry_ws/install/gantry_moveit_config_2:/home/ilyaes/Desktop/ros2project/moveit2_tuto/ros2_gantry_ws/install/gantry_moveit_config:/opt/ros/jazzy/opt/gz_sim_vendor:/opt/ros/jazzy/opt/gz_sensors_vendor:/opt/ros/jazzy/opt/gz_physics_vendor:/opt/ros/jazzy/opt/sdformat_vendor:/opt/ros/jazzy/opt/gz_gui_vendor:/opt/ros/jazzy/opt/gz_transport_vendor:/opt/ros/jazzy/opt/gz_rendering_vendor:/opt/ros/jazzy/opt/gz_plugin_vendor:/opt/ros/jazzy/opt/gz_fuel_tools_vendor:/opt/ros/jazzy/opt/gz_msgs_vendor:/opt/ros/jazzy/opt/gz_common_vendor:/opt/ros/jazzy/opt/gz_math_vendor:/opt/ros/jazzy/opt/gz_utils_vendor:/opt/ros/jazzy/opt/gz_tools_vendor:/opt/ros/jazzy/opt/gz_ogre_next_vendor:/opt/ros/jazzy/opt/gz_dartsim_vendor:/opt/ros/jazzy/opt/gz_cmake_vendor:/opt/ros/jazzy DEBUGINFOD_URLS=https://debuginfod.ubuntu.com /usr/bin/cmake --build /home/ilyaes/Desktop/ros2project/moveit2_tuto/ros2_gantry_ws/build/gantry_moveit_config_2 -- -j8 -l8
[1.594s] DEBUG:colcon.colcon_core.event_handler.log_command:Invoking command in '/home/ilyaes/Desktop/ros2project/moveit2_tuto/ros2_gantry_ws/build/gantry_moveit_config_2': CMAKE_PREFIX_PATH=/home/ilyaes/Desktop/ros2project/moveit2_tuto/ros2_gantry_ws/install/gantry:/home/ilyaes/Desktop/ros2project/moveit2_tuto/ros2_gantry_ws/install/gantry_moveit_config_2:/home/ilyaes/Desktop/ros2project/moveit2_tuto/ros2_gantry_ws/install/gantry_moveit_config:/opt/ros/jazzy/opt/gz_sim_vendor:/opt/ros/jazzy/opt/gz_sensors_vendor:/opt/ros/jazzy/opt/gz_physics_vendor:/opt/ros/jazzy/opt/sdformat_vendor:/opt/ros/jazzy/opt/gz_gui_vendor:/opt/ros/jazzy/opt/gz_transport_vendor:/opt/ros/jazzy/opt/gz_rendering_vendor:/opt/ros/jazzy/opt/gz_plugin_vendor:/opt/ros/jazzy/opt/gz_fuel_tools_vendor:/opt/ros/jazzy/opt/gz_msgs_vendor:/opt/ros/jazzy/opt/gz_common_vendor:/opt/ros/jazzy/opt/gz_math_vendor:/opt/ros/jazzy/opt/gz_utils_vendor:/opt/ros/jazzy/opt/gz_tools_vendor:/opt/ros/jazzy/opt/gz_ogre_next_vendor:/opt/ros/jazzy/opt/gz_dartsim_vendor:/opt/ros/jazzy/opt/gz_cmake_vendor:/opt/ros/jazzy DEBUGINFOD_URLS=https://debuginfod.ubuntu.com /usr/bin/cmake --install /home/ilyaes/Desktop/ros2project/moveit2_tuto/ros2_gantry_ws/build/gantry_moveit_config_2
[1.594s] DEBUG:colcon.colcon_core.event_handler.log_command:Invoked command in '/home/ilyaes/Desktop/ros2project/moveit2_tuto/ros2_gantry_ws/build/gantry_moveit_config' returned '0': CMAKE_PREFIX_PATH=/home/ilyaes/Desktop/ros2project/moveit2_tuto/ros2_gantry_ws/install/gantry:/home/ilyaes/Desktop/ros2project/moveit2_tuto/ros2_gantry_ws/install/gantry_moveit_config_2:/home/ilyaes/Desktop/ros2project/moveit2_tuto/ros2_gantry_ws/install/gantry_moveit_config:/opt/ros/jazzy/opt/gz_sim_vendor:/opt/ros/jazzy/opt/gz_sensors_vendor:/opt/ros/jazzy/opt/gz_physics_vendor:/opt/ros/jazzy/opt/sdformat_vendor:/opt/ros/jazzy/opt/gz_gui_vendor:/opt/ros/jazzy/opt/gz_transport_vendor:/opt/ros/jazzy/opt/gz_rendering_vendor:/opt/ros/jazzy/opt/gz_plugin_vendor:/opt/ros/jazzy/opt/gz_fuel_tools_vendor:/opt/ros/jazzy/opt/gz_msgs_vendor:/opt/ros/jazzy/opt/gz_common_vendor:/opt/ros/jazzy/opt/gz_math_vendor:/opt/ros/jazzy/opt/gz_utils_vendor:/opt/ros/jazzy/opt/gz_tools_vendor:/opt/ros/jazzy/opt/gz_ogre_next_vendor:/opt/ros/jazzy/opt/gz_dartsim_vendor:/opt/ros/jazzy/opt/gz_cmake_vendor:/opt/ros/jazzy DEBUGINFOD_URLS=https://debuginfod.ubuntu.com /usr/bin/cmake --build /home/ilyaes/Desktop/ros2project/moveit2_tuto/ros2_gantry_ws/build/gantry_moveit_config -- -j8 -l8
[1.596s] DEBUG:colcon.colcon_core.event_handler.log_command:Invoking command in '/home/ilyaes/Desktop/ros2project/moveit2_tuto/ros2_gantry_ws/build/gantry_moveit_config': CMAKE_PREFIX_PATH=/home/ilyaes/Desktop/ros2project/moveit2_tuto/ros2_gantry_ws/install/gantry:/home/ilyaes/Desktop/ros2project/moveit2_tuto/ros2_gantry_ws/install/gantry_moveit_config_2:/home/ilyaes/Desktop/ros2project/moveit2_tuto/ros2_gantry_ws/install/gantry_moveit_config:/opt/ros/jazzy/opt/gz_sim_vendor:/opt/ros/jazzy/opt/gz_sensors_vendor:/opt/ros/jazzy/opt/gz_physics_vendor:/opt/ros/jazzy/opt/sdformat_vendor:/opt/ros/jazzy/opt/gz_gui_vendor:/opt/ros/jazzy/opt/gz_transport_vendor:/opt/ros/jazzy/opt/gz_rendering_vendor:/opt/ros/jazzy/opt/gz_plugin_vendor:/opt/ros/jazzy/opt/gz_fuel_tools_vendor:/opt/ros/jazzy/opt/gz_msgs_vendor:/opt/ros/jazzy/opt/gz_common_vendor:/opt/ros/jazzy/opt/gz_math_vendor:/opt/ros/jazzy/opt/gz_utils_vendor:/opt/ros/jazzy/opt/gz_tools_vendor:/opt/ros/jazzy/opt/gz_ogre_next_vendor:/opt/ros/jazzy/opt/gz_dartsim_vendor:/opt/ros/jazzy/opt/gz_cmake_vendor:/opt/ros/jazzy DEBUGINFOD_URLS=https://debuginfod.ubuntu.com /usr/bin/cmake --install /home/ilyaes/Desktop/ros2project/moveit2_tuto/ros2_gantry_ws/build/gantry_moveit_config
[1.610s] Level 1:colcon.colcon_core.environment:create_environment_scripts_only(gantry_moveit_config_2)
[1.610s] Level 1:colcon.colcon_core.environment:checking '/home/ilyaes/Desktop/ros2project/moveit2_tuto/ros2_gantry_ws/install/gantry_moveit_config_2' for CMake module files
[1.612s] Level 1:colcon.colcon_core.environment:checking '/home/ilyaes/Desktop/ros2project/moveit2_tuto/ros2_gantry_ws/install/gantry_moveit_config_2' for CMake config files
[1.616s] DEBUG:colcon.colcon_core.event_handler.log_command:Invoked command in '/home/ilyaes/Desktop/ros2project/moveit2_tuto/ros2_gantry_ws/build/gantry_moveit_config_2' returned '0': CMAKE_PREFIX_PATH=/home/ilyaes/Desktop/ros2project/moveit2_tuto/ros2_gantry_ws/install/gantry:/home/ilyaes/Desktop/ros2project/moveit2_tuto/ros2_gantry_ws/install/gantry_moveit_config_2:/home/ilyaes/Desktop/ros2project/moveit2_tuto/ros2_gantry_ws/install/gantry_moveit_config:/opt/ros/jazzy/opt/gz_sim_vendor:/opt/ros/jazzy/opt/gz_sensors_vendor:/opt/ros/jazzy/opt/gz_physics_vendor:/opt/ros/jazzy/opt/sdformat_vendor:/opt/ros/jazzy/opt/gz_gui_vendor:/opt/ros/jazzy/opt/gz_transport_vendor:/opt/ros/jazzy/opt/gz_rendering_vendor:/opt/ros/jazzy/opt/gz_plugin_vendor:/opt/ros/jazzy/opt/gz_fuel_tools_vendor:/opt/ros/jazzy/opt/gz_msgs_vendor:/opt/ros/jazzy/opt/gz_common_vendor:/opt/ros/jazzy/opt/gz_math_vendor:/opt/ros/jazzy/opt/gz_utils_vendor:/opt/ros/jazzy/opt/gz_tools_vendor:/opt/ros/jazzy/opt/gz_ogre_next_vendor:/opt/ros/jazzy/opt/gz_dartsim_vendor:/opt/ros/jazzy/opt/gz_cmake_vendor:/opt/ros/jazzy DEBUGINFOD_URLS=https://debuginfod.ubuntu.com /usr/bin/cmake --install /home/ilyaes/Desktop/ros2project/moveit2_tuto/ros2_gantry_ws/build/gantry_moveit_config_2
[1.617s] Level 1:colcon.colcon_core.shell:create_environment_hook('gantry_moveit_config_2', 'cmake_prefix_path')
[1.617s] INFO:colcon.colcon_core.shell:Creating environment hook '/home/ilyaes/Desktop/ros2project/moveit2_tuto/ros2_gantry_ws/install/gantry_moveit_config_2/share/gantry_moveit_config_2/hook/cmake_prefix_path.ps1'
[1.618s] INFO:colcon.colcon_core.shell:Creating environment descriptor '/home/ilyaes/Desktop/ros2project/moveit2_tuto/ros2_gantry_ws/install/gantry_moveit_config_2/share/gantry_moveit_config_2/hook/cmake_prefix_path.dsv'
[1.618s] INFO:colcon.colcon_core.shell:Creating environment hook '/home/ilyaes/Desktop/ros2project/moveit2_tuto/ros2_gantry_ws/install/gantry_moveit_config_2/share/gantry_moveit_config_2/hook/cmake_prefix_path.sh'
[1.618s] Level 1:colcon.colcon_core.environment:checking '/home/ilyaes/Desktop/ros2project/moveit2_tuto/ros2_gantry_ws/install/gantry_moveit_config_2/bin'
[1.619s] Level 1:colcon.colcon_core.environment:checking '/home/ilyaes/Desktop/ros2project/moveit2_tuto/ros2_gantry_ws/install/gantry_moveit_config_2/lib/pkgconfig/gantry_moveit_config_2.pc'
[1.619s] Level 1:colcon.colcon_core.environment:checking '/home/ilyaes/Desktop/ros2project/moveit2_tuto/ros2_gantry_ws/install/gantry_moveit_config_2/lib/python3.12/site-packages'
[1.619s] Level 1:colcon.colcon_core.environment:checking '/home/ilyaes/Desktop/ros2project/moveit2_tuto/ros2_gantry_ws/install/gantry_moveit_config_2/bin'
[1.619s] INFO:colcon.colcon_core.shell:Creating package script '/home/ilyaes/Desktop/ros2project/moveit2_tuto/ros2_gantry_ws/install/gantry_moveit_config_2/share/gantry_moveit_config_2/package.ps1'
[1.620s] INFO:colcon.colcon_core.shell:Creating package descriptor '/home/ilyaes/Desktop/ros2project/moveit2_tuto/ros2_gantry_ws/install/gantry_moveit_config_2/share/gantry_moveit_config_2/package.dsv'
[1.620s] INFO:colcon.colcon_core.shell:Creating package script '/home/ilyaes/Desktop/ros2project/moveit2_tuto/ros2_gantry_ws/install/gantry_moveit_config_2/share/gantry_moveit_config_2/package.sh'
[1.620s] INFO:colcon.colcon_core.shell:Creating package script '/home/ilyaes/Desktop/ros2project/moveit2_tuto/ros2_gantry_ws/install/gantry_moveit_config_2/share/gantry_moveit_config_2/package.bash'
[1.621s] INFO:colcon.colcon_core.shell:Creating package script '/home/ilyaes/Desktop/ros2project/moveit2_tuto/ros2_gantry_ws/install/gantry_moveit_config_2/share/gantry_moveit_config_2/package.zsh'
[1.621s] Level 1:colcon.colcon_core.environment:create_file_with_runtime_dependencies(/home/ilyaes/Desktop/ros2project/moveit2_tuto/ros2_gantry_ws/install/gantry_moveit_config_2/share/colcon-core/packages/gantry_moveit_config_2)
[1.621s] Level 1:colcon.colcon_core.environment:create_environment_scripts_only(gantry_moveit_config_2)
[1.621s] Level 1:colcon.colcon_core.environment:checking '/home/ilyaes/Desktop/ros2project/moveit2_tuto/ros2_gantry_ws/install/gantry_moveit_config_2' for CMake module files
[1.622s] Level 1:colcon.colcon_core.environment:checking '/home/ilyaes/Desktop/ros2project/moveit2_tuto/ros2_gantry_ws/install/gantry_moveit_config_2' for CMake config files
[1.622s] Level 1:colcon.colcon_core.shell:create_environment_hook('gantry_moveit_config_2', 'cmake_prefix_path')
[1.622s] INFO:colcon.colcon_core.shell:Creating environment hook '/home/ilyaes/Desktop/ros2project/moveit2_tuto/ros2_gantry_ws/install/gantry_moveit_config_2/share/gantry_moveit_config_2/hook/cmake_prefix_path.ps1'
[1.623s] INFO:colcon.colcon_core.shell:Creating environment descriptor '/home/ilyaes/Desktop/ros2project/moveit2_tuto/ros2_gantry_ws/install/gantry_moveit_config_2/share/gantry_moveit_config_2/hook/cmake_prefix_path.dsv'
[1.623s] INFO:colcon.colcon_core.shell:Creating environment hook '/home/ilyaes/Desktop/ros2project/moveit2_tuto/ros2_gantry_ws/install/gantry_moveit_config_2/share/gantry_moveit_config_2/hook/cmake_prefix_path.sh'
[1.623s] Level 1:colcon.colcon_core.environment:checking '/home/ilyaes/Desktop/ros2project/moveit2_tuto/ros2_gantry_ws/install/gantry_moveit_config_2/bin'
[1.623s] Level 1:colcon.colcon_core.environment:checking '/home/ilyaes/Desktop/ros2project/moveit2_tuto/ros2_gantry_ws/install/gantry_moveit_config_2/lib/pkgconfig/gantry_moveit_config_2.pc'
[1.624s] Level 1:colcon.colcon_core.environment:checking '/home/ilyaes/Desktop/ros2project/moveit2_tuto/ros2_gantry_ws/install/gantry_moveit_config_2/lib/python3.12/site-packages'
[1.624s] Level 1:colcon.colcon_core.environment:checking '/home/ilyaes/Desktop/ros2project/moveit2_tuto/ros2_gantry_ws/install/gantry_moveit_config_2/bin'
[1.624s] INFO:colcon.colcon_core.shell:Creating package script '/home/ilyaes/Desktop/ros2project/moveit2_tuto/ros2_gantry_ws/install/gantry_moveit_config_2/share/gantry_moveit_config_2/package.ps1'
[1.624s] INFO:colcon.colcon_core.shell:Creating package descriptor '/home/ilyaes/Desktop/ros2project/moveit2_tuto/ros2_gantry_ws/install/gantry_moveit_config_2/share/gantry_moveit_config_2/package.dsv'
[1.625s] INFO:colcon.colcon_core.shell:Creating package script '/home/ilyaes/Desktop/ros2project/moveit2_tuto/ros2_gantry_ws/install/gantry_moveit_config_2/share/gantry_moveit_config_2/package.sh'
[1.625s] INFO:colcon.colcon_core.shell:Creating package script '/home/ilyaes/Desktop/ros2project/moveit2_tuto/ros2_gantry_ws/install/gantry_moveit_config_2/share/gantry_moveit_config_2/package.bash'
[1.626s] INFO:colcon.colcon_core.shell:Creating package script '/home/ilyaes/Desktop/ros2project/moveit2_tuto/ros2_gantry_ws/install/gantry_moveit_config_2/share/gantry_moveit_config_2/package.zsh'
[1.626s] Level 1:colcon.colcon_core.environment:create_file_with_runtime_dependencies(/home/ilyaes/Desktop/ros2project/moveit2_tuto/ros2_gantry_ws/install/gantry_moveit_config_2/share/colcon-core/packages/gantry_moveit_config_2)
[1.627s] Level 1:colcon.colcon_core.environment:create_environment_scripts_only(gantry_moveit_config)
[1.627s] Level 1:colcon.colcon_core.environment:checking '/home/ilyaes/Desktop/ros2project/moveit2_tuto/ros2_gantry_ws/install/gantry_moveit_config' for CMake module files
[1.627s] DEBUG:colcon.colcon_core.event_handler.log_command:Invoked command in '/home/ilyaes/Desktop/ros2project/moveit2_tuto/ros2_gantry_ws/build/gantry_moveit_config' returned '0': CMAKE_PREFIX_PATH=/home/ilyaes/Desktop/ros2project/moveit2_tuto/ros2_gantry_ws/install/gantry:/home/ilyaes/Desktop/ros2project/moveit2_tuto/ros2_gantry_ws/install/gantry_moveit_config_2:/home/ilyaes/Desktop/ros2project/moveit2_tuto/ros2_gantry_ws/install/gantry_moveit_config:/opt/ros/jazzy/opt/gz_sim_vendor:/opt/ros/jazzy/opt/gz_sensors_vendor:/opt/ros/jazzy/opt/gz_physics_vendor:/opt/ros/jazzy/opt/sdformat_vendor:/opt/ros/jazzy/opt/gz_gui_vendor:/opt/ros/jazzy/opt/gz_transport_vendor:/opt/ros/jazzy/opt/gz_rendering_vendor:/opt/ros/jazzy/opt/gz_plugin_vendor:/opt/ros/jazzy/opt/gz_fuel_tools_vendor:/opt/ros/jazzy/opt/gz_msgs_vendor:/opt/ros/jazzy/opt/gz_common_vendor:/opt/ros/jazzy/opt/gz_math_vendor:/opt/ros/jazzy/opt/gz_utils_vendor:/opt/ros/jazzy/opt/gz_tools_vendor:/opt/ros/jazzy/opt/gz_ogre_next_vendor:/opt/ros/jazzy/opt/gz_dartsim_vendor:/opt/ros/jazzy/opt/gz_cmake_vendor:/opt/ros/jazzy DEBUGINFOD_URLS=https://debuginfod.ubuntu.com /usr/bin/cmake --install /home/ilyaes/Desktop/ros2project/moveit2_tuto/ros2_gantry_ws/build/gantry_moveit_config
[1.628s] Level 1:colcon.colcon_core.environment:checking '/home/ilyaes/Desktop/ros2project/moveit2_tuto/ros2_gantry_ws/install/gantry_moveit_config' for CMake config files
[1.628s] Level 1:colcon.colcon_core.shell:create_environment_hook('gantry_moveit_config', 'cmake_prefix_path')
[1.628s] INFO:colcon.colcon_core.shell:Creating environment hook '/home/ilyaes/Desktop/ros2project/moveit2_tuto/ros2_gantry_ws/install/gantry_moveit_config/share/gantry_moveit_config/hook/cmake_prefix_path.ps1'
[1.629s] INFO:colcon.colcon_core.shell:Creating environment descriptor '/home/ilyaes/Desktop/ros2project/moveit2_tuto/ros2_gantry_ws/install/gantry_moveit_config/share/gantry_moveit_config/hook/cmake_prefix_path.dsv'
[1.629s] INFO:colcon.colcon_core.shell:Creating environment hook '/home/ilyaes/Desktop/ros2project/moveit2_tuto/ros2_gantry_ws/install/gantry_moveit_config/share/gantry_moveit_config/hook/cmake_prefix_path.sh'
[1.629s] Level 1:colcon.colcon_core.environment:checking '/home/ilyaes/Desktop/ros2project/moveit2_tuto/ros2_gantry_ws/install/gantry_moveit_config/bin'
[1.630s] Level 1:colcon.colcon_core.environment:checking '/home/ilyaes/Desktop/ros2project/moveit2_tuto/ros2_gantry_ws/install/gantry_moveit_config/lib/pkgconfig/gantry_moveit_config.pc'
[1.630s] Level 1:colcon.colcon_core.environment:checking '/home/ilyaes/Desktop/ros2project/moveit2_tuto/ros2_gantry_ws/install/gantry_moveit_config/lib/python3.12/site-packages'
[1.630s] Level 1:colcon.colcon_core.environment:checking '/home/ilyaes/Desktop/ros2project/moveit2_tuto/ros2_gantry_ws/install/gantry_moveit_config/bin'
[1.630s] INFO:colcon.colcon_core.shell:Creating package script '/home/ilyaes/Desktop/ros2project/moveit2_tuto/ros2_gantry_ws/install/gantry_moveit_config/share/gantry_moveit_config/package.ps1'
[1.631s] INFO:colcon.colcon_core.shell:Creating package descriptor '/home/ilyaes/Desktop/ros2project/moveit2_tuto/ros2_gantry_ws/install/gantry_moveit_config/share/gantry_moveit_config/package.dsv'
[1.631s] INFO:colcon.colcon_core.shell:Creating package script '/home/ilyaes/Desktop/ros2project/moveit2_tuto/ros2_gantry_ws/install/gantry_moveit_config/share/gantry_moveit_config/package.sh'
[1.631s] INFO:colcon.colcon_core.shell:Creating package script '/home/ilyaes/Desktop/ros2project/moveit2_tuto/ros2_gantry_ws/install/gantry_moveit_config/share/gantry_moveit_config/package.bash'
[1.632s] INFO:colcon.colcon_core.shell:Creating package script '/home/ilyaes/Desktop/ros2project/moveit2_tuto/ros2_gantry_ws/install/gantry_moveit_config/share/gantry_moveit_config/package.zsh'
[1.632s] Level 1:colcon.colcon_core.environment:create_file_with_runtime_dependencies(/home/ilyaes/Desktop/ros2project/moveit2_tuto/ros2_gantry_ws/install/gantry_moveit_config/share/colcon-core/packages/gantry_moveit_config)
[1.632s] Level 1:colcon.colcon_core.environment:create_environment_scripts_only(gantry_moveit_config)
[1.632s] Level 1:colcon.colcon_core.environment:checking '/home/ilyaes/Desktop/ros2project/moveit2_tuto/ros2_gantry_ws/install/gantry_moveit_config' for CMake module files
[1.633s] Level 1:colcon.colcon_core.environment:checking '/home/ilyaes/Desktop/ros2project/moveit2_tuto/ros2_gantry_ws/install/gantry_moveit_config' for CMake config files
[1.633s] Level 1:colcon.colcon_core.shell:create_environment_hook('gantry_moveit_config', 'cmake_prefix_path')
[1.633s] INFO:colcon.colcon_core.shell:Creating environment hook '/home/ilyaes/Desktop/ros2project/moveit2_tuto/ros2_gantry_ws/install/gantry_moveit_config/share/gantry_moveit_config/hook/cmake_prefix_path.ps1'
[1.633s] INFO:colcon.colcon_core.shell:Creating environment descriptor '/home/ilyaes/Desktop/ros2project/moveit2_tuto/ros2_gantry_ws/install/gantry_moveit_config/share/gantry_moveit_config/hook/cmake_prefix_path.dsv'
[1.634s] INFO:colcon.colcon_core.shell:Creating environment hook '/home/ilyaes/Desktop/ros2project/moveit2_tuto/ros2_gantry_ws/install/gantry_moveit_config/share/gantry_moveit_config/hook/cmake_prefix_path.sh'
[1.634s] Level 1:colcon.colcon_core.environment:checking '/home/ilyaes/Desktop/ros2project/moveit2_tuto/ros2_gantry_ws/install/gantry_moveit_config/bin'
[1.634s] Level 1:colcon.colcon_core.environment:checking '/home/ilyaes/Desktop/ros2project/moveit2_tuto/ros2_gantry_ws/install/gantry_moveit_config/lib/pkgconfig/gantry_moveit_config.pc'
[1.635s] Level 1:colcon.colcon_core.environment:checking '/home/ilyaes/Desktop/ros2project/moveit2_tuto/ros2_gantry_ws/install/gantry_moveit_config/lib/python3.12/site-packages'
[1.635s] Level 1:colcon.colcon_core.environment:checking '/home/ilyaes/Desktop/ros2project/moveit2_tuto/ros2_gantry_ws/install/gantry_moveit_config/bin'
[1.635s] INFO:colcon.colcon_core.shell:Creating package script '/home/ilyaes/Desktop/ros2project/moveit2_tuto/ros2_gantry_ws/install/gantry_moveit_config/share/gantry_moveit_config/package.ps1'
[1.636s] INFO:colcon.colcon_core.shell:Creating package descriptor '/home/ilyaes/Desktop/ros2project/moveit2_tuto/ros2_gantry_ws/install/gantry_moveit_config/share/gantry_moveit_config/package.dsv'
[1.646s] INFO:colcon.colcon_core.shell:Creating package script '/home/ilyaes/Desktop/ros2project/moveit2_tuto/ros2_gantry_ws/install/gantry_moveit_config/share/gantry_moveit_config/package.sh'
[1.646s] INFO:colcon.colcon_core.shell:Creating package script '/home/ilyaes/Desktop/ros2project/moveit2_tuto/ros2_gantry_ws/install/gantry_moveit_config/share/gantry_moveit_config/package.bash'
[1.647s] INFO:colcon.colcon_core.shell:Creating package script '/home/ilyaes/Desktop/ros2project/moveit2_tuto/ros2_gantry_ws/install/gantry_moveit_config/share/gantry_moveit_config/package.zsh'
[1.647s] Level 1:colcon.colcon_core.environment:create_file_with_runtime_dependencies(/home/ilyaes/Desktop/ros2project/moveit2_tuto/ros2_gantry_ws/install/gantry_moveit_config/share/colcon-core/packages/gantry_moveit_config)
[1.647s] DEBUG:colcon.colcon_parallel_executor.executor.parallel:closing loop
[1.647s] DEBUG:colcon.colcon_parallel_executor.executor.parallel:loop closed
[1.647s] DEBUG:colcon.colcon_parallel_executor.executor.parallel:run_until_complete finished with '0'
[1.647s] DEBUG:colcon.colcon_core.event_reactor:joining thread
[1.660s] INFO:colcon.colcon_core.plugin_system:Skipping extension 'colcon_notification.desktop_notification.terminal_notifier': Not used on non-Darwin systems
[1.660s] INFO:colcon.colcon_core.plugin_system:Skipping extension 'colcon_notification.desktop_notification.win32': Not used on non-Windows systems
[1.660s] INFO:colcon.colcon_notification.desktop_notification:Sending desktop notification using 'notify2'
[1.681s] DEBUG:colcon.colcon_core.event_reactor:joined thread
[1.681s] INFO:colcon.colcon_core.shell:Creating prefix script '/home/ilyaes/Desktop/ros2project/moveit2_tuto/ros2_gantry_ws/install/local_setup.ps1'
[1.683s] INFO:colcon.colcon_core.shell:Creating prefix util module '/home/ilyaes/Desktop/ros2project/moveit2_tuto/ros2_gantry_ws/install/_local_setup_util_ps1.py'
[1.685s] INFO:colcon.colcon_core.shell:Creating prefix chain script '/home/ilyaes/Desktop/ros2project/moveit2_tuto/ros2_gantry_ws/install/setup.ps1'
[1.686s] INFO:colcon.colcon_core.shell:Creating prefix script '/home/ilyaes/Desktop/ros2project/moveit2_tuto/ros2_gantry_ws/install/local_setup.sh'
[1.687s] INFO:colcon.colcon_core.shell:Creating prefix util module '/home/ilyaes/Desktop/ros2project/moveit2_tuto/ros2_gantry_ws/install/_local_setup_util_sh.py'
[1.688s] INFO:colcon.colcon_core.shell:Creating prefix chain script '/home/ilyaes/Desktop/ros2project/moveit2_tuto/ros2_gantry_ws/install/setup.sh'
[1.689s] INFO:colcon.colcon_core.shell:Creating prefix script '/home/ilyaes/Desktop/ros2project/moveit2_tuto/ros2_gantry_ws/install/local_setup.bash'
[1.690s] INFO:colcon.colcon_core.shell:Creating prefix chain script '/home/ilyaes/Desktop/ros2project/moveit2_tuto/ros2_gantry_ws/install/setup.bash'
[1.691s] INFO:colcon.colcon_core.shell:Creating prefix script '/home/ilyaes/Desktop/ros2project/moveit2_tuto/ros2_gantry_ws/install/local_setup.zsh'
[1.691s] INFO:colcon.colcon_core.shell:Creating prefix chain script '/home/ilyaes/Desktop/ros2project/moveit2_tuto/ros2_gantry_ws/install/setup.zsh'
