[0.255s] DEBUG:colcon:Command line arguments: ['/home/ilyaes/.local/bin/colcon', 'build']
[0.255s] DEBUG:colcon:Parsed command line arguments: Namespace(log_base=None, log_level=None, verb_name='build', build_base='build', install_base='install', merge_install=False, symlink_install=False, test_result_base=None, continue_on_error=False, executor='parallel', parallel_workers=8, event_handlers=None, ignore_user_meta=False, metas=['./colcon.meta'], base_paths=['.'], packages_ignore=None, packages_ignore_regex=None, paths=None, packages_up_to=None, packages_up_to_regex=None, packages_above=None, packages_above_and_dependencies=None, packages_above_depth=None, packages_select_by_dep=None, packages_skip_by_dep=None, packages_skip_up_to=None, packages_select_build_failed=False, packages_skip_build_finished=False, packages_select_test_failures=False, packages_skip_test_passed=False, packages_select=None, packages_skip=None, packages_select_regex=None, packages_skip_regex=None, packages_start=None, packages_end=None, allow_overriding=[], cmake_args=None, cmake_target=None, cmake_target_skip_unavailable=False, cmake_clean_cache=False, cmake_clean_first=False, cmake_force_configure=False, ament_cmake_args=None, catkin_cmake_args=None, catkin_skip_building_tests=False, verb_parser=<colcon_defaults.argument_parser.defaults.DefaultArgumentsDecorator object at 0x7e1d32c1b740>, verb_extension=<colcon_core.verb.build.BuildVerb object at 0x7e1d32d636e0>, main=<bound method BuildVerb.main of <colcon_core.verb.build.BuildVerb object at 0x7e1d32d636e0>>)
[0.313s] Level 1:colcon.colcon_core.package_discovery:discover_packages(colcon_meta) check parameters
[0.313s] Level 1:colcon.colcon_core.package_discovery:discover_packages(recursive) check parameters
[0.313s] Level 1:colcon.colcon_core.package_discovery:discover_packages(ignore) check parameters
[0.313s] Level 1:colcon.colcon_core.package_discovery:discover_packages(path) check parameters
[0.314s] Level 1:colcon.colcon_core.package_discovery:discover_packages(colcon_meta) discover
[0.314s] Level 1:colcon.colcon_core.package_discovery:discover_packages(recursive) discover
[0.314s] INFO:colcon.colcon_core.package_discovery:Crawling recursively for packages in '/home/ilyaes/Desktop/ros2project/moveit2_tuto/ros2_gantry_ws'
[0.314s] Level 1:colcon.colcon_core.package_identification:_identify(.) by extensions ['ignore', 'ignore_ament_install']
[0.314s] Level 1:colcon.colcon_core.package_identification:_identify(.) by extension 'ignore'
[0.314s] Level 1:colcon.colcon_core.package_identification:_identify(.) by extension 'ignore_ament_install'
[0.314s] Level 1:colcon.colcon_core.package_identification:_identify(.) by extensions ['colcon_pkg']
[0.314s] Level 1:colcon.colcon_core.package_identification:_identify(.) by extension 'colcon_pkg'
[0.314s] Level 1:colcon.colcon_core.package_identification:_identify(.) by extensions ['colcon_meta']
[0.314s] Level 1:colcon.colcon_core.package_identification:_identify(.) by extension 'colcon_meta'
[0.314s] Level 1:colcon.colcon_core.package_identification:_identify(.) by extensions ['ros']
[0.314s] Level 1:colcon.colcon_core.package_identification:_identify(.) by extension 'ros'
[0.343s] Level 1:colcon.colcon_core.package_identification:_identify(.) by extensions ['cmake', 'python']
[0.343s] Level 1:colcon.colcon_core.package_identification:_identify(.) by extension 'cmake'
[0.343s] Level 1:colcon.colcon_core.package_identification:_identify(.) by extension 'python'
[0.343s] Level 1:colcon.colcon_core.package_identification:_identify(.) by extensions ['python_setup_py']
[0.343s] Level 1:colcon.colcon_core.package_identification:_identify(.) by extension 'python_setup_py'
[0.343s] Level 1:colcon.colcon_core.package_identification:_identify(build) by extensions ['ignore', 'ignore_ament_install']
[0.343s] Level 1:colcon.colcon_core.package_identification:_identify(build) by extension 'ignore'
[0.343s] Level 1:colcon.colcon_core.package_identification:_identify(build) ignored
[0.343s] Level 1:colcon.colcon_core.package_identification:_identify(install) by extensions ['ignore', 'ignore_ament_install']
[0.343s] Level 1:colcon.colcon_core.package_identification:_identify(install) by extension 'ignore'
[0.344s] Level 1:colcon.colcon_core.package_identification:_identify(install) ignored
[0.344s] Level 1:colcon.colcon_core.package_identification:_identify(log) by extensions ['ignore', 'ignore_ament_install']
[0.344s] Level 1:colcon.colcon_core.package_identification:_identify(log) by extension 'ignore'
[0.344s] Level 1:colcon.colcon_core.package_identification:_identify(log) ignored
[0.344s] Level 1:colcon.colcon_core.package_identification:_identify(src) by extensions ['ignore', 'ignore_ament_install']
[0.344s] Level 1:colcon.colcon_core.package_identification:_identify(src) by extension 'ignore'
[0.344s] Level 1:colcon.colcon_core.package_identification:_identify(src) by extension 'ignore_ament_install'
[0.344s] Level 1:colcon.colcon_core.package_identification:_identify(src) by extensions ['colcon_pkg']
[0.344s] Level 1:colcon.colcon_core.package_identification:_identify(src) by extension 'colcon_pkg'
[0.344s] Level 1:colcon.colcon_core.package_identification:_identify(src) by extensions ['colcon_meta']
[0.344s] Level 1:colcon.colcon_core.package_identification:_identify(src) by extension 'colcon_meta'
[0.344s] Level 1:colcon.colcon_core.package_identification:_identify(src) by extensions ['ros']
[0.344s] Level 1:colcon.colcon_core.package_identification:_identify(src) by extension 'ros'
[0.344s] Level 1:colcon.colcon_core.package_identification:_identify(src) by extensions ['cmake', 'python']
[0.344s] Level 1:colcon.colcon_core.package_identification:_identify(src) by extension 'cmake'
[0.344s] Level 1:colcon.colcon_core.package_identification:_identify(src) by extension 'python'
[0.344s] Level 1:colcon.colcon_core.package_identification:_identify(src) by extensions ['python_setup_py']
[0.344s] Level 1:colcon.colcon_core.package_identification:_identify(src) by extension 'python_setup_py'
[0.345s] Level 1:colcon.colcon_core.package_identification:_identify(src/gantry) by extensions ['ignore', 'ignore_ament_install']
[0.345s] Level 1:colcon.colcon_core.package_identification:_identify(src/gantry) by extension 'ignore'
[0.345s] Level 1:colcon.colcon_core.package_identification:_identify(src/gantry) by extension 'ignore_ament_install'
[0.345s] Level 1:colcon.colcon_core.package_identification:_identify(src/gantry) by extensions ['colcon_pkg']
[0.345s] Level 1:colcon.colcon_core.package_identification:_identify(src/gantry) by extension 'colcon_pkg'
[0.345s] Level 1:colcon.colcon_core.package_identification:_identify(src/gantry) by extensions ['colcon_meta']
[0.345s] Level 1:colcon.colcon_core.package_identification:_identify(src/gantry) by extension 'colcon_meta'
[0.345s] Level 1:colcon.colcon_core.package_identification:_identify(src/gantry) by extensions ['ros']
[0.345s] Level 1:colcon.colcon_core.package_identification:_identify(src/gantry) by extension 'ros'
[0.347s] DEBUG:colcon.colcon_core.package_identification:Package 'src/gantry' with type 'ros.ament_cmake' and name 'gantry'
[0.347s] Level 1:colcon.colcon_core.package_identification:_identify(src/gantry_moveit_config) by extensions ['ignore', 'ignore_ament_install']
[0.348s] Level 1:colcon.colcon_core.package_identification:_identify(src/gantry_moveit_config) by extension 'ignore'
[0.348s] Level 1:colcon.colcon_core.package_identification:_identify(src/gantry_moveit_config) by extension 'ignore_ament_install'
[0.348s] Level 1:colcon.colcon_core.package_identification:_identify(src/gantry_moveit_config) by extensions ['colcon_pkg']
[0.348s] Level 1:colcon.colcon_core.package_identification:_identify(src/gantry_moveit_config) by extension 'colcon_pkg'
[0.348s] Level 1:colcon.colcon_core.package_identification:_identify(src/gantry_moveit_config) by extensions ['colcon_meta']
[0.348s] Level 1:colcon.colcon_core.package_identification:_identify(src/gantry_moveit_config) by extension 'colcon_meta'
[0.348s] Level 1:colcon.colcon_core.package_identification:_identify(src/gantry_moveit_config) by extensions ['ros']
[0.348s] Level 1:colcon.colcon_core.package_identification:_identify(src/gantry_moveit_config) by extension 'ros'
[0.349s] DEBUG:colcon.colcon_core.package_identification:Package 'src/gantry_moveit_config' with type 'ros.ament_cmake' and name 'gantry_moveit_config'
[0.349s] Level 1:colcon.colcon_core.package_identification:_identify(src/gantry_moveit_config_2) by extensions ['ignore', 'ignore_ament_install']
[0.349s] Level 1:colcon.colcon_core.package_identification:_identify(src/gantry_moveit_config_2) by extension 'ignore'
[0.349s] Level 1:colcon.colcon_core.package_identification:_identify(src/gantry_moveit_config_2) by extension 'ignore_ament_install'
[0.349s] Level 1:colcon.colcon_core.package_identification:_identify(src/gantry_moveit_config_2) by extensions ['colcon_pkg']
[0.349s] Level 1:colcon.colcon_core.package_identification:_identify(src/gantry_moveit_config_2) by extension 'colcon_pkg'
[0.349s] Level 1:colcon.colcon_core.package_identification:_identify(src/gantry_moveit_config_2) by extensions ['colcon_meta']
[0.349s] Level 1:colcon.colcon_core.package_identification:_identify(src/gantry_moveit_config_2) by extension 'colcon_meta'
[0.349s] Level 1:colcon.colcon_core.package_identification:_identify(src/gantry_moveit_config_2) by extensions ['ros']
[0.349s] Level 1:colcon.colcon_core.package_identification:_identify(src/gantry_moveit_config_2) by extension 'ros'
[0.350s] DEBUG:colcon.colcon_core.package_identification:Package 'src/gantry_moveit_config_2' with type 'ros.ament_cmake' and name 'gantry_moveit_config_2'
[0.350s] Level 1:colcon.colcon_core.package_discovery:discover_packages(recursive) using defaults
[0.350s] Level 1:colcon.colcon_core.package_discovery:discover_packages(ignore) discover
[0.350s] Level 1:colcon.colcon_core.package_discovery:discover_packages(ignore) using defaults
[0.350s] Level 1:colcon.colcon_core.package_discovery:discover_packages(path) discover
[0.350s] Level 1:colcon.colcon_core.package_discovery:discover_packages(path) using defaults
[0.375s] Level 1:colcon.colcon_core.package_discovery:discover_packages(prefix_path) check parameters
[0.375s] Level 1:colcon.colcon_core.package_discovery:discover_packages(prefix_path) discover
[0.381s] DEBUG:colcon.colcon_installed_package_information.package_discovery:Found 559 installed packages in /opt/ros/jazzy
[0.383s] Level 1:colcon.colcon_core.package_discovery:discover_packages(prefix_path) using defaults
[0.463s] Level 5:colcon.colcon_core.verb:set package 'gantry' build argument 'cmake_args' from command line to 'None'
[0.463s] Level 5:colcon.colcon_core.verb:set package 'gantry' build argument 'cmake_target' from command line to 'None'
[0.463s] Level 5:colcon.colcon_core.verb:set package 'gantry' build argument 'cmake_target_skip_unavailable' from command line to 'False'
[0.464s] Level 5:colcon.colcon_core.verb:set package 'gantry' build argument 'cmake_clean_cache' from command line to 'False'
[0.464s] Level 5:colcon.colcon_core.verb:set package 'gantry' build argument 'cmake_clean_first' from command line to 'False'
[0.464s] Level 5:colcon.colcon_core.verb:set package 'gantry' build argument 'cmake_force_configure' from command line to 'False'
[0.464s] Level 5:colcon.colcon_core.verb:set package 'gantry' build argument 'ament_cmake_args' from command line to 'None'
[0.464s] Level 5:colcon.colcon_core.verb:set package 'gantry' build argument 'catkin_cmake_args' from command line to 'None'
[0.464s] Level 5:colcon.colcon_core.verb:set package 'gantry' build argument 'catkin_skip_building_tests' from command line to 'False'
[0.464s] DEBUG:colcon.colcon_core.verb:Building package 'gantry' with the following arguments: {'ament_cmake_args': None, 'build_base': '/home/ilyaes/Desktop/ros2project/moveit2_tuto/ros2_gantry_ws/build/gantry', 'catkin_cmake_args': None, 'catkin_skip_building_tests': False, 'cmake_args': None, 'cmake_clean_cache': False, 'cmake_clean_first': False, 'cmake_force_configure': False, 'cmake_target': None, 'cmake_target_skip_unavailable': False, 'install_base': '/home/ilyaes/Desktop/ros2project/moveit2_tuto/ros2_gantry_ws/install/gantry', 'merge_install': False, 'path': '/home/ilyaes/Desktop/ros2project/moveit2_tuto/ros2_gantry_ws/src/gantry', 'symlink_install': False, 'test_result_base': None}
[0.464s] Level 5:colcon.colcon_core.verb:set package 'gantry_moveit_config' build argument 'cmake_args' from command line to 'None'
[0.464s] Level 5:colcon.colcon_core.verb:set package 'gantry_moveit_config' build argument 'cmake_target' from command line to 'None'
[0.464s] Level 5:colcon.colcon_core.verb:set package 'gantry_moveit_config' build argument 'cmake_target_skip_unavailable' from command line to 'False'
[0.464s] Level 5:colcon.colcon_core.verb:set package 'gantry_moveit_config' build argument 'cmake_clean_cache' from command line to 'False'
[0.464s] Level 5:colcon.colcon_core.verb:set package 'gantry_moveit_config' build argument 'cmake_clean_first' from command line to 'False'
[0.464s] Level 5:colcon.colcon_core.verb:set package 'gantry_moveit_config' build argument 'cmake_force_configure' from command line to 'False'
[0.464s] Level 5:colcon.colcon_core.verb:set package 'gantry_moveit_config' build argument 'ament_cmake_args' from command line to 'None'
[0.464s] Level 5:colcon.colcon_core.verb:set package 'gantry_moveit_config' build argument 'catkin_cmake_args' from command line to 'None'
[0.464s] Level 5:colcon.colcon_core.verb:set package 'gantry_moveit_config' build argument 'catkin_skip_building_tests' from command line to 'False'
[0.464s] DEBUG:colcon.colcon_core.verb:Building package 'gantry_moveit_config' with the following arguments: {'ament_cmake_args': None, 'build_base': '/home/ilyaes/Desktop/ros2project/moveit2_tuto/ros2_gantry_ws/build/gantry_moveit_config', 'catkin_cmake_args': None, 'catkin_skip_building_tests': False, 'cmake_args': None, 'cmake_clean_cache': False, 'cmake_clean_first': False, 'cmake_force_configure': False, 'cmake_target': None, 'cmake_target_skip_unavailable': False, 'install_base': '/home/ilyaes/Desktop/ros2project/moveit2_tuto/ros2_gantry_ws/install/gantry_moveit_config', 'merge_install': False, 'path': '/home/ilyaes/Desktop/ros2project/moveit2_tuto/ros2_gantry_ws/src/gantry_moveit_config', 'symlink_install': False, 'test_result_base': None}
[0.464s] Level 5:colcon.colcon_core.verb:set package 'gantry_moveit_config_2' build argument 'cmake_args' from command line to 'None'
[0.464s] Level 5:colcon.colcon_core.verb:set package 'gantry_moveit_config_2' build argument 'cmake_target' from command line to 'None'
[0.464s] Level 5:colcon.colcon_core.verb:set package 'gantry_moveit_config_2' build argument 'cmake_target_skip_unavailable' from command line to 'False'
[0.464s] Level 5:colcon.colcon_core.verb:set package 'gantry_moveit_config_2' build argument 'cmake_clean_cache' from command line to 'False'
[0.464s] Level 5:colcon.colcon_core.verb:set package 'gantry_moveit_config_2' build argument 'cmake_clean_first' from command line to 'False'
[0.464s] Level 5:colcon.colcon_core.verb:set package 'gantry_moveit_config_2' build argument 'cmake_force_configure' from command line to 'False'
[0.465s] Level 5:colcon.colcon_core.verb:set package 'gantry_moveit_config_2' build argument 'ament_cmake_args' from command line to 'None'
[0.465s] Level 5:colcon.colcon_core.verb:set package 'gantry_moveit_config_2' build argument 'catkin_cmake_args' from command line to 'None'
[0.465s] Level 5:colcon.colcon_core.verb:set package 'gantry_moveit_config_2' build argument 'catkin_skip_building_tests' from command line to 'False'
[0.465s] DEBUG:colcon.colcon_core.verb:Building package 'gantry_moveit_config_2' with the following arguments: {'ament_cmake_args': None, 'build_base': '/home/ilyaes/Desktop/ros2project/moveit2_tuto/ros2_gantry_ws/build/gantry_moveit_config_2', 'catkin_cmake_args': None, 'catkin_skip_building_tests': False, 'cmake_args': None, 'cmake_clean_cache': False, 'cmake_clean_first': False, 'cmake_force_configure': False, 'cmake_target': None, 'cmake_target_skip_unavailable': False, 'install_base': '/home/ilyaes/Desktop/ros2project/moveit2_tuto/ros2_gantry_ws/install/gantry_moveit_config_2', 'merge_install': False, 'path': '/home/ilyaes/Desktop/ros2project/moveit2_tuto/ros2_gantry_ws/src/gantry_moveit_config_2', 'symlink_install': False, 'test_result_base': None}
[0.465s] INFO:colcon.colcon_core.executor:Executing jobs using 'parallel' executor
[0.466s] DEBUG:colcon.colcon_parallel_executor.executor.parallel:run_until_complete
[0.466s] INFO:colcon.colcon_ros.task.ament_cmake.build:Building ROS package in '/home/ilyaes/Desktop/ros2project/moveit2_tuto/ros2_gantry_ws/src/gantry' with build type 'ament_cmake'
[0.466s] INFO:colcon.colcon_cmake.task.cmake.build:Building CMake package in '/home/ilyaes/Desktop/ros2project/moveit2_tuto/ros2_gantry_ws/src/gantry'
[0.470s] INFO:colcon.colcon_core.plugin_system:Skipping extension 'colcon_core.shell.bat': Not used on non-Windows systems
[0.470s] INFO:colcon.colcon_core.shell:Skip shell extension 'powershell' for command environment: Not usable outside of PowerShell
[0.471s] DEBUG:colcon.colcon_core.shell:Skip shell extension 'dsv' for command environment
[0.481s] DEBUG:colcon.colcon_core.event_handler.log_command:Invoking command in '/home/ilyaes/Desktop/ros2project/moveit2_tuto/ros2_gantry_ws/build/gantry': CMAKE_PREFIX_PATH=${CMAKE_PREFIX_PATH}:/opt/ros/jazzy DEBUGINFOD_URLS=https://debuginfod.ubuntu.com /usr/bin/cmake --build /home/ilyaes/Desktop/ros2project/moveit2_tuto/ros2_gantry_ws/build/gantry -- -j8 -l8
[1.082s] DEBUG:colcon.colcon_core.event_handler.log_command:Invoked command in '/home/ilyaes/Desktop/ros2project/moveit2_tuto/ros2_gantry_ws/build/gantry' returned '0': CMAKE_PREFIX_PATH=${CMAKE_PREFIX_PATH}:/opt/ros/jazzy DEBUGINFOD_URLS=https://debuginfod.ubuntu.com /usr/bin/cmake --build /home/ilyaes/Desktop/ros2project/moveit2_tuto/ros2_gantry_ws/build/gantry -- -j8 -l8
[1.093s] DEBUG:colcon.colcon_core.event_handler.log_command:Invoking command in '/home/ilyaes/Desktop/ros2project/moveit2_tuto/ros2_gantry_ws/build/gantry': CMAKE_PREFIX_PATH=${CMAKE_PREFIX_PATH}:/opt/ros/jazzy DEBUGINFOD_URLS=https://debuginfod.ubuntu.com /usr/bin/cmake --install /home/ilyaes/Desktop/ros2project/moveit2_tuto/ros2_gantry_ws/build/gantry
[1.153s] Level 1:colcon.colcon_core.environment:create_environment_scripts_only(gantry)
[1.153s] DEBUG:colcon.colcon_core.event_handler.log_command:Invoked command in '/home/ilyaes/Desktop/ros2project/moveit2_tuto/ros2_gantry_ws/build/gantry' returned '0': CMAKE_PREFIX_PATH=${CMAKE_PREFIX_PATH}:/opt/ros/jazzy DEBUGINFOD_URLS=https://debuginfod.ubuntu.com /usr/bin/cmake --install /home/ilyaes/Desktop/ros2project/moveit2_tuto/ros2_gantry_ws/build/gantry
[1.158s] Level 1:colcon.colcon_core.environment:checking '/home/ilyaes/Desktop/ros2project/moveit2_tuto/ros2_gantry_ws/install/gantry' for CMake module files
[1.159s] Level 1:colcon.colcon_core.environment:checking '/home/ilyaes/Desktop/ros2project/moveit2_tuto/ros2_gantry_ws/install/gantry' for CMake config files
[1.159s] Level 1:colcon.colcon_core.shell:create_environment_hook('gantry', 'cmake_prefix_path')
[1.159s] INFO:colcon.colcon_core.shell:Creating environment hook '/home/ilyaes/Desktop/ros2project/moveit2_tuto/ros2_gantry_ws/install/gantry/share/gantry/hook/cmake_prefix_path.ps1'
[1.160s] INFO:colcon.colcon_core.shell:Creating environment descriptor '/home/ilyaes/Desktop/ros2project/moveit2_tuto/ros2_gantry_ws/install/gantry/share/gantry/hook/cmake_prefix_path.dsv'
[1.161s] INFO:colcon.colcon_core.shell:Creating environment hook '/home/ilyaes/Desktop/ros2project/moveit2_tuto/ros2_gantry_ws/install/gantry/share/gantry/hook/cmake_prefix_path.sh'
[1.162s] Level 1:colcon.colcon_core.environment:checking '/home/ilyaes/Desktop/ros2project/moveit2_tuto/ros2_gantry_ws/install/gantry/lib'
[1.162s] Level 1:colcon.colcon_core.environment:checking '/home/ilyaes/Desktop/ros2project/moveit2_tuto/ros2_gantry_ws/install/gantry/bin'
[1.162s] Level 1:colcon.colcon_core.environment:checking '/home/ilyaes/Desktop/ros2project/moveit2_tuto/ros2_gantry_ws/install/gantry/lib/pkgconfig/gantry.pc'
[1.162s] Level 1:colcon.colcon_core.environment:checking '/home/ilyaes/Desktop/ros2project/moveit2_tuto/ros2_gantry_ws/install/gantry/lib/python3.12/site-packages'
[1.162s] Level 1:colcon.colcon_core.shell:create_environment_hook('gantry', 'pythonpath')
[1.162s] INFO:colcon.colcon_core.shell:Creating environment hook '/home/ilyaes/Desktop/ros2project/moveit2_tuto/ros2_gantry_ws/install/gantry/share/gantry/hook/pythonpath.ps1'
[1.163s] INFO:colcon.colcon_core.shell:Creating environment descriptor '/home/ilyaes/Desktop/ros2project/moveit2_tuto/ros2_gantry_ws/install/gantry/share/gantry/hook/pythonpath.dsv'
[1.163s] INFO:colcon.colcon_core.shell:Creating environment hook '/home/ilyaes/Desktop/ros2project/moveit2_tuto/ros2_gantry_ws/install/gantry/share/gantry/hook/pythonpath.sh'
[1.163s] Level 1:colcon.colcon_core.environment:checking '/home/ilyaes/Desktop/ros2project/moveit2_tuto/ros2_gantry_ws/install/gantry/bin'
[1.164s] INFO:colcon.colcon_core.shell:Creating package script '/home/ilyaes/Desktop/ros2project/moveit2_tuto/ros2_gantry_ws/install/gantry/share/gantry/package.ps1'
[1.164s] INFO:colcon.colcon_core.shell:Creating package descriptor '/home/ilyaes/Desktop/ros2project/moveit2_tuto/ros2_gantry_ws/install/gantry/share/gantry/package.dsv'
[1.165s] INFO:colcon.colcon_core.shell:Creating package script '/home/ilyaes/Desktop/ros2project/moveit2_tuto/ros2_gantry_ws/install/gantry/share/gantry/package.sh'
[1.166s] INFO:colcon.colcon_core.shell:Creating package script '/home/ilyaes/Desktop/ros2project/moveit2_tuto/ros2_gantry_ws/install/gantry/share/gantry/package.bash'
[1.167s] INFO:colcon.colcon_core.shell:Creating package script '/home/ilyaes/Desktop/ros2project/moveit2_tuto/ros2_gantry_ws/install/gantry/share/gantry/package.zsh'
[1.167s] Level 1:colcon.colcon_core.environment:create_file_with_runtime_dependencies(/home/ilyaes/Desktop/ros2project/moveit2_tuto/ros2_gantry_ws/install/gantry/share/colcon-core/packages/gantry)
[1.168s] Level 1:colcon.colcon_core.environment:create_environment_scripts_only(gantry)
[1.168s] Level 1:colcon.colcon_core.environment:checking '/home/ilyaes/Desktop/ros2project/moveit2_tuto/ros2_gantry_ws/install/gantry' for CMake module files
[1.169s] Level 1:colcon.colcon_core.environment:checking '/home/ilyaes/Desktop/ros2project/moveit2_tuto/ros2_gantry_ws/install/gantry' for CMake config files
[1.169s] Level 1:colcon.colcon_core.shell:create_environment_hook('gantry', 'cmake_prefix_path')
[1.169s] INFO:colcon.colcon_core.shell:Creating environment hook '/home/ilyaes/Desktop/ros2project/moveit2_tuto/ros2_gantry_ws/install/gantry/share/gantry/hook/cmake_prefix_path.ps1'
[1.169s] INFO:colcon.colcon_core.shell:Creating environment descriptor '/home/ilyaes/Desktop/ros2project/moveit2_tuto/ros2_gantry_ws/install/gantry/share/gantry/hook/cmake_prefix_path.dsv'
[1.170s] INFO:colcon.colcon_core.shell:Creating environment hook '/home/ilyaes/Desktop/ros2project/moveit2_tuto/ros2_gantry_ws/install/gantry/share/gantry/hook/cmake_prefix_path.sh'
[1.170s] Level 1:colcon.colcon_core.environment:checking '/home/ilyaes/Desktop/ros2project/moveit2_tuto/ros2_gantry_ws/install/gantry/lib'
[1.170s] Level 1:colcon.colcon_core.environment:checking '/home/ilyaes/Desktop/ros2project/moveit2_tuto/ros2_gantry_ws/install/gantry/bin'
[1.170s] Level 1:colcon.colcon_core.environment:checking '/home/ilyaes/Desktop/ros2project/moveit2_tuto/ros2_gantry_ws/install/gantry/lib/pkgconfig/gantry.pc'
[1.170s] Level 1:colcon.colcon_core.environment:checking '/home/ilyaes/Desktop/ros2project/moveit2_tuto/ros2_gantry_ws/install/gantry/lib/python3.12/site-packages'
[1.171s] Level 1:colcon.colcon_core.shell:create_environment_hook('gantry', 'pythonpath')
[1.171s] INFO:colcon.colcon_core.shell:Creating environment hook '/home/ilyaes/Desktop/ros2project/moveit2_tuto/ros2_gantry_ws/install/gantry/share/gantry/hook/pythonpath.ps1'
[1.171s] INFO:colcon.colcon_core.shell:Creating environment descriptor '/home/ilyaes/Desktop/ros2project/moveit2_tuto/ros2_gantry_ws/install/gantry/share/gantry/hook/pythonpath.dsv'
[1.171s] INFO:colcon.colcon_core.shell:Creating environment hook '/home/ilyaes/Desktop/ros2project/moveit2_tuto/ros2_gantry_ws/install/gantry/share/gantry/hook/pythonpath.sh'
[1.172s] Level 1:colcon.colcon_core.environment:checking '/home/ilyaes/Desktop/ros2project/moveit2_tuto/ros2_gantry_ws/install/gantry/bin'
[1.172s] INFO:colcon.colcon_core.shell:Creating package script '/home/ilyaes/Desktop/ros2project/moveit2_tuto/ros2_gantry_ws/install/gantry/share/gantry/package.ps1'
[1.173s] INFO:colcon.colcon_core.shell:Creating package descriptor '/home/ilyaes/Desktop/ros2project/moveit2_tuto/ros2_gantry_ws/install/gantry/share/gantry/package.dsv'
[1.173s] INFO:colcon.colcon_core.shell:Creating package script '/home/ilyaes/Desktop/ros2project/moveit2_tuto/ros2_gantry_ws/install/gantry/share/gantry/package.sh'
[1.174s] INFO:colcon.colcon_core.shell:Creating package script '/home/ilyaes/Desktop/ros2project/moveit2_tuto/ros2_gantry_ws/install/gantry/share/gantry/package.bash'
[1.174s] INFO:colcon.colcon_core.shell:Creating package script '/home/ilyaes/Desktop/ros2project/moveit2_tuto/ros2_gantry_ws/install/gantry/share/gantry/package.zsh'
[1.174s] Level 1:colcon.colcon_core.environment:create_file_with_runtime_dependencies(/home/ilyaes/Desktop/ros2project/moveit2_tuto/ros2_gantry_ws/install/gantry/share/colcon-core/packages/gantry)
[1.175s] INFO:colcon.colcon_ros.task.ament_cmake.build:Building ROS package in '/home/ilyaes/Desktop/ros2project/moveit2_tuto/ros2_gantry_ws/src/gantry_moveit_config' with build type 'ament_cmake'
[1.175s] INFO:colcon.colcon_cmake.task.cmake.build:Building CMake package in '/home/ilyaes/Desktop/ros2project/moveit2_tuto/ros2_gantry_ws/src/gantry_moveit_config'
[1.175s] INFO:colcon.colcon_core.shell:Skip shell extension 'powershell' for command environment: Not usable outside of PowerShell
[1.175s] DEBUG:colcon.colcon_core.shell:Skip shell extension 'dsv' for command environment
[1.179s] INFO:colcon.colcon_ros.task.ament_cmake.build:Building ROS package in '/home/ilyaes/Desktop/ros2project/moveit2_tuto/ros2_gantry_ws/src/gantry_moveit_config_2' with build type 'ament_cmake'
[1.179s] INFO:colcon.colcon_cmake.task.cmake.build:Building CMake package in '/home/ilyaes/Desktop/ros2project/moveit2_tuto/ros2_gantry_ws/src/gantry_moveit_config_2'
[1.179s] INFO:colcon.colcon_core.shell:Skip shell extension 'powershell' for command environment: Not usable outside of PowerShell
[1.179s] DEBUG:colcon.colcon_core.shell:Skip shell extension 'dsv' for command environment
[1.186s] DEBUG:colcon.colcon_core.event_handler.log_command:Invoking command in '/home/ilyaes/Desktop/ros2project/moveit2_tuto/ros2_gantry_ws/build/gantry_moveit_config': AMENT_PREFIX_PATH=/home/ilyaes/Desktop/ros2project/moveit2_tuto/ros2_gantry_ws/install/gantry:${AMENT_PREFIX_PATH} CMAKE_PREFIX_PATH=/home/ilyaes/Desktop/ros2project/moveit2_tuto/ros2_gantry_ws/install/gantry:/opt/ros/jazzy/opt/gz_sim_vendor:/opt/ros/jazzy/opt/gz_sensors_vendor:/opt/ros/jazzy/opt/gz_physics_vendor:/opt/ros/jazzy/opt/sdformat_vendor:/opt/ros/jazzy/opt/gz_gui_vendor:/opt/ros/jazzy/opt/gz_transport_vendor:/opt/ros/jazzy/opt/gz_rendering_vendor:/opt/ros/jazzy/opt/gz_plugin_vendor:/opt/ros/jazzy/opt/gz_fuel_tools_vendor:/opt/ros/jazzy/opt/gz_msgs_vendor:/opt/ros/jazzy/opt/gz_common_vendor:/opt/ros/jazzy/opt/gz_math_vendor:/opt/ros/jazzy/opt/gz_utils_vendor:/opt/ros/jazzy/opt/gz_tools_vendor:/opt/ros/jazzy/opt/gz_ogre_next_vendor:/opt/ros/jazzy/opt/gz_dartsim_vendor:/opt/ros/jazzy/opt/gz_cmake_vendor:/opt/ros/jazzy DEBUGINFOD_URLS=https://debuginfod.ubuntu.com PYTHONPATH=/home/ilyaes/Desktop/ros2project/moveit2_tuto/ros2_gantry_ws/install/gantry/lib/python3.12/site-packages:${PYTHONPATH} /usr/bin/cmake --build /home/ilyaes/Desktop/ros2project/moveit2_tuto/ros2_gantry_ws/build/gantry_moveit_config -- -j8 -l8
[1.189s] DEBUG:colcon.colcon_core.event_handler.log_command:Invoking command in '/home/ilyaes/Desktop/ros2project/moveit2_tuto/ros2_gantry_ws/build/gantry_moveit_config_2': AMENT_PREFIX_PATH=/home/ilyaes/Desktop/ros2project/moveit2_tuto/ros2_gantry_ws/install/gantry:${AMENT_PREFIX_PATH} CMAKE_PREFIX_PATH=/home/ilyaes/Desktop/ros2project/moveit2_tuto/ros2_gantry_ws/install/gantry:/opt/ros/jazzy/opt/gz_sim_vendor:/opt/ros/jazzy/opt/gz_sensors_vendor:/opt/ros/jazzy/opt/gz_physics_vendor:/opt/ros/jazzy/opt/sdformat_vendor:/opt/ros/jazzy/opt/gz_gui_vendor:/opt/ros/jazzy/opt/gz_transport_vendor:/opt/ros/jazzy/opt/gz_rendering_vendor:/opt/ros/jazzy/opt/gz_plugin_vendor:/opt/ros/jazzy/opt/gz_fuel_tools_vendor:/opt/ros/jazzy/opt/gz_msgs_vendor:/opt/ros/jazzy/opt/gz_common_vendor:/opt/ros/jazzy/opt/gz_math_vendor:/opt/ros/jazzy/opt/gz_utils_vendor:/opt/ros/jazzy/opt/gz_tools_vendor:/opt/ros/jazzy/opt/gz_ogre_next_vendor:/opt/ros/jazzy/opt/gz_dartsim_vendor:/opt/ros/jazzy/opt/gz_cmake_vendor:/opt/ros/jazzy DEBUGINFOD_URLS=https://debuginfod.ubuntu.com PYTHONPATH=/home/ilyaes/Desktop/ros2project/moveit2_tuto/ros2_gantry_ws/install/gantry/lib/python3.12/site-packages:${PYTHONPATH} /usr/bin/cmake /home/ilyaes/Desktop/ros2project/moveit2_tuto/ros2_gantry_ws/src/gantry_moveit_config_2 -DCMAKE_INSTALL_PREFIX=/home/ilyaes/Desktop/ros2project/moveit2_tuto/ros2_gantry_ws/install/gantry_moveit_config_2
[1.229s] DEBUG:colcon.colcon_core.event_handler.log_command:Invoked command in '/home/ilyaes/Desktop/ros2project/moveit2_tuto/ros2_gantry_ws/build/gantry_moveit_config' returned '0': AMENT_PREFIX_PATH=/home/ilyaes/Desktop/ros2project/moveit2_tuto/ros2_gantry_ws/install/gantry:${AMENT_PREFIX_PATH} CMAKE_PREFIX_PATH=/home/ilyaes/Desktop/ros2project/moveit2_tuto/ros2_gantry_ws/install/gantry:/opt/ros/jazzy/opt/gz_sim_vendor:/opt/ros/jazzy/opt/gz_sensors_vendor:/opt/ros/jazzy/opt/gz_physics_vendor:/opt/ros/jazzy/opt/sdformat_vendor:/opt/ros/jazzy/opt/gz_gui_vendor:/opt/ros/jazzy/opt/gz_transport_vendor:/opt/ros/jazzy/opt/gz_rendering_vendor:/opt/ros/jazzy/opt/gz_plugin_vendor:/opt/ros/jazzy/opt/gz_fuel_tools_vendor:/opt/ros/jazzy/opt/gz_msgs_vendor:/opt/ros/jazzy/opt/gz_common_vendor:/opt/ros/jazzy/opt/gz_math_vendor:/opt/ros/jazzy/opt/gz_utils_vendor:/opt/ros/jazzy/opt/gz_tools_vendor:/opt/ros/jazzy/opt/gz_ogre_next_vendor:/opt/ros/jazzy/opt/gz_dartsim_vendor:/opt/ros/jazzy/opt/gz_cmake_vendor:/opt/ros/jazzy DEBUGINFOD_URLS=https://debuginfod.ubuntu.com PYTHONPATH=/home/ilyaes/Desktop/ros2project/moveit2_tuto/ros2_gantry_ws/install/gantry/lib/python3.12/site-packages:${PYTHONPATH} /usr/bin/cmake --build /home/ilyaes/Desktop/ros2project/moveit2_tuto/ros2_gantry_ws/build/gantry_moveit_config -- -j8 -l8
[1.231s] DEBUG:colcon.colcon_core.event_handler.log_command:Invoking command in '/home/ilyaes/Desktop/ros2project/moveit2_tuto/ros2_gantry_ws/build/gantry_moveit_config': AMENT_PREFIX_PATH=/home/ilyaes/Desktop/ros2project/moveit2_tuto/ros2_gantry_ws/install/gantry:${AMENT_PREFIX_PATH} CMAKE_PREFIX_PATH=/home/ilyaes/Desktop/ros2project/moveit2_tuto/ros2_gantry_ws/install/gantry:/opt/ros/jazzy/opt/gz_sim_vendor:/opt/ros/jazzy/opt/gz_sensors_vendor:/opt/ros/jazzy/opt/gz_physics_vendor:/opt/ros/jazzy/opt/sdformat_vendor:/opt/ros/jazzy/opt/gz_gui_vendor:/opt/ros/jazzy/opt/gz_transport_vendor:/opt/ros/jazzy/opt/gz_rendering_vendor:/opt/ros/jazzy/opt/gz_plugin_vendor:/opt/ros/jazzy/opt/gz_fuel_tools_vendor:/opt/ros/jazzy/opt/gz_msgs_vendor:/opt/ros/jazzy/opt/gz_common_vendor:/opt/ros/jazzy/opt/gz_math_vendor:/opt/ros/jazzy/opt/gz_utils_vendor:/opt/ros/jazzy/opt/gz_tools_vendor:/opt/ros/jazzy/opt/gz_ogre_next_vendor:/opt/ros/jazzy/opt/gz_dartsim_vendor:/opt/ros/jazzy/opt/gz_cmake_vendor:/opt/ros/jazzy DEBUGINFOD_URLS=https://debuginfod.ubuntu.com PYTHONPATH=/home/ilyaes/Desktop/ros2project/moveit2_tuto/ros2_gantry_ws/install/gantry/lib/python3.12/site-packages:${PYTHONPATH} /usr/bin/cmake --install /home/ilyaes/Desktop/ros2project/moveit2_tuto/ros2_gantry_ws/build/gantry_moveit_config
[1.244s] Level 1:colcon.colcon_core.environment:create_environment_scripts_only(gantry_moveit_config)
[1.244s] Level 1:colcon.colcon_core.environment:checking '/home/ilyaes/Desktop/ros2project/moveit2_tuto/ros2_gantry_ws/install/gantry_moveit_config' for CMake module files
[1.246s] DEBUG:colcon.colcon_core.event_handler.log_command:Invoked command in '/home/ilyaes/Desktop/ros2project/moveit2_tuto/ros2_gantry_ws/build/gantry_moveit_config' returned '0': AMENT_PREFIX_PATH=/home/ilyaes/Desktop/ros2project/moveit2_tuto/ros2_gantry_ws/install/gantry:${AMENT_PREFIX_PATH} CMAKE_PREFIX_PATH=/home/ilyaes/Desktop/ros2project/moveit2_tuto/ros2_gantry_ws/install/gantry:/opt/ros/jazzy/opt/gz_sim_vendor:/opt/ros/jazzy/opt/gz_sensors_vendor:/opt/ros/jazzy/opt/gz_physics_vendor:/opt/ros/jazzy/opt/sdformat_vendor:/opt/ros/jazzy/opt/gz_gui_vendor:/opt/ros/jazzy/opt/gz_transport_vendor:/opt/ros/jazzy/opt/gz_rendering_vendor:/opt/ros/jazzy/opt/gz_plugin_vendor:/opt/ros/jazzy/opt/gz_fuel_tools_vendor:/opt/ros/jazzy/opt/gz_msgs_vendor:/opt/ros/jazzy/opt/gz_common_vendor:/opt/ros/jazzy/opt/gz_math_vendor:/opt/ros/jazzy/opt/gz_utils_vendor:/opt/ros/jazzy/opt/gz_tools_vendor:/opt/ros/jazzy/opt/gz_ogre_next_vendor:/opt/ros/jazzy/opt/gz_dartsim_vendor:/opt/ros/jazzy/opt/gz_cmake_vendor:/opt/ros/jazzy DEBUGINFOD_URLS=https://debuginfod.ubuntu.com PYTHONPATH=/home/ilyaes/Desktop/ros2project/moveit2_tuto/ros2_gantry_ws/install/gantry/lib/python3.12/site-packages:${PYTHONPATH} /usr/bin/cmake --install /home/ilyaes/Desktop/ros2project/moveit2_tuto/ros2_gantry_ws/build/gantry_moveit_config
[1.246s] Level 1:colcon.colcon_core.environment:checking '/home/ilyaes/Desktop/ros2project/moveit2_tuto/ros2_gantry_ws/install/gantry_moveit_config' for CMake config files
[1.246s] Level 1:colcon.colcon_core.shell:create_environment_hook('gantry_moveit_config', 'cmake_prefix_path')
[1.247s] INFO:colcon.colcon_core.shell:Creating environment hook '/home/ilyaes/Desktop/ros2project/moveit2_tuto/ros2_gantry_ws/install/gantry_moveit_config/share/gantry_moveit_config/hook/cmake_prefix_path.ps1'
[1.247s] INFO:colcon.colcon_core.shell:Creating environment descriptor '/home/ilyaes/Desktop/ros2project/moveit2_tuto/ros2_gantry_ws/install/gantry_moveit_config/share/gantry_moveit_config/hook/cmake_prefix_path.dsv'
[1.248s] INFO:colcon.colcon_core.shell:Creating environment hook '/home/ilyaes/Desktop/ros2project/moveit2_tuto/ros2_gantry_ws/install/gantry_moveit_config/share/gantry_moveit_config/hook/cmake_prefix_path.sh'
[1.248s] Level 1:colcon.colcon_core.environment:checking '/home/ilyaes/Desktop/ros2project/moveit2_tuto/ros2_gantry_ws/install/gantry_moveit_config/bin'
[1.248s] Level 1:colcon.colcon_core.environment:checking '/home/ilyaes/Desktop/ros2project/moveit2_tuto/ros2_gantry_ws/install/gantry_moveit_config/lib/pkgconfig/gantry_moveit_config.pc'
[1.248s] Level 1:colcon.colcon_core.environment:checking '/home/ilyaes/Desktop/ros2project/moveit2_tuto/ros2_gantry_ws/install/gantry_moveit_config/lib/python3.12/site-packages'
[1.249s] Level 1:colcon.colcon_core.environment:checking '/home/ilyaes/Desktop/ros2project/moveit2_tuto/ros2_gantry_ws/install/gantry_moveit_config/bin'
[1.249s] INFO:colcon.colcon_core.shell:Creating package script '/home/ilyaes/Desktop/ros2project/moveit2_tuto/ros2_gantry_ws/install/gantry_moveit_config/share/gantry_moveit_config/package.ps1'
[1.249s] INFO:colcon.colcon_core.shell:Creating package descriptor '/home/ilyaes/Desktop/ros2project/moveit2_tuto/ros2_gantry_ws/install/gantry_moveit_config/share/gantry_moveit_config/package.dsv'
[1.250s] INFO:colcon.colcon_core.shell:Creating package script '/home/ilyaes/Desktop/ros2project/moveit2_tuto/ros2_gantry_ws/install/gantry_moveit_config/share/gantry_moveit_config/package.sh'
[1.250s] INFO:colcon.colcon_core.shell:Creating package script '/home/ilyaes/Desktop/ros2project/moveit2_tuto/ros2_gantry_ws/install/gantry_moveit_config/share/gantry_moveit_config/package.bash'
[1.250s] INFO:colcon.colcon_core.shell:Creating package script '/home/ilyaes/Desktop/ros2project/moveit2_tuto/ros2_gantry_ws/install/gantry_moveit_config/share/gantry_moveit_config/package.zsh'
[1.251s] Level 1:colcon.colcon_core.environment:create_file_with_runtime_dependencies(/home/ilyaes/Desktop/ros2project/moveit2_tuto/ros2_gantry_ws/install/gantry_moveit_config/share/colcon-core/packages/gantry_moveit_config)
[1.251s] Level 1:colcon.colcon_core.environment:create_environment_scripts_only(gantry_moveit_config)
[1.251s] Level 1:colcon.colcon_core.environment:checking '/home/ilyaes/Desktop/ros2project/moveit2_tuto/ros2_gantry_ws/install/gantry_moveit_config' for CMake module files
[1.252s] Level 1:colcon.colcon_core.environment:checking '/home/ilyaes/Desktop/ros2project/moveit2_tuto/ros2_gantry_ws/install/gantry_moveit_config' for CMake config files
[1.252s] Level 1:colcon.colcon_core.shell:create_environment_hook('gantry_moveit_config', 'cmake_prefix_path')
[1.252s] INFO:colcon.colcon_core.shell:Creating environment hook '/home/ilyaes/Desktop/ros2project/moveit2_tuto/ros2_gantry_ws/install/gantry_moveit_config/share/gantry_moveit_config/hook/cmake_prefix_path.ps1'
[1.252s] INFO:colcon.colcon_core.shell:Creating environment descriptor '/home/ilyaes/Desktop/ros2project/moveit2_tuto/ros2_gantry_ws/install/gantry_moveit_config/share/gantry_moveit_config/hook/cmake_prefix_path.dsv'
[1.252s] INFO:colcon.colcon_core.shell:Creating environment hook '/home/ilyaes/Desktop/ros2project/moveit2_tuto/ros2_gantry_ws/install/gantry_moveit_config/share/gantry_moveit_config/hook/cmake_prefix_path.sh'
[1.253s] Level 1:colcon.colcon_core.environment:checking '/home/ilyaes/Desktop/ros2project/moveit2_tuto/ros2_gantry_ws/install/gantry_moveit_config/bin'
[1.253s] Level 1:colcon.colcon_core.environment:checking '/home/ilyaes/Desktop/ros2project/moveit2_tuto/ros2_gantry_ws/install/gantry_moveit_config/lib/pkgconfig/gantry_moveit_config.pc'
[1.253s] Level 1:colcon.colcon_core.environment:checking '/home/ilyaes/Desktop/ros2project/moveit2_tuto/ros2_gantry_ws/install/gantry_moveit_config/lib/python3.12/site-packages'
[1.254s] Level 1:colcon.colcon_core.environment:checking '/home/ilyaes/Desktop/ros2project/moveit2_tuto/ros2_gantry_ws/install/gantry_moveit_config/bin'
[1.254s] INFO:colcon.colcon_core.shell:Creating package script '/home/ilyaes/Desktop/ros2project/moveit2_tuto/ros2_gantry_ws/install/gantry_moveit_config/share/gantry_moveit_config/package.ps1'
[1.254s] INFO:colcon.colcon_core.shell:Creating package descriptor '/home/ilyaes/Desktop/ros2project/moveit2_tuto/ros2_gantry_ws/install/gantry_moveit_config/share/gantry_moveit_config/package.dsv'
[1.255s] INFO:colcon.colcon_core.shell:Creating package script '/home/ilyaes/Desktop/ros2project/moveit2_tuto/ros2_gantry_ws/install/gantry_moveit_config/share/gantry_moveit_config/package.sh'
[1.255s] INFO:colcon.colcon_core.shell:Creating package script '/home/ilyaes/Desktop/ros2project/moveit2_tuto/ros2_gantry_ws/install/gantry_moveit_config/share/gantry_moveit_config/package.bash'
[1.255s] INFO:colcon.colcon_core.shell:Creating package script '/home/ilyaes/Desktop/ros2project/moveit2_tuto/ros2_gantry_ws/install/gantry_moveit_config/share/gantry_moveit_config/package.zsh'
[1.256s] Level 1:colcon.colcon_core.environment:create_file_with_runtime_dependencies(/home/ilyaes/Desktop/ros2project/moveit2_tuto/ros2_gantry_ws/install/gantry_moveit_config/share/colcon-core/packages/gantry_moveit_config)
[2.105s] DEBUG:colcon.colcon_core.event_handler.log_command:Invoked command in '/home/ilyaes/Desktop/ros2project/moveit2_tuto/ros2_gantry_ws/build/gantry_moveit_config_2' returned '0': AMENT_PREFIX_PATH=/home/ilyaes/Desktop/ros2project/moveit2_tuto/ros2_gantry_ws/install/gantry:${AMENT_PREFIX_PATH} CMAKE_PREFIX_PATH=/home/ilyaes/Desktop/ros2project/moveit2_tuto/ros2_gantry_ws/install/gantry:/opt/ros/jazzy/opt/gz_sim_vendor:/opt/ros/jazzy/opt/gz_sensors_vendor:/opt/ros/jazzy/opt/gz_physics_vendor:/opt/ros/jazzy/opt/sdformat_vendor:/opt/ros/jazzy/opt/gz_gui_vendor:/opt/ros/jazzy/opt/gz_transport_vendor:/opt/ros/jazzy/opt/gz_rendering_vendor:/opt/ros/jazzy/opt/gz_plugin_vendor:/opt/ros/jazzy/opt/gz_fuel_tools_vendor:/opt/ros/jazzy/opt/gz_msgs_vendor:/opt/ros/jazzy/opt/gz_common_vendor:/opt/ros/jazzy/opt/gz_math_vendor:/opt/ros/jazzy/opt/gz_utils_vendor:/opt/ros/jazzy/opt/gz_tools_vendor:/opt/ros/jazzy/opt/gz_ogre_next_vendor:/opt/ros/jazzy/opt/gz_dartsim_vendor:/opt/ros/jazzy/opt/gz_cmake_vendor:/opt/ros/jazzy DEBUGINFOD_URLS=https://debuginfod.ubuntu.com PYTHONPATH=/home/ilyaes/Desktop/ros2project/moveit2_tuto/ros2_gantry_ws/install/gantry/lib/python3.12/site-packages:${PYTHONPATH} /usr/bin/cmake /home/ilyaes/Desktop/ros2project/moveit2_tuto/ros2_gantry_ws/src/gantry_moveit_config_2 -DCMAKE_INSTALL_PREFIX=/home/ilyaes/Desktop/ros2project/moveit2_tuto/ros2_gantry_ws/install/gantry_moveit_config_2
[2.106s] DEBUG:colcon.colcon_core.event_handler.log_command:Invoking command in '/home/ilyaes/Desktop/ros2project/moveit2_tuto/ros2_gantry_ws/build/gantry_moveit_config_2': AMENT_PREFIX_PATH=/home/ilyaes/Desktop/ros2project/moveit2_tuto/ros2_gantry_ws/install/gantry:${AMENT_PREFIX_PATH} CMAKE_PREFIX_PATH=/home/ilyaes/Desktop/ros2project/moveit2_tuto/ros2_gantry_ws/install/gantry:/opt/ros/jazzy/opt/gz_sim_vendor:/opt/ros/jazzy/opt/gz_sensors_vendor:/opt/ros/jazzy/opt/gz_physics_vendor:/opt/ros/jazzy/opt/sdformat_vendor:/opt/ros/jazzy/opt/gz_gui_vendor:/opt/ros/jazzy/opt/gz_transport_vendor:/opt/ros/jazzy/opt/gz_rendering_vendor:/opt/ros/jazzy/opt/gz_plugin_vendor:/opt/ros/jazzy/opt/gz_fuel_tools_vendor:/opt/ros/jazzy/opt/gz_msgs_vendor:/opt/ros/jazzy/opt/gz_common_vendor:/opt/ros/jazzy/opt/gz_math_vendor:/opt/ros/jazzy/opt/gz_utils_vendor:/opt/ros/jazzy/opt/gz_tools_vendor:/opt/ros/jazzy/opt/gz_ogre_next_vendor:/opt/ros/jazzy/opt/gz_dartsim_vendor:/opt/ros/jazzy/opt/gz_cmake_vendor:/opt/ros/jazzy DEBUGINFOD_URLS=https://debuginfod.ubuntu.com PYTHONPATH=/home/ilyaes/Desktop/ros2project/moveit2_tuto/ros2_gantry_ws/install/gantry/lib/python3.12/site-packages:${PYTHONPATH} /usr/bin/cmake --build /home/ilyaes/Desktop/ros2project/moveit2_tuto/ros2_gantry_ws/build/gantry_moveit_config_2 -- -j8 -l8
[2.151s] DEBUG:colcon.colcon_core.event_handler.log_command:Invoked command in '/home/ilyaes/Desktop/ros2project/moveit2_tuto/ros2_gantry_ws/build/gantry_moveit_config_2' returned '0': AMENT_PREFIX_PATH=/home/ilyaes/Desktop/ros2project/moveit2_tuto/ros2_gantry_ws/install/gantry:${AMENT_PREFIX_PATH} CMAKE_PREFIX_PATH=/home/ilyaes/Desktop/ros2project/moveit2_tuto/ros2_gantry_ws/install/gantry:/opt/ros/jazzy/opt/gz_sim_vendor:/opt/ros/jazzy/opt/gz_sensors_vendor:/opt/ros/jazzy/opt/gz_physics_vendor:/opt/ros/jazzy/opt/sdformat_vendor:/opt/ros/jazzy/opt/gz_gui_vendor:/opt/ros/jazzy/opt/gz_transport_vendor:/opt/ros/jazzy/opt/gz_rendering_vendor:/opt/ros/jazzy/opt/gz_plugin_vendor:/opt/ros/jazzy/opt/gz_fuel_tools_vendor:/opt/ros/jazzy/opt/gz_msgs_vendor:/opt/ros/jazzy/opt/gz_common_vendor:/opt/ros/jazzy/opt/gz_math_vendor:/opt/ros/jazzy/opt/gz_utils_vendor:/opt/ros/jazzy/opt/gz_tools_vendor:/opt/ros/jazzy/opt/gz_ogre_next_vendor:/opt/ros/jazzy/opt/gz_dartsim_vendor:/opt/ros/jazzy/opt/gz_cmake_vendor:/opt/ros/jazzy DEBUGINFOD_URLS=https://debuginfod.ubuntu.com PYTHONPATH=/home/ilyaes/Desktop/ros2project/moveit2_tuto/ros2_gantry_ws/install/gantry/lib/python3.12/site-packages:${PYTHONPATH} /usr/bin/cmake --build /home/ilyaes/Desktop/ros2project/moveit2_tuto/ros2_gantry_ws/build/gantry_moveit_config_2 -- -j8 -l8
[2.152s] DEBUG:colcon.colcon_core.event_handler.log_command:Invoking command in '/home/ilyaes/Desktop/ros2project/moveit2_tuto/ros2_gantry_ws/build/gantry_moveit_config_2': AMENT_PREFIX_PATH=/home/ilyaes/Desktop/ros2project/moveit2_tuto/ros2_gantry_ws/install/gantry:${AMENT_PREFIX_PATH} CMAKE_PREFIX_PATH=/home/ilyaes/Desktop/ros2project/moveit2_tuto/ros2_gantry_ws/install/gantry:/opt/ros/jazzy/opt/gz_sim_vendor:/opt/ros/jazzy/opt/gz_sensors_vendor:/opt/ros/jazzy/opt/gz_physics_vendor:/opt/ros/jazzy/opt/sdformat_vendor:/opt/ros/jazzy/opt/gz_gui_vendor:/opt/ros/jazzy/opt/gz_transport_vendor:/opt/ros/jazzy/opt/gz_rendering_vendor:/opt/ros/jazzy/opt/gz_plugin_vendor:/opt/ros/jazzy/opt/gz_fuel_tools_vendor:/opt/ros/jazzy/opt/gz_msgs_vendor:/opt/ros/jazzy/opt/gz_common_vendor:/opt/ros/jazzy/opt/gz_math_vendor:/opt/ros/jazzy/opt/gz_utils_vendor:/opt/ros/jazzy/opt/gz_tools_vendor:/opt/ros/jazzy/opt/gz_ogre_next_vendor:/opt/ros/jazzy/opt/gz_dartsim_vendor:/opt/ros/jazzy/opt/gz_cmake_vendor:/opt/ros/jazzy DEBUGINFOD_URLS=https://debuginfod.ubuntu.com PYTHONPATH=/home/ilyaes/Desktop/ros2project/moveit2_tuto/ros2_gantry_ws/install/gantry/lib/python3.12/site-packages:${PYTHONPATH} /usr/bin/cmake --install /home/ilyaes/Desktop/ros2project/moveit2_tuto/ros2_gantry_ws/build/gantry_moveit_config_2
[2.167s] Level 1:colcon.colcon_core.environment:create_environment_scripts_only(gantry_moveit_config_2)
[2.167s] Level 1:colcon.colcon_core.environment:checking '/home/ilyaes/Desktop/ros2project/moveit2_tuto/ros2_gantry_ws/install/gantry_moveit_config_2' for CMake module files
[2.168s] DEBUG:colcon.colcon_core.event_handler.log_command:Invoked command in '/home/ilyaes/Desktop/ros2project/moveit2_tuto/ros2_gantry_ws/build/gantry_moveit_config_2' returned '0': AMENT_PREFIX_PATH=/home/ilyaes/Desktop/ros2project/moveit2_tuto/ros2_gantry_ws/install/gantry:${AMENT_PREFIX_PATH} CMAKE_PREFIX_PATH=/home/ilyaes/Desktop/ros2project/moveit2_tuto/ros2_gantry_ws/install/gantry:/opt/ros/jazzy/opt/gz_sim_vendor:/opt/ros/jazzy/opt/gz_sensors_vendor:/opt/ros/jazzy/opt/gz_physics_vendor:/opt/ros/jazzy/opt/sdformat_vendor:/opt/ros/jazzy/opt/gz_gui_vendor:/opt/ros/jazzy/opt/gz_transport_vendor:/opt/ros/jazzy/opt/gz_rendering_vendor:/opt/ros/jazzy/opt/gz_plugin_vendor:/opt/ros/jazzy/opt/gz_fuel_tools_vendor:/opt/ros/jazzy/opt/gz_msgs_vendor:/opt/ros/jazzy/opt/gz_common_vendor:/opt/ros/jazzy/opt/gz_math_vendor:/opt/ros/jazzy/opt/gz_utils_vendor:/opt/ros/jazzy/opt/gz_tools_vendor:/opt/ros/jazzy/opt/gz_ogre_next_vendor:/opt/ros/jazzy/opt/gz_dartsim_vendor:/opt/ros/jazzy/opt/gz_cmake_vendor:/opt/ros/jazzy DEBUGINFOD_URLS=https://debuginfod.ubuntu.com PYTHONPATH=/home/ilyaes/Desktop/ros2project/moveit2_tuto/ros2_gantry_ws/install/gantry/lib/python3.12/site-packages:${PYTHONPATH} /usr/bin/cmake --install /home/ilyaes/Desktop/ros2project/moveit2_tuto/ros2_gantry_ws/build/gantry_moveit_config_2
[2.169s] Level 1:colcon.colcon_core.environment:checking '/home/ilyaes/Desktop/ros2project/moveit2_tuto/ros2_gantry_ws/install/gantry_moveit_config_2' for CMake config files
[2.169s] Level 1:colcon.colcon_core.shell:create_environment_hook('gantry_moveit_config_2', 'cmake_prefix_path')
[2.169s] INFO:colcon.colcon_core.shell:Creating environment hook '/home/ilyaes/Desktop/ros2project/moveit2_tuto/ros2_gantry_ws/install/gantry_moveit_config_2/share/gantry_moveit_config_2/hook/cmake_prefix_path.ps1'
[2.169s] INFO:colcon.colcon_core.shell:Creating environment descriptor '/home/ilyaes/Desktop/ros2project/moveit2_tuto/ros2_gantry_ws/install/gantry_moveit_config_2/share/gantry_moveit_config_2/hook/cmake_prefix_path.dsv'
[2.170s] INFO:colcon.colcon_core.shell:Creating environment hook '/home/ilyaes/Desktop/ros2project/moveit2_tuto/ros2_gantry_ws/install/gantry_moveit_config_2/share/gantry_moveit_config_2/hook/cmake_prefix_path.sh'
[2.170s] Level 1:colcon.colcon_core.environment:checking '/home/ilyaes/Desktop/ros2project/moveit2_tuto/ros2_gantry_ws/install/gantry_moveit_config_2/bin'
[2.170s] Level 1:colcon.colcon_core.environment:checking '/home/ilyaes/Desktop/ros2project/moveit2_tuto/ros2_gantry_ws/install/gantry_moveit_config_2/lib/pkgconfig/gantry_moveit_config_2.pc'
[2.170s] Level 1:colcon.colcon_core.environment:checking '/home/ilyaes/Desktop/ros2project/moveit2_tuto/ros2_gantry_ws/install/gantry_moveit_config_2/lib/python3.12/site-packages'
[2.171s] Level 1:colcon.colcon_core.environment:checking '/home/ilyaes/Desktop/ros2project/moveit2_tuto/ros2_gantry_ws/install/gantry_moveit_config_2/bin'
[2.171s] INFO:colcon.colcon_core.shell:Creating package script '/home/ilyaes/Desktop/ros2project/moveit2_tuto/ros2_gantry_ws/install/gantry_moveit_config_2/share/gantry_moveit_config_2/package.ps1'
[2.171s] INFO:colcon.colcon_core.shell:Creating package descriptor '/home/ilyaes/Desktop/ros2project/moveit2_tuto/ros2_gantry_ws/install/gantry_moveit_config_2/share/gantry_moveit_config_2/package.dsv'
[2.172s] INFO:colcon.colcon_core.shell:Creating package script '/home/ilyaes/Desktop/ros2project/moveit2_tuto/ros2_gantry_ws/install/gantry_moveit_config_2/share/gantry_moveit_config_2/package.sh'
[2.172s] INFO:colcon.colcon_core.shell:Creating package script '/home/ilyaes/Desktop/ros2project/moveit2_tuto/ros2_gantry_ws/install/gantry_moveit_config_2/share/gantry_moveit_config_2/package.bash'
[2.172s] INFO:colcon.colcon_core.shell:Creating package script '/home/ilyaes/Desktop/ros2project/moveit2_tuto/ros2_gantry_ws/install/gantry_moveit_config_2/share/gantry_moveit_config_2/package.zsh'
[2.173s] Level 1:colcon.colcon_core.environment:create_file_with_runtime_dependencies(/home/ilyaes/Desktop/ros2project/moveit2_tuto/ros2_gantry_ws/install/gantry_moveit_config_2/share/colcon-core/packages/gantry_moveit_config_2)
[2.173s] Level 1:colcon.colcon_core.environment:create_environment_scripts_only(gantry_moveit_config_2)
[2.173s] Level 1:colcon.colcon_core.environment:checking '/home/ilyaes/Desktop/ros2project/moveit2_tuto/ros2_gantry_ws/install/gantry_moveit_config_2' for CMake module files
[2.174s] Level 1:colcon.colcon_core.environment:checking '/home/ilyaes/Desktop/ros2project/moveit2_tuto/ros2_gantry_ws/install/gantry_moveit_config_2' for CMake config files
[2.174s] Level 1:colcon.colcon_core.shell:create_environment_hook('gantry_moveit_config_2', 'cmake_prefix_path')
[2.174s] INFO:colcon.colcon_core.shell:Creating environment hook '/home/ilyaes/Desktop/ros2project/moveit2_tuto/ros2_gantry_ws/install/gantry_moveit_config_2/share/gantry_moveit_config_2/hook/cmake_prefix_path.ps1'
[2.174s] INFO:colcon.colcon_core.shell:Creating environment descriptor '/home/ilyaes/Desktop/ros2project/moveit2_tuto/ros2_gantry_ws/install/gantry_moveit_config_2/share/gantry_moveit_config_2/hook/cmake_prefix_path.dsv'
[2.174s] INFO:colcon.colcon_core.shell:Creating environment hook '/home/ilyaes/Desktop/ros2project/moveit2_tuto/ros2_gantry_ws/install/gantry_moveit_config_2/share/gantry_moveit_config_2/hook/cmake_prefix_path.sh'
[2.175s] Level 1:colcon.colcon_core.environment:checking '/home/ilyaes/Desktop/ros2project/moveit2_tuto/ros2_gantry_ws/install/gantry_moveit_config_2/bin'
[2.175s] Level 1:colcon.colcon_core.environment:checking '/home/ilyaes/Desktop/ros2project/moveit2_tuto/ros2_gantry_ws/install/gantry_moveit_config_2/lib/pkgconfig/gantry_moveit_config_2.pc'
[2.175s] Level 1:colcon.colcon_core.environment:checking '/home/ilyaes/Desktop/ros2project/moveit2_tuto/ros2_gantry_ws/install/gantry_moveit_config_2/lib/python3.12/site-packages'
[2.175s] Level 1:colcon.colcon_core.environment:checking '/home/ilyaes/Desktop/ros2project/moveit2_tuto/ros2_gantry_ws/install/gantry_moveit_config_2/bin'
[2.176s] INFO:colcon.colcon_core.shell:Creating package script '/home/ilyaes/Desktop/ros2project/moveit2_tuto/ros2_gantry_ws/install/gantry_moveit_config_2/share/gantry_moveit_config_2/package.ps1'
[2.176s] INFO:colcon.colcon_core.shell:Creating package descriptor '/home/ilyaes/Desktop/ros2project/moveit2_tuto/ros2_gantry_ws/install/gantry_moveit_config_2/share/gantry_moveit_config_2/package.dsv'
[2.176s] INFO:colcon.colcon_core.shell:Creating package script '/home/ilyaes/Desktop/ros2project/moveit2_tuto/ros2_gantry_ws/install/gantry_moveit_config_2/share/gantry_moveit_config_2/package.sh'
[2.177s] INFO:colcon.colcon_core.shell:Creating package script '/home/ilyaes/Desktop/ros2project/moveit2_tuto/ros2_gantry_ws/install/gantry_moveit_config_2/share/gantry_moveit_config_2/package.bash'
[2.187s] INFO:colcon.colcon_core.shell:Creating package script '/home/ilyaes/Desktop/ros2project/moveit2_tuto/ros2_gantry_ws/install/gantry_moveit_config_2/share/gantry_moveit_config_2/package.zsh'
[2.188s] Level 1:colcon.colcon_core.environment:create_file_with_runtime_dependencies(/home/ilyaes/Desktop/ros2project/moveit2_tuto/ros2_gantry_ws/install/gantry_moveit_config_2/share/colcon-core/packages/gantry_moveit_config_2)
[2.188s] DEBUG:colcon.colcon_parallel_executor.executor.parallel:closing loop
[2.188s] DEBUG:colcon.colcon_parallel_executor.executor.parallel:loop closed
[2.188s] DEBUG:colcon.colcon_parallel_executor.executor.parallel:run_until_complete finished with '0'
[2.188s] DEBUG:colcon.colcon_core.event_reactor:joining thread
[2.201s] INFO:colcon.colcon_core.plugin_system:Skipping extension 'colcon_notification.desktop_notification.terminal_notifier': Not used on non-Darwin systems
[2.201s] INFO:colcon.colcon_core.plugin_system:Skipping extension 'colcon_notification.desktop_notification.win32': Not used on non-Windows systems
[2.201s] INFO:colcon.colcon_notification.desktop_notification:Sending desktop notification using 'notify2'
[2.216s] DEBUG:colcon.colcon_core.event_reactor:joined thread
[2.217s] INFO:colcon.colcon_core.shell:Creating prefix script '/home/ilyaes/Desktop/ros2project/moveit2_tuto/ros2_gantry_ws/install/local_setup.ps1'
[2.218s] INFO:colcon.colcon_core.shell:Creating prefix util module '/home/ilyaes/Desktop/ros2project/moveit2_tuto/ros2_gantry_ws/install/_local_setup_util_ps1.py'
[2.219s] INFO:colcon.colcon_core.shell:Creating prefix chain script '/home/ilyaes/Desktop/ros2project/moveit2_tuto/ros2_gantry_ws/install/setup.ps1'
[2.220s] INFO:colcon.colcon_core.shell:Creating prefix script '/home/ilyaes/Desktop/ros2project/moveit2_tuto/ros2_gantry_ws/install/local_setup.sh'
[2.220s] INFO:colcon.colcon_core.shell:Creating prefix util module '/home/ilyaes/Desktop/ros2project/moveit2_tuto/ros2_gantry_ws/install/_local_setup_util_sh.py'
[2.221s] INFO:colcon.colcon_core.shell:Creating prefix chain script '/home/ilyaes/Desktop/ros2project/moveit2_tuto/ros2_gantry_ws/install/setup.sh'
[2.222s] INFO:colcon.colcon_core.shell:Creating prefix script '/home/ilyaes/Desktop/ros2project/moveit2_tuto/ros2_gantry_ws/install/local_setup.bash'
[2.223s] INFO:colcon.colcon_core.shell:Creating prefix chain script '/home/ilyaes/Desktop/ros2project/moveit2_tuto/ros2_gantry_ws/install/setup.bash'
[2.224s] INFO:colcon.colcon_core.shell:Creating prefix script '/home/ilyaes/Desktop/ros2project/moveit2_tuto/ros2_gantry_ws/install/local_setup.zsh'
[2.224s] INFO:colcon.colcon_core.shell:Creating prefix chain script '/home/ilyaes/Desktop/ros2project/moveit2_tuto/ros2_gantry_ws/install/setup.zsh'
