[0.413s] DEBUG:colcon:Command line arguments: ['/home/ilyaes/.local/bin/colcon', 'build']
[0.413s] DEBUG:colcon:Parsed command line arguments: Namespace(log_base=None, log_level=None, verb_name='build', build_base='build', install_base='install', merge_install=False, symlink_install=False, test_result_base=None, continue_on_error=False, executor='parallel', parallel_workers=8, event_handlers=None, ignore_user_meta=False, metas=['./colcon.meta'], base_paths=['.'], packages_ignore=None, packages_ignore_regex=None, paths=None, packages_up_to=None, packages_up_to_regex=None, packages_above=None, packages_above_and_dependencies=None, packages_above_depth=None, packages_select_by_dep=None, packages_skip_by_dep=None, packages_skip_up_to=None, packages_select_build_failed=False, packages_skip_build_finished=False, packages_select_test_failures=False, packages_skip_test_passed=False, packages_select=None, packages_skip=None, packages_select_regex=None, packages_skip_regex=None, packages_start=None, packages_end=None, allow_overriding=[], cmake_args=None, cmake_target=None, cmake_target_skip_unavailable=False, cmake_clean_cache=False, cmake_clean_first=False, cmake_force_configure=False, ament_cmake_args=None, catkin_cmake_args=None, catkin_skip_building_tests=False, verb_parser=<colcon_defaults.argument_parser.defaults.DefaultArgumentsDecorator object at 0x76f6921d4b60>, verb_extension=<colcon_core.verb.build.BuildVerb object at 0x76f692163e30>, main=<bound method BuildVerb.main of <colcon_core.verb.build.BuildVerb object at 0x76f692163e30>>)
[0.485s] Level 1:colcon.colcon_core.package_discovery:discover_packages(colcon_meta) check parameters
[0.485s] Level 1:colcon.colcon_core.package_discovery:discover_packages(recursive) check parameters
[0.485s] Level 1:colcon.colcon_core.package_discovery:discover_packages(ignore) check parameters
[0.485s] Level 1:colcon.colcon_core.package_discovery:discover_packages(path) check parameters
[0.485s] Level 1:colcon.colcon_core.package_discovery:discover_packages(colcon_meta) discover
[0.485s] Level 1:colcon.colcon_core.package_discovery:discover_packages(recursive) discover
[0.485s] INFO:colcon.colcon_core.package_discovery:Crawling recursively for packages in '/home/ilyaes/Desktop/ros2project/moveit2_tuto/new_gantry_ws'
[0.485s] Level 1:colcon.colcon_core.package_identification:_identify(.) by extensions ['ignore', 'ignore_ament_install']
[0.485s] Level 1:colcon.colcon_core.package_identification:_identify(.) by extension 'ignore'
[0.485s] Level 1:colcon.colcon_core.package_identification:_identify(.) by extension 'ignore_ament_install'
[0.485s] Level 1:colcon.colcon_core.package_identification:_identify(.) by extensions ['colcon_pkg']
[0.485s] Level 1:colcon.colcon_core.package_identification:_identify(.) by extension 'colcon_pkg'
[0.486s] Level 1:colcon.colcon_core.package_identification:_identify(.) by extensions ['colcon_meta']
[0.486s] Level 1:colcon.colcon_core.package_identification:_identify(.) by extension 'colcon_meta'
[0.486s] Level 1:colcon.colcon_core.package_identification:_identify(.) by extensions ['ros']
[0.486s] Level 1:colcon.colcon_core.package_identification:_identify(.) by extension 'ros'
[0.517s] Level 1:colcon.colcon_core.package_identification:_identify(.) by extensions ['cmake', 'python']
[0.517s] Level 1:colcon.colcon_core.package_identification:_identify(.) by extension 'cmake'
[0.517s] Level 1:colcon.colcon_core.package_identification:_identify(.) by extension 'python'
[0.517s] Level 1:colcon.colcon_core.package_identification:_identify(.) by extensions ['python_setup_py']
[0.517s] Level 1:colcon.colcon_core.package_identification:_identify(.) by extension 'python_setup_py'
[0.517s] Level 1:colcon.colcon_core.package_identification:_identify(build) by extensions ['ignore', 'ignore_ament_install']
[0.517s] Level 1:colcon.colcon_core.package_identification:_identify(build) by extension 'ignore'
[0.517s] Level 1:colcon.colcon_core.package_identification:_identify(build) ignored
[0.518s] Level 1:colcon.colcon_core.package_identification:_identify(install) by extensions ['ignore', 'ignore_ament_install']
[0.518s] Level 1:colcon.colcon_core.package_identification:_identify(install) by extension 'ignore'
[0.518s] Level 1:colcon.colcon_core.package_identification:_identify(install) ignored
[0.518s] Level 1:colcon.colcon_core.package_identification:_identify(log) by extensions ['ignore', 'ignore_ament_install']
[0.518s] Level 1:colcon.colcon_core.package_identification:_identify(log) by extension 'ignore'
[0.518s] Level 1:colcon.colcon_core.package_identification:_identify(log) ignored
[0.518s] Level 1:colcon.colcon_core.package_identification:_identify(src) by extensions ['ignore', 'ignore_ament_install']
[0.518s] Level 1:colcon.colcon_core.package_identification:_identify(src) by extension 'ignore'
[0.518s] Level 1:colcon.colcon_core.package_identification:_identify(src) by extension 'ignore_ament_install'
[0.518s] Level 1:colcon.colcon_core.package_identification:_identify(src) by extensions ['colcon_pkg']
[0.518s] Level 1:colcon.colcon_core.package_identification:_identify(src) by extension 'colcon_pkg'
[0.518s] Level 1:colcon.colcon_core.package_identification:_identify(src) by extensions ['colcon_meta']
[0.518s] Level 1:colcon.colcon_core.package_identification:_identify(src) by extension 'colcon_meta'
[0.518s] Level 1:colcon.colcon_core.package_identification:_identify(src) by extensions ['ros']
[0.518s] Level 1:colcon.colcon_core.package_identification:_identify(src) by extension 'ros'
[0.519s] Level 1:colcon.colcon_core.package_identification:_identify(src) by extensions ['cmake', 'python']
[0.519s] Level 1:colcon.colcon_core.package_identification:_identify(src) by extension 'cmake'
[0.519s] Level 1:colcon.colcon_core.package_identification:_identify(src) by extension 'python'
[0.519s] Level 1:colcon.colcon_core.package_identification:_identify(src) by extensions ['python_setup_py']
[0.519s] Level 1:colcon.colcon_core.package_identification:_identify(src) by extension 'python_setup_py'
[0.519s] Level 1:colcon.colcon_core.package_identification:_identify(src/gantry) by extensions ['ignore', 'ignore_ament_install']
[0.519s] Level 1:colcon.colcon_core.package_identification:_identify(src/gantry) by extension 'ignore'
[0.519s] Level 1:colcon.colcon_core.package_identification:_identify(src/gantry) by extension 'ignore_ament_install'
[0.519s] Level 1:colcon.colcon_core.package_identification:_identify(src/gantry) by extensions ['colcon_pkg']
[0.519s] Level 1:colcon.colcon_core.package_identification:_identify(src/gantry) by extension 'colcon_pkg'
[0.519s] Level 1:colcon.colcon_core.package_identification:_identify(src/gantry) by extensions ['colcon_meta']
[0.519s] Level 1:colcon.colcon_core.package_identification:_identify(src/gantry) by extension 'colcon_meta'
[0.519s] Level 1:colcon.colcon_core.package_identification:_identify(src/gantry) by extensions ['ros']
[0.519s] Level 1:colcon.colcon_core.package_identification:_identify(src/gantry) by extension 'ros'
[0.523s] DEBUG:colcon.colcon_core.package_identification:Package 'src/gantry' with type 'ros.ament_cmake' and name 'gantry'
[0.523s] Level 1:colcon.colcon_core.package_identification:_identify(src/gantry_control) by extensions ['ignore', 'ignore_ament_install']
[0.523s] Level 1:colcon.colcon_core.package_identification:_identify(src/gantry_control) by extension 'ignore'
[0.523s] Level 1:colcon.colcon_core.package_identification:_identify(src/gantry_control) by extension 'ignore_ament_install'
[0.523s] Level 1:colcon.colcon_core.package_identification:_identify(src/gantry_control) by extensions ['colcon_pkg']
[0.523s] Level 1:colcon.colcon_core.package_identification:_identify(src/gantry_control) by extension 'colcon_pkg'
[0.523s] Level 1:colcon.colcon_core.package_identification:_identify(src/gantry_control) by extensions ['colcon_meta']
[0.523s] Level 1:colcon.colcon_core.package_identification:_identify(src/gantry_control) by extension 'colcon_meta'
[0.523s] Level 1:colcon.colcon_core.package_identification:_identify(src/gantry_control) by extensions ['ros']
[0.523s] Level 1:colcon.colcon_core.package_identification:_identify(src/gantry_control) by extension 'ros'
[0.524s] DEBUG:colcon.colcon_core.package_identification:Package 'src/gantry_control' with type 'ros.ament_cmake' and name 'gantry_control'
[0.524s] Level 1:colcon.colcon_core.package_identification:_identify(src/gantry_moveit_config_2) by extensions ['ignore', 'ignore_ament_install']
[0.525s] Level 1:colcon.colcon_core.package_identification:_identify(src/gantry_moveit_config_2) by extension 'ignore'
[0.525s] Level 1:colcon.colcon_core.package_identification:_identify(src/gantry_moveit_config_2) by extension 'ignore_ament_install'
[0.525s] Level 1:colcon.colcon_core.package_identification:_identify(src/gantry_moveit_config_2) by extensions ['colcon_pkg']
[0.525s] Level 1:colcon.colcon_core.package_identification:_identify(src/gantry_moveit_config_2) by extension 'colcon_pkg'
[0.525s] Level 1:colcon.colcon_core.package_identification:_identify(src/gantry_moveit_config_2) by extensions ['colcon_meta']
[0.525s] Level 1:colcon.colcon_core.package_identification:_identify(src/gantry_moveit_config_2) by extension 'colcon_meta'
[0.525s] Level 1:colcon.colcon_core.package_identification:_identify(src/gantry_moveit_config_2) by extensions ['ros']
[0.525s] Level 1:colcon.colcon_core.package_identification:_identify(src/gantry_moveit_config_2) by extension 'ros'
[0.526s] DEBUG:colcon.colcon_core.package_identification:Package 'src/gantry_moveit_config_2' with type 'ros.ament_cmake' and name 'gantry_moveit_config_2'
[0.526s] Level 1:colcon.colcon_core.package_discovery:discover_packages(recursive) using defaults
[0.526s] Level 1:colcon.colcon_core.package_discovery:discover_packages(ignore) discover
[0.526s] Level 1:colcon.colcon_core.package_discovery:discover_packages(ignore) using defaults
[0.526s] Level 1:colcon.colcon_core.package_discovery:discover_packages(path) discover
[0.526s] Level 1:colcon.colcon_core.package_discovery:discover_packages(path) using defaults
[0.552s] Level 1:colcon.colcon_core.package_discovery:discover_packages(prefix_path) check parameters
[0.552s] Level 1:colcon.colcon_core.package_discovery:discover_packages(prefix_path) discover
[0.561s] DEBUG:colcon.colcon_installed_package_information.package_discovery:Found 559 installed packages in /opt/ros/jazzy
[0.563s] Level 1:colcon.colcon_core.package_discovery:discover_packages(prefix_path) using defaults
[0.791s] Level 5:colcon.colcon_core.verb:set package 'gantry' build argument 'cmake_args' from command line to 'None'
[0.791s] Level 5:colcon.colcon_core.verb:set package 'gantry' build argument 'cmake_target' from command line to 'None'
[0.791s] Level 5:colcon.colcon_core.verb:set package 'gantry' build argument 'cmake_target_skip_unavailable' from command line to 'False'
[0.791s] Level 5:colcon.colcon_core.verb:set package 'gantry' build argument 'cmake_clean_cache' from command line to 'False'
[0.791s] Level 5:colcon.colcon_core.verb:set package 'gantry' build argument 'cmake_clean_first' from command line to 'False'
[0.791s] Level 5:colcon.colcon_core.verb:set package 'gantry' build argument 'cmake_force_configure' from command line to 'False'
[0.791s] Level 5:colcon.colcon_core.verb:set package 'gantry' build argument 'ament_cmake_args' from command line to 'None'
[0.791s] Level 5:colcon.colcon_core.verb:set package 'gantry' build argument 'catkin_cmake_args' from command line to 'None'
[0.791s] Level 5:colcon.colcon_core.verb:set package 'gantry' build argument 'catkin_skip_building_tests' from command line to 'False'
[0.791s] DEBUG:colcon.colcon_core.verb:Building package 'gantry' with the following arguments: {'ament_cmake_args': None, 'build_base': '/home/ilyaes/Desktop/ros2project/moveit2_tuto/new_gantry_ws/build/gantry', 'catkin_cmake_args': None, 'catkin_skip_building_tests': False, 'cmake_args': None, 'cmake_clean_cache': False, 'cmake_clean_first': False, 'cmake_force_configure': False, 'cmake_target': None, 'cmake_target_skip_unavailable': False, 'install_base': '/home/ilyaes/Desktop/ros2project/moveit2_tuto/new_gantry_ws/install/gantry', 'merge_install': False, 'path': '/home/ilyaes/Desktop/ros2project/moveit2_tuto/new_gantry_ws/src/gantry', 'symlink_install': False, 'test_result_base': None}
[0.791s] Level 5:colcon.colcon_core.verb:set package 'gantry_control' build argument 'cmake_args' from command line to 'None'
[0.791s] Level 5:colcon.colcon_core.verb:set package 'gantry_control' build argument 'cmake_target' from command line to 'None'
[0.791s] Level 5:colcon.colcon_core.verb:set package 'gantry_control' build argument 'cmake_target_skip_unavailable' from command line to 'False'
[0.791s] Level 5:colcon.colcon_core.verb:set package 'gantry_control' build argument 'cmake_clean_cache' from command line to 'False'
[0.791s] Level 5:colcon.colcon_core.verb:set package 'gantry_control' build argument 'cmake_clean_first' from command line to 'False'
[0.791s] Level 5:colcon.colcon_core.verb:set package 'gantry_control' build argument 'cmake_force_configure' from command line to 'False'
[0.791s] Level 5:colcon.colcon_core.verb:set package 'gantry_control' build argument 'ament_cmake_args' from command line to 'None'
[0.791s] Level 5:colcon.colcon_core.verb:set package 'gantry_control' build argument 'catkin_cmake_args' from command line to 'None'
[0.792s] Level 5:colcon.colcon_core.verb:set package 'gantry_control' build argument 'catkin_skip_building_tests' from command line to 'False'
[0.792s] DEBUG:colcon.colcon_core.verb:Building package 'gantry_control' with the following arguments: {'ament_cmake_args': None, 'build_base': '/home/ilyaes/Desktop/ros2project/moveit2_tuto/new_gantry_ws/build/gantry_control', 'catkin_cmake_args': None, 'catkin_skip_building_tests': False, 'cmake_args': None, 'cmake_clean_cache': False, 'cmake_clean_first': False, 'cmake_force_configure': False, 'cmake_target': None, 'cmake_target_skip_unavailable': False, 'install_base': '/home/ilyaes/Desktop/ros2project/moveit2_tuto/new_gantry_ws/install/gantry_control', 'merge_install': False, 'path': '/home/ilyaes/Desktop/ros2project/moveit2_tuto/new_gantry_ws/src/gantry_control', 'symlink_install': False, 'test_result_base': None}
[0.792s] Level 5:colcon.colcon_core.verb:set package 'gantry_moveit_config_2' build argument 'cmake_args' from command line to 'None'
[0.792s] Level 5:colcon.colcon_core.verb:set package 'gantry_moveit_config_2' build argument 'cmake_target' from command line to 'None'
[0.792s] Level 5:colcon.colcon_core.verb:set package 'gantry_moveit_config_2' build argument 'cmake_target_skip_unavailable' from command line to 'False'
[0.792s] Level 5:colcon.colcon_core.verb:set package 'gantry_moveit_config_2' build argument 'cmake_clean_cache' from command line to 'False'
[0.792s] Level 5:colcon.colcon_core.verb:set package 'gantry_moveit_config_2' build argument 'cmake_clean_first' from command line to 'False'
[0.792s] Level 5:colcon.colcon_core.verb:set package 'gantry_moveit_config_2' build argument 'cmake_force_configure' from command line to 'False'
[0.792s] Level 5:colcon.colcon_core.verb:set package 'gantry_moveit_config_2' build argument 'ament_cmake_args' from command line to 'None'
[0.792s] Level 5:colcon.colcon_core.verb:set package 'gantry_moveit_config_2' build argument 'catkin_cmake_args' from command line to 'None'
[0.792s] Level 5:colcon.colcon_core.verb:set package 'gantry_moveit_config_2' build argument 'catkin_skip_building_tests' from command line to 'False'
[0.792s] DEBUG:colcon.colcon_core.verb:Building package 'gantry_moveit_config_2' with the following arguments: {'ament_cmake_args': None, 'build_base': '/home/ilyaes/Desktop/ros2project/moveit2_tuto/new_gantry_ws/build/gantry_moveit_config_2', 'catkin_cmake_args': None, 'catkin_skip_building_tests': False, 'cmake_args': None, 'cmake_clean_cache': False, 'cmake_clean_first': False, 'cmake_force_configure': False, 'cmake_target': None, 'cmake_target_skip_unavailable': False, 'install_base': '/home/ilyaes/Desktop/ros2project/moveit2_tuto/new_gantry_ws/install/gantry_moveit_config_2', 'merge_install': False, 'path': '/home/ilyaes/Desktop/ros2project/moveit2_tuto/new_gantry_ws/src/gantry_moveit_config_2', 'symlink_install': False, 'test_result_base': None}
[0.792s] INFO:colcon.colcon_core.executor:Executing jobs using 'parallel' executor
[0.793s] DEBUG:colcon.colcon_parallel_executor.executor.parallel:run_until_complete
[0.793s] INFO:colcon.colcon_ros.task.ament_cmake.build:Building ROS package in '/home/ilyaes/Desktop/ros2project/moveit2_tuto/new_gantry_ws/src/gantry' with build type 'ament_cmake'
[0.794s] INFO:colcon.colcon_cmake.task.cmake.build:Building CMake package in '/home/ilyaes/Desktop/ros2project/moveit2_tuto/new_gantry_ws/src/gantry'
[0.798s] INFO:colcon.colcon_core.plugin_system:Skipping extension 'colcon_core.shell.bat': Not used on non-Windows systems
[0.798s] INFO:colcon.colcon_core.shell:Skip shell extension 'powershell' for command environment: Not usable outside of PowerShell
[0.798s] DEBUG:colcon.colcon_core.shell:Skip shell extension 'dsv' for command environment
[0.803s] INFO:colcon.colcon_ros.task.ament_cmake.build:Building ROS package in '/home/ilyaes/Desktop/ros2project/moveit2_tuto/new_gantry_ws/src/gantry_control' with build type 'ament_cmake'
[0.804s] INFO:colcon.colcon_cmake.task.cmake.build:Building CMake package in '/home/ilyaes/Desktop/ros2project/moveit2_tuto/new_gantry_ws/src/gantry_control'
[0.804s] INFO:colcon.colcon_core.shell:Skip shell extension 'powershell' for command environment: Not usable outside of PowerShell
[0.804s] DEBUG:colcon.colcon_core.shell:Skip shell extension 'dsv' for command environment
[0.817s] DEBUG:colcon.colcon_core.event_handler.log_command:Invoking command in '/home/ilyaes/Desktop/ros2project/moveit2_tuto/new_gantry_ws/build/gantry': CMAKE_PREFIX_PATH=${CMAKE_PREFIX_PATH}:/opt/ros/jazzy DEBUGINFOD_URLS=https://debuginfod.ubuntu.com /usr/bin/cmake --build /home/ilyaes/Desktop/ros2project/moveit2_tuto/new_gantry_ws/build/gantry -- -j8 -l8
[0.822s] DEBUG:colcon.colcon_core.event_handler.log_command:Invoking command in '/home/ilyaes/Desktop/ros2project/moveit2_tuto/new_gantry_ws/build/gantry_control': CMAKE_PREFIX_PATH=${CMAKE_PREFIX_PATH}:/opt/ros/jazzy DEBUGINFOD_URLS=https://debuginfod.ubuntu.com /usr/bin/cmake /home/ilyaes/Desktop/ros2project/moveit2_tuto/new_gantry_ws/src/gantry_control -DCMAKE_INSTALL_PREFIX=/home/ilyaes/Desktop/ros2project/moveit2_tuto/new_gantry_ws/install/gantry_control
[1.614s] DEBUG:colcon.colcon_core.event_handler.log_command:Invoked command in '/home/ilyaes/Desktop/ros2project/moveit2_tuto/new_gantry_ws/build/gantry' returned '0': CMAKE_PREFIX_PATH=${CMAKE_PREFIX_PATH}:/opt/ros/jazzy DEBUGINFOD_URLS=https://debuginfod.ubuntu.com /usr/bin/cmake --build /home/ilyaes/Desktop/ros2project/moveit2_tuto/new_gantry_ws/build/gantry -- -j8 -l8
[1.627s] DEBUG:colcon.colcon_core.event_handler.log_command:Invoking command in '/home/ilyaes/Desktop/ros2project/moveit2_tuto/new_gantry_ws/build/gantry': CMAKE_PREFIX_PATH=${CMAKE_PREFIX_PATH}:/opt/ros/jazzy DEBUGINFOD_URLS=https://debuginfod.ubuntu.com /usr/bin/cmake --install /home/ilyaes/Desktop/ros2project/moveit2_tuto/new_gantry_ws/build/gantry
[1.700s] Level 1:colcon.colcon_core.environment:create_environment_scripts_only(gantry)
[1.700s] DEBUG:colcon.colcon_core.event_handler.log_command:Invoked command in '/home/ilyaes/Desktop/ros2project/moveit2_tuto/new_gantry_ws/build/gantry' returned '0': CMAKE_PREFIX_PATH=${CMAKE_PREFIX_PATH}:/opt/ros/jazzy DEBUGINFOD_URLS=https://debuginfod.ubuntu.com /usr/bin/cmake --install /home/ilyaes/Desktop/ros2project/moveit2_tuto/new_gantry_ws/build/gantry
[1.708s] Level 1:colcon.colcon_core.environment:checking '/home/ilyaes/Desktop/ros2project/moveit2_tuto/new_gantry_ws/install/gantry' for CMake module files
[1.709s] Level 1:colcon.colcon_core.environment:checking '/home/ilyaes/Desktop/ros2project/moveit2_tuto/new_gantry_ws/install/gantry' for CMake config files
[1.710s] Level 1:colcon.colcon_core.shell:create_environment_hook('gantry', 'cmake_prefix_path')
[1.711s] INFO:colcon.colcon_core.shell:Creating environment hook '/home/ilyaes/Desktop/ros2project/moveit2_tuto/new_gantry_ws/install/gantry/share/gantry/hook/cmake_prefix_path.ps1'
[1.712s] INFO:colcon.colcon_core.shell:Creating environment descriptor '/home/ilyaes/Desktop/ros2project/moveit2_tuto/new_gantry_ws/install/gantry/share/gantry/hook/cmake_prefix_path.dsv'
[1.713s] INFO:colcon.colcon_core.shell:Creating environment hook '/home/ilyaes/Desktop/ros2project/moveit2_tuto/new_gantry_ws/install/gantry/share/gantry/hook/cmake_prefix_path.sh'
[1.714s] Level 1:colcon.colcon_core.environment:checking '/home/ilyaes/Desktop/ros2project/moveit2_tuto/new_gantry_ws/install/gantry/lib'
[1.714s] Level 1:colcon.colcon_core.environment:checking '/home/ilyaes/Desktop/ros2project/moveit2_tuto/new_gantry_ws/install/gantry/bin'
[1.714s] Level 1:colcon.colcon_core.environment:checking '/home/ilyaes/Desktop/ros2project/moveit2_tuto/new_gantry_ws/install/gantry/lib/pkgconfig/gantry.pc'
[1.715s] Level 1:colcon.colcon_core.environment:checking '/home/ilyaes/Desktop/ros2project/moveit2_tuto/new_gantry_ws/install/gantry/lib/python3.12/site-packages'
[1.715s] Level 1:colcon.colcon_core.shell:create_environment_hook('gantry', 'pythonpath')
[1.715s] INFO:colcon.colcon_core.shell:Creating environment hook '/home/ilyaes/Desktop/ros2project/moveit2_tuto/new_gantry_ws/install/gantry/share/gantry/hook/pythonpath.ps1'
[1.716s] INFO:colcon.colcon_core.shell:Creating environment descriptor '/home/ilyaes/Desktop/ros2project/moveit2_tuto/new_gantry_ws/install/gantry/share/gantry/hook/pythonpath.dsv'
[1.716s] INFO:colcon.colcon_core.shell:Creating environment hook '/home/ilyaes/Desktop/ros2project/moveit2_tuto/new_gantry_ws/install/gantry/share/gantry/hook/pythonpath.sh'
[1.717s] Level 1:colcon.colcon_core.environment:checking '/home/ilyaes/Desktop/ros2project/moveit2_tuto/new_gantry_ws/install/gantry/bin'
[1.718s] INFO:colcon.colcon_core.shell:Creating package script '/home/ilyaes/Desktop/ros2project/moveit2_tuto/new_gantry_ws/install/gantry/share/gantry/package.ps1'
[1.719s] INFO:colcon.colcon_core.shell:Creating package descriptor '/home/ilyaes/Desktop/ros2project/moveit2_tuto/new_gantry_ws/install/gantry/share/gantry/package.dsv'
[1.720s] INFO:colcon.colcon_core.shell:Creating package script '/home/ilyaes/Desktop/ros2project/moveit2_tuto/new_gantry_ws/install/gantry/share/gantry/package.sh'
[1.722s] INFO:colcon.colcon_core.shell:Creating package script '/home/ilyaes/Desktop/ros2project/moveit2_tuto/new_gantry_ws/install/gantry/share/gantry/package.bash'
[1.723s] INFO:colcon.colcon_core.shell:Creating package script '/home/ilyaes/Desktop/ros2project/moveit2_tuto/new_gantry_ws/install/gantry/share/gantry/package.zsh'
[1.725s] Level 1:colcon.colcon_core.environment:create_file_with_runtime_dependencies(/home/ilyaes/Desktop/ros2project/moveit2_tuto/new_gantry_ws/install/gantry/share/colcon-core/packages/gantry)
[1.725s] Level 1:colcon.colcon_core.environment:create_environment_scripts_only(gantry)
[1.726s] Level 1:colcon.colcon_core.environment:checking '/home/ilyaes/Desktop/ros2project/moveit2_tuto/new_gantry_ws/install/gantry' for CMake module files
[1.727s] Level 1:colcon.colcon_core.environment:checking '/home/ilyaes/Desktop/ros2project/moveit2_tuto/new_gantry_ws/install/gantry' for CMake config files
[1.727s] Level 1:colcon.colcon_core.shell:create_environment_hook('gantry', 'cmake_prefix_path')
[1.727s] INFO:colcon.colcon_core.shell:Creating environment hook '/home/ilyaes/Desktop/ros2project/moveit2_tuto/new_gantry_ws/install/gantry/share/gantry/hook/cmake_prefix_path.ps1'
[1.728s] INFO:colcon.colcon_core.shell:Creating environment descriptor '/home/ilyaes/Desktop/ros2project/moveit2_tuto/new_gantry_ws/install/gantry/share/gantry/hook/cmake_prefix_path.dsv'
[1.728s] INFO:colcon.colcon_core.shell:Creating environment hook '/home/ilyaes/Desktop/ros2project/moveit2_tuto/new_gantry_ws/install/gantry/share/gantry/hook/cmake_prefix_path.sh'
[1.729s] Level 1:colcon.colcon_core.environment:checking '/home/ilyaes/Desktop/ros2project/moveit2_tuto/new_gantry_ws/install/gantry/lib'
[1.729s] Level 1:colcon.colcon_core.environment:checking '/home/ilyaes/Desktop/ros2project/moveit2_tuto/new_gantry_ws/install/gantry/bin'
[1.729s] Level 1:colcon.colcon_core.environment:checking '/home/ilyaes/Desktop/ros2project/moveit2_tuto/new_gantry_ws/install/gantry/lib/pkgconfig/gantry.pc'
[1.729s] Level 1:colcon.colcon_core.environment:checking '/home/ilyaes/Desktop/ros2project/moveit2_tuto/new_gantry_ws/install/gantry/lib/python3.12/site-packages'
[1.730s] Level 1:colcon.colcon_core.shell:create_environment_hook('gantry', 'pythonpath')
[1.730s] INFO:colcon.colcon_core.shell:Creating environment hook '/home/ilyaes/Desktop/ros2project/moveit2_tuto/new_gantry_ws/install/gantry/share/gantry/hook/pythonpath.ps1'
[1.730s] INFO:colcon.colcon_core.shell:Creating environment descriptor '/home/ilyaes/Desktop/ros2project/moveit2_tuto/new_gantry_ws/install/gantry/share/gantry/hook/pythonpath.dsv'
[1.731s] INFO:colcon.colcon_core.shell:Creating environment hook '/home/ilyaes/Desktop/ros2project/moveit2_tuto/new_gantry_ws/install/gantry/share/gantry/hook/pythonpath.sh'
[1.731s] Level 1:colcon.colcon_core.environment:checking '/home/ilyaes/Desktop/ros2project/moveit2_tuto/new_gantry_ws/install/gantry/bin'
[1.732s] INFO:colcon.colcon_core.shell:Creating package script '/home/ilyaes/Desktop/ros2project/moveit2_tuto/new_gantry_ws/install/gantry/share/gantry/package.ps1'
[1.732s] INFO:colcon.colcon_core.shell:Creating package descriptor '/home/ilyaes/Desktop/ros2project/moveit2_tuto/new_gantry_ws/install/gantry/share/gantry/package.dsv'
[1.733s] INFO:colcon.colcon_core.shell:Creating package script '/home/ilyaes/Desktop/ros2project/moveit2_tuto/new_gantry_ws/install/gantry/share/gantry/package.sh'
[1.733s] INFO:colcon.colcon_core.shell:Creating package script '/home/ilyaes/Desktop/ros2project/moveit2_tuto/new_gantry_ws/install/gantry/share/gantry/package.bash'
[1.733s] INFO:colcon.colcon_core.shell:Creating package script '/home/ilyaes/Desktop/ros2project/moveit2_tuto/new_gantry_ws/install/gantry/share/gantry/package.zsh'
[1.734s] Level 1:colcon.colcon_core.environment:create_file_with_runtime_dependencies(/home/ilyaes/Desktop/ros2project/moveit2_tuto/new_gantry_ws/install/gantry/share/colcon-core/packages/gantry)
[1.734s] INFO:colcon.colcon_ros.task.ament_cmake.build:Building ROS package in '/home/ilyaes/Desktop/ros2project/moveit2_tuto/new_gantry_ws/src/gantry_moveit_config_2' with build type 'ament_cmake'
[1.734s] INFO:colcon.colcon_cmake.task.cmake.build:Building CMake package in '/home/ilyaes/Desktop/ros2project/moveit2_tuto/new_gantry_ws/src/gantry_moveit_config_2'
[1.735s] INFO:colcon.colcon_core.shell:Skip shell extension 'powershell' for command environment: Not usable outside of PowerShell
[1.735s] DEBUG:colcon.colcon_core.shell:Skip shell extension 'dsv' for command environment
[1.748s] DEBUG:colcon.colcon_core.event_handler.log_command:Invoking command in '/home/ilyaes/Desktop/ros2project/moveit2_tuto/new_gantry_ws/build/gantry_moveit_config_2': AMENT_PREFIX_PATH=/home/ilyaes/Desktop/ros2project/moveit2_tuto/new_gantry_ws/install/gantry:${AMENT_PREFIX_PATH} CMAKE_PREFIX_PATH=/home/ilyaes/Desktop/ros2project/moveit2_tuto/new_gantry_ws/install/gantry:/opt/ros/jazzy/opt/gz_sim_vendor:/opt/ros/jazzy/opt/gz_sensors_vendor:/opt/ros/jazzy/opt/gz_physics_vendor:/opt/ros/jazzy/opt/sdformat_vendor:/opt/ros/jazzy/opt/gz_gui_vendor:/opt/ros/jazzy/opt/gz_transport_vendor:/opt/ros/jazzy/opt/gz_rendering_vendor:/opt/ros/jazzy/opt/gz_plugin_vendor:/opt/ros/jazzy/opt/gz_fuel_tools_vendor:/opt/ros/jazzy/opt/gz_msgs_vendor:/opt/ros/jazzy/opt/gz_common_vendor:/opt/ros/jazzy/opt/gz_math_vendor:/opt/ros/jazzy/opt/gz_utils_vendor:/opt/ros/jazzy/opt/gz_tools_vendor:/opt/ros/jazzy/opt/gz_ogre_next_vendor:/opt/ros/jazzy/opt/gz_dartsim_vendor:/opt/ros/jazzy/opt/gz_cmake_vendor:/opt/ros/jazzy DEBUGINFOD_URLS=https://debuginfod.ubuntu.com PYTHONPATH=/home/ilyaes/Desktop/ros2project/moveit2_tuto/new_gantry_ws/install/gantry/lib/python3.12/site-packages:${PYTHONPATH} /usr/bin/cmake --build /home/ilyaes/Desktop/ros2project/moveit2_tuto/new_gantry_ws/build/gantry_moveit_config_2 -- -j8 -l8
[1.802s] DEBUG:colcon.colcon_core.event_handler.log_command:Invoked command in '/home/ilyaes/Desktop/ros2project/moveit2_tuto/new_gantry_ws/build/gantry_moveit_config_2' returned '0': AMENT_PREFIX_PATH=/home/ilyaes/Desktop/ros2project/moveit2_tuto/new_gantry_ws/install/gantry:${AMENT_PREFIX_PATH} CMAKE_PREFIX_PATH=/home/ilyaes/Desktop/ros2project/moveit2_tuto/new_gantry_ws/install/gantry:/opt/ros/jazzy/opt/gz_sim_vendor:/opt/ros/jazzy/opt/gz_sensors_vendor:/opt/ros/jazzy/opt/gz_physics_vendor:/opt/ros/jazzy/opt/sdformat_vendor:/opt/ros/jazzy/opt/gz_gui_vendor:/opt/ros/jazzy/opt/gz_transport_vendor:/opt/ros/jazzy/opt/gz_rendering_vendor:/opt/ros/jazzy/opt/gz_plugin_vendor:/opt/ros/jazzy/opt/gz_fuel_tools_vendor:/opt/ros/jazzy/opt/gz_msgs_vendor:/opt/ros/jazzy/opt/gz_common_vendor:/opt/ros/jazzy/opt/gz_math_vendor:/opt/ros/jazzy/opt/gz_utils_vendor:/opt/ros/jazzy/opt/gz_tools_vendor:/opt/ros/jazzy/opt/gz_ogre_next_vendor:/opt/ros/jazzy/opt/gz_dartsim_vendor:/opt/ros/jazzy/opt/gz_cmake_vendor:/opt/ros/jazzy DEBUGINFOD_URLS=https://debuginfod.ubuntu.com PYTHONPATH=/home/ilyaes/Desktop/ros2project/moveit2_tuto/new_gantry_ws/install/gantry/lib/python3.12/site-packages:${PYTHONPATH} /usr/bin/cmake --build /home/ilyaes/Desktop/ros2project/moveit2_tuto/new_gantry_ws/build/gantry_moveit_config_2 -- -j8 -l8
[1.804s] DEBUG:colcon.colcon_core.event_handler.log_command:Invoking command in '/home/ilyaes/Desktop/ros2project/moveit2_tuto/new_gantry_ws/build/gantry_moveit_config_2': AMENT_PREFIX_PATH=/home/ilyaes/Desktop/ros2project/moveit2_tuto/new_gantry_ws/install/gantry:${AMENT_PREFIX_PATH} CMAKE_PREFIX_PATH=/home/ilyaes/Desktop/ros2project/moveit2_tuto/new_gantry_ws/install/gantry:/opt/ros/jazzy/opt/gz_sim_vendor:/opt/ros/jazzy/opt/gz_sensors_vendor:/opt/ros/jazzy/opt/gz_physics_vendor:/opt/ros/jazzy/opt/sdformat_vendor:/opt/ros/jazzy/opt/gz_gui_vendor:/opt/ros/jazzy/opt/gz_transport_vendor:/opt/ros/jazzy/opt/gz_rendering_vendor:/opt/ros/jazzy/opt/gz_plugin_vendor:/opt/ros/jazzy/opt/gz_fuel_tools_vendor:/opt/ros/jazzy/opt/gz_msgs_vendor:/opt/ros/jazzy/opt/gz_common_vendor:/opt/ros/jazzy/opt/gz_math_vendor:/opt/ros/jazzy/opt/gz_utils_vendor:/opt/ros/jazzy/opt/gz_tools_vendor:/opt/ros/jazzy/opt/gz_ogre_next_vendor:/opt/ros/jazzy/opt/gz_dartsim_vendor:/opt/ros/jazzy/opt/gz_cmake_vendor:/opt/ros/jazzy DEBUGINFOD_URLS=https://debuginfod.ubuntu.com PYTHONPATH=/home/ilyaes/Desktop/ros2project/moveit2_tuto/new_gantry_ws/install/gantry/lib/python3.12/site-packages:${PYTHONPATH} /usr/bin/cmake --install /home/ilyaes/Desktop/ros2project/moveit2_tuto/new_gantry_ws/build/gantry_moveit_config_2
[1.821s] Level 1:colcon.colcon_core.environment:create_environment_scripts_only(gantry_moveit_config_2)
[1.822s] Level 1:colcon.colcon_core.environment:checking '/home/ilyaes/Desktop/ros2project/moveit2_tuto/new_gantry_ws/install/gantry_moveit_config_2' for CMake module files
[1.823s] DEBUG:colcon.colcon_core.event_handler.log_command:Invoked command in '/home/ilyaes/Desktop/ros2project/moveit2_tuto/new_gantry_ws/build/gantry_moveit_config_2' returned '0': AMENT_PREFIX_PATH=/home/ilyaes/Desktop/ros2project/moveit2_tuto/new_gantry_ws/install/gantry:${AMENT_PREFIX_PATH} CMAKE_PREFIX_PATH=/home/ilyaes/Desktop/ros2project/moveit2_tuto/new_gantry_ws/install/gantry:/opt/ros/jazzy/opt/gz_sim_vendor:/opt/ros/jazzy/opt/gz_sensors_vendor:/opt/ros/jazzy/opt/gz_physics_vendor:/opt/ros/jazzy/opt/sdformat_vendor:/opt/ros/jazzy/opt/gz_gui_vendor:/opt/ros/jazzy/opt/gz_transport_vendor:/opt/ros/jazzy/opt/gz_rendering_vendor:/opt/ros/jazzy/opt/gz_plugin_vendor:/opt/ros/jazzy/opt/gz_fuel_tools_vendor:/opt/ros/jazzy/opt/gz_msgs_vendor:/opt/ros/jazzy/opt/gz_common_vendor:/opt/ros/jazzy/opt/gz_math_vendor:/opt/ros/jazzy/opt/gz_utils_vendor:/opt/ros/jazzy/opt/gz_tools_vendor:/opt/ros/jazzy/opt/gz_ogre_next_vendor:/opt/ros/jazzy/opt/gz_dartsim_vendor:/opt/ros/jazzy/opt/gz_cmake_vendor:/opt/ros/jazzy DEBUGINFOD_URLS=https://debuginfod.ubuntu.com PYTHONPATH=/home/ilyaes/Desktop/ros2project/moveit2_tuto/new_gantry_ws/install/gantry/lib/python3.12/site-packages:${PYTHONPATH} /usr/bin/cmake --install /home/ilyaes/Desktop/ros2project/moveit2_tuto/new_gantry_ws/build/gantry_moveit_config_2
[1.823s] Level 1:colcon.colcon_core.environment:checking '/home/ilyaes/Desktop/ros2project/moveit2_tuto/new_gantry_ws/install/gantry_moveit_config_2' for CMake config files
[1.825s] Level 1:colcon.colcon_core.shell:create_environment_hook('gantry_moveit_config_2', 'cmake_prefix_path')
[1.825s] INFO:colcon.colcon_core.shell:Creating environment hook '/home/ilyaes/Desktop/ros2project/moveit2_tuto/new_gantry_ws/install/gantry_moveit_config_2/share/gantry_moveit_config_2/hook/cmake_prefix_path.ps1'
[1.826s] INFO:colcon.colcon_core.shell:Creating environment descriptor '/home/ilyaes/Desktop/ros2project/moveit2_tuto/new_gantry_ws/install/gantry_moveit_config_2/share/gantry_moveit_config_2/hook/cmake_prefix_path.dsv'
[1.826s] INFO:colcon.colcon_core.shell:Creating environment hook '/home/ilyaes/Desktop/ros2project/moveit2_tuto/new_gantry_ws/install/gantry_moveit_config_2/share/gantry_moveit_config_2/hook/cmake_prefix_path.sh'
[1.827s] Level 1:colcon.colcon_core.environment:checking '/home/ilyaes/Desktop/ros2project/moveit2_tuto/new_gantry_ws/install/gantry_moveit_config_2/bin'
[1.827s] Level 1:colcon.colcon_core.environment:checking '/home/ilyaes/Desktop/ros2project/moveit2_tuto/new_gantry_ws/install/gantry_moveit_config_2/lib/pkgconfig/gantry_moveit_config_2.pc'
[1.827s] Level 1:colcon.colcon_core.environment:checking '/home/ilyaes/Desktop/ros2project/moveit2_tuto/new_gantry_ws/install/gantry_moveit_config_2/lib/python3.12/site-packages'
[1.828s] Level 1:colcon.colcon_core.environment:checking '/home/ilyaes/Desktop/ros2project/moveit2_tuto/new_gantry_ws/install/gantry_moveit_config_2/bin'
[1.828s] INFO:colcon.colcon_core.shell:Creating package script '/home/ilyaes/Desktop/ros2project/moveit2_tuto/new_gantry_ws/install/gantry_moveit_config_2/share/gantry_moveit_config_2/package.ps1'
[1.829s] INFO:colcon.colcon_core.shell:Creating package descriptor '/home/ilyaes/Desktop/ros2project/moveit2_tuto/new_gantry_ws/install/gantry_moveit_config_2/share/gantry_moveit_config_2/package.dsv'
[1.830s] INFO:colcon.colcon_core.shell:Creating package script '/home/ilyaes/Desktop/ros2project/moveit2_tuto/new_gantry_ws/install/gantry_moveit_config_2/share/gantry_moveit_config_2/package.sh'
[1.830s] INFO:colcon.colcon_core.shell:Creating package script '/home/ilyaes/Desktop/ros2project/moveit2_tuto/new_gantry_ws/install/gantry_moveit_config_2/share/gantry_moveit_config_2/package.bash'
[1.831s] INFO:colcon.colcon_core.shell:Creating package script '/home/ilyaes/Desktop/ros2project/moveit2_tuto/new_gantry_ws/install/gantry_moveit_config_2/share/gantry_moveit_config_2/package.zsh'
[1.831s] Level 1:colcon.colcon_core.environment:create_file_with_runtime_dependencies(/home/ilyaes/Desktop/ros2project/moveit2_tuto/new_gantry_ws/install/gantry_moveit_config_2/share/colcon-core/packages/gantry_moveit_config_2)
[1.832s] Level 1:colcon.colcon_core.environment:create_environment_scripts_only(gantry_moveit_config_2)
[1.832s] Level 1:colcon.colcon_core.environment:checking '/home/ilyaes/Desktop/ros2project/moveit2_tuto/new_gantry_ws/install/gantry_moveit_config_2' for CMake module files
[1.833s] Level 1:colcon.colcon_core.environment:checking '/home/ilyaes/Desktop/ros2project/moveit2_tuto/new_gantry_ws/install/gantry_moveit_config_2' for CMake config files
[1.834s] Level 1:colcon.colcon_core.shell:create_environment_hook('gantry_moveit_config_2', 'cmake_prefix_path')
[1.834s] INFO:colcon.colcon_core.shell:Creating environment hook '/home/ilyaes/Desktop/ros2project/moveit2_tuto/new_gantry_ws/install/gantry_moveit_config_2/share/gantry_moveit_config_2/hook/cmake_prefix_path.ps1'
[1.835s] INFO:colcon.colcon_core.shell:Creating environment descriptor '/home/ilyaes/Desktop/ros2project/moveit2_tuto/new_gantry_ws/install/gantry_moveit_config_2/share/gantry_moveit_config_2/hook/cmake_prefix_path.dsv'
[1.835s] INFO:colcon.colcon_core.shell:Creating environment hook '/home/ilyaes/Desktop/ros2project/moveit2_tuto/new_gantry_ws/install/gantry_moveit_config_2/share/gantry_moveit_config_2/hook/cmake_prefix_path.sh'
[1.836s] Level 1:colcon.colcon_core.environment:checking '/home/ilyaes/Desktop/ros2project/moveit2_tuto/new_gantry_ws/install/gantry_moveit_config_2/bin'
[1.836s] Level 1:colcon.colcon_core.environment:checking '/home/ilyaes/Desktop/ros2project/moveit2_tuto/new_gantry_ws/install/gantry_moveit_config_2/lib/pkgconfig/gantry_moveit_config_2.pc'
[1.837s] Level 1:colcon.colcon_core.environment:checking '/home/ilyaes/Desktop/ros2project/moveit2_tuto/new_gantry_ws/install/gantry_moveit_config_2/lib/python3.12/site-packages'
[1.837s] Level 1:colcon.colcon_core.environment:checking '/home/ilyaes/Desktop/ros2project/moveit2_tuto/new_gantry_ws/install/gantry_moveit_config_2/bin'
[1.838s] INFO:colcon.colcon_core.shell:Creating package script '/home/ilyaes/Desktop/ros2project/moveit2_tuto/new_gantry_ws/install/gantry_moveit_config_2/share/gantry_moveit_config_2/package.ps1'
[1.839s] INFO:colcon.colcon_core.shell:Creating package descriptor '/home/ilyaes/Desktop/ros2project/moveit2_tuto/new_gantry_ws/install/gantry_moveit_config_2/share/gantry_moveit_config_2/package.dsv'
[1.840s] INFO:colcon.colcon_core.shell:Creating package script '/home/ilyaes/Desktop/ros2project/moveit2_tuto/new_gantry_ws/install/gantry_moveit_config_2/share/gantry_moveit_config_2/package.sh'
[1.841s] INFO:colcon.colcon_core.shell:Creating package script '/home/ilyaes/Desktop/ros2project/moveit2_tuto/new_gantry_ws/install/gantry_moveit_config_2/share/gantry_moveit_config_2/package.bash'
[1.841s] INFO:colcon.colcon_core.shell:Creating package script '/home/ilyaes/Desktop/ros2project/moveit2_tuto/new_gantry_ws/install/gantry_moveit_config_2/share/gantry_moveit_config_2/package.zsh'
[1.842s] Level 1:colcon.colcon_core.environment:create_file_with_runtime_dependencies(/home/ilyaes/Desktop/ros2project/moveit2_tuto/new_gantry_ws/install/gantry_moveit_config_2/share/colcon-core/packages/gantry_moveit_config_2)
[4.134s] DEBUG:colcon.colcon_core.event_handler.log_command:Invoked command in '/home/ilyaes/Desktop/ros2project/moveit2_tuto/new_gantry_ws/build/gantry_control' returned '0': CMAKE_PREFIX_PATH=${CMAKE_PREFIX_PATH}:/opt/ros/jazzy DEBUGINFOD_URLS=https://debuginfod.ubuntu.com /usr/bin/cmake /home/ilyaes/Desktop/ros2project/moveit2_tuto/new_gantry_ws/src/gantry_control -DCMAKE_INSTALL_PREFIX=/home/ilyaes/Desktop/ros2project/moveit2_tuto/new_gantry_ws/install/gantry_control
[4.135s] DEBUG:colcon.colcon_core.event_handler.log_command:Invoking command in '/home/ilyaes/Desktop/ros2project/moveit2_tuto/new_gantry_ws/build/gantry_control': CMAKE_PREFIX_PATH=${CMAKE_PREFIX_PATH}:/opt/ros/jazzy DEBUGINFOD_URLS=https://debuginfod.ubuntu.com /usr/bin/cmake --build /home/ilyaes/Desktop/ros2project/moveit2_tuto/new_gantry_ws/build/gantry_control -- -j8 -l8
[12.933s] DEBUG:colcon.colcon_core.event_handler.log_command:Invoked command in '/home/ilyaes/Desktop/ros2project/moveit2_tuto/new_gantry_ws/build/gantry_control' returned '0': CMAKE_PREFIX_PATH=${CMAKE_PREFIX_PATH}:/opt/ros/jazzy DEBUGINFOD_URLS=https://debuginfod.ubuntu.com /usr/bin/cmake --build /home/ilyaes/Desktop/ros2project/moveit2_tuto/new_gantry_ws/build/gantry_control -- -j8 -l8
[12.936s] DEBUG:colcon.colcon_core.event_handler.log_command:Invoking command in '/home/ilyaes/Desktop/ros2project/moveit2_tuto/new_gantry_ws/build/gantry_control': CMAKE_PREFIX_PATH=${CMAKE_PREFIX_PATH}:/opt/ros/jazzy DEBUGINFOD_URLS=https://debuginfod.ubuntu.com /usr/bin/cmake --install /home/ilyaes/Desktop/ros2project/moveit2_tuto/new_gantry_ws/build/gantry_control
[12.962s] Level 1:colcon.colcon_core.environment:create_environment_scripts_only(gantry_control)
[12.962s] Level 1:colcon.colcon_core.environment:checking '/home/ilyaes/Desktop/ros2project/moveit2_tuto/new_gantry_ws/install/gantry_control' for CMake module files
[12.963s] DEBUG:colcon.colcon_core.event_handler.log_command:Invoked command in '/home/ilyaes/Desktop/ros2project/moveit2_tuto/new_gantry_ws/build/gantry_control' returned '0': CMAKE_PREFIX_PATH=${CMAKE_PREFIX_PATH}:/opt/ros/jazzy DEBUGINFOD_URLS=https://debuginfod.ubuntu.com /usr/bin/cmake --install /home/ilyaes/Desktop/ros2project/moveit2_tuto/new_gantry_ws/build/gantry_control
[12.963s] Level 1:colcon.colcon_core.environment:checking '/home/ilyaes/Desktop/ros2project/moveit2_tuto/new_gantry_ws/install/gantry_control' for CMake config files
[12.964s] Level 1:colcon.colcon_core.shell:create_environment_hook('gantry_control', 'cmake_prefix_path')
[12.964s] INFO:colcon.colcon_core.shell:Creating environment hook '/home/ilyaes/Desktop/ros2project/moveit2_tuto/new_gantry_ws/install/gantry_control/share/gantry_control/hook/cmake_prefix_path.ps1'
[12.966s] INFO:colcon.colcon_core.shell:Creating environment descriptor '/home/ilyaes/Desktop/ros2project/moveit2_tuto/new_gantry_ws/install/gantry_control/share/gantry_control/hook/cmake_prefix_path.dsv'
[12.967s] INFO:colcon.colcon_core.shell:Creating environment hook '/home/ilyaes/Desktop/ros2project/moveit2_tuto/new_gantry_ws/install/gantry_control/share/gantry_control/hook/cmake_prefix_path.sh'
[12.969s] Level 1:colcon.colcon_core.environment:checking '/home/ilyaes/Desktop/ros2project/moveit2_tuto/new_gantry_ws/install/gantry_control/lib'
[12.969s] Level 1:colcon.colcon_core.environment:checking '/home/ilyaes/Desktop/ros2project/moveit2_tuto/new_gantry_ws/install/gantry_control/bin'
[12.969s] Level 1:colcon.colcon_core.environment:checking '/home/ilyaes/Desktop/ros2project/moveit2_tuto/new_gantry_ws/install/gantry_control/lib/pkgconfig/gantry_control.pc'
[12.969s] Level 1:colcon.colcon_core.environment:checking '/home/ilyaes/Desktop/ros2project/moveit2_tuto/new_gantry_ws/install/gantry_control/lib/python3.12/site-packages'
[12.970s] Level 1:colcon.colcon_core.environment:checking '/home/ilyaes/Desktop/ros2project/moveit2_tuto/new_gantry_ws/install/gantry_control/bin'
[12.970s] INFO:colcon.colcon_core.shell:Creating package script '/home/ilyaes/Desktop/ros2project/moveit2_tuto/new_gantry_ws/install/gantry_control/share/gantry_control/package.ps1'
[12.971s] INFO:colcon.colcon_core.shell:Creating package descriptor '/home/ilyaes/Desktop/ros2project/moveit2_tuto/new_gantry_ws/install/gantry_control/share/gantry_control/package.dsv'
[12.972s] INFO:colcon.colcon_core.shell:Creating package script '/home/ilyaes/Desktop/ros2project/moveit2_tuto/new_gantry_ws/install/gantry_control/share/gantry_control/package.sh'
[12.972s] INFO:colcon.colcon_core.shell:Creating package script '/home/ilyaes/Desktop/ros2project/moveit2_tuto/new_gantry_ws/install/gantry_control/share/gantry_control/package.bash'
[12.974s] INFO:colcon.colcon_core.shell:Creating package script '/home/ilyaes/Desktop/ros2project/moveit2_tuto/new_gantry_ws/install/gantry_control/share/gantry_control/package.zsh'
[12.975s] Level 1:colcon.colcon_core.environment:create_file_with_runtime_dependencies(/home/ilyaes/Desktop/ros2project/moveit2_tuto/new_gantry_ws/install/gantry_control/share/colcon-core/packages/gantry_control)
[12.975s] Level 1:colcon.colcon_core.environment:create_environment_scripts_only(gantry_control)
[12.976s] Level 1:colcon.colcon_core.environment:checking '/home/ilyaes/Desktop/ros2project/moveit2_tuto/new_gantry_ws/install/gantry_control' for CMake module files
[12.976s] Level 1:colcon.colcon_core.environment:checking '/home/ilyaes/Desktop/ros2project/moveit2_tuto/new_gantry_ws/install/gantry_control' for CMake config files
[12.977s] Level 1:colcon.colcon_core.shell:create_environment_hook('gantry_control', 'cmake_prefix_path')
[12.977s] INFO:colcon.colcon_core.shell:Creating environment hook '/home/ilyaes/Desktop/ros2project/moveit2_tuto/new_gantry_ws/install/gantry_control/share/gantry_control/hook/cmake_prefix_path.ps1'
[12.977s] INFO:colcon.colcon_core.shell:Creating environment descriptor '/home/ilyaes/Desktop/ros2project/moveit2_tuto/new_gantry_ws/install/gantry_control/share/gantry_control/hook/cmake_prefix_path.dsv'
[12.978s] INFO:colcon.colcon_core.shell:Creating environment hook '/home/ilyaes/Desktop/ros2project/moveit2_tuto/new_gantry_ws/install/gantry_control/share/gantry_control/hook/cmake_prefix_path.sh'
[12.979s] Level 1:colcon.colcon_core.environment:checking '/home/ilyaes/Desktop/ros2project/moveit2_tuto/new_gantry_ws/install/gantry_control/lib'
[12.979s] Level 1:colcon.colcon_core.environment:checking '/home/ilyaes/Desktop/ros2project/moveit2_tuto/new_gantry_ws/install/gantry_control/bin'
[12.979s] Level 1:colcon.colcon_core.environment:checking '/home/ilyaes/Desktop/ros2project/moveit2_tuto/new_gantry_ws/install/gantry_control/lib/pkgconfig/gantry_control.pc'
[12.979s] Level 1:colcon.colcon_core.environment:checking '/home/ilyaes/Desktop/ros2project/moveit2_tuto/new_gantry_ws/install/gantry_control/lib/python3.12/site-packages'
[12.980s] Level 1:colcon.colcon_core.environment:checking '/home/ilyaes/Desktop/ros2project/moveit2_tuto/new_gantry_ws/install/gantry_control/bin'
[12.980s] INFO:colcon.colcon_core.shell:Creating package script '/home/ilyaes/Desktop/ros2project/moveit2_tuto/new_gantry_ws/install/gantry_control/share/gantry_control/package.ps1'
[12.981s] INFO:colcon.colcon_core.shell:Creating package descriptor '/home/ilyaes/Desktop/ros2project/moveit2_tuto/new_gantry_ws/install/gantry_control/share/gantry_control/package.dsv'
[12.981s] INFO:colcon.colcon_core.shell:Creating package script '/home/ilyaes/Desktop/ros2project/moveit2_tuto/new_gantry_ws/install/gantry_control/share/gantry_control/package.sh'
[12.982s] INFO:colcon.colcon_core.shell:Creating package script '/home/ilyaes/Desktop/ros2project/moveit2_tuto/new_gantry_ws/install/gantry_control/share/gantry_control/package.bash'
[12.982s] INFO:colcon.colcon_core.shell:Creating package script '/home/ilyaes/Desktop/ros2project/moveit2_tuto/new_gantry_ws/install/gantry_control/share/gantry_control/package.zsh'
[12.983s] Level 1:colcon.colcon_core.environment:create_file_with_runtime_dependencies(/home/ilyaes/Desktop/ros2project/moveit2_tuto/new_gantry_ws/install/gantry_control/share/colcon-core/packages/gantry_control)
[12.983s] DEBUG:colcon.colcon_parallel_executor.executor.parallel:closing loop
[12.983s] DEBUG:colcon.colcon_parallel_executor.executor.parallel:loop closed
[12.983s] DEBUG:colcon.colcon_parallel_executor.executor.parallel:run_until_complete finished with '0'
[12.984s] DEBUG:colcon.colcon_core.event_reactor:joining thread
[13.019s] INFO:colcon.colcon_core.plugin_system:Skipping extension 'colcon_notification.desktop_notification.terminal_notifier': Not used on non-Darwin systems
[13.019s] INFO:colcon.colcon_core.plugin_system:Skipping extension 'colcon_notification.desktop_notification.win32': Not used on non-Windows systems
[13.019s] INFO:colcon.colcon_notification.desktop_notification:Sending desktop notification using 'notify2'
[13.115s] DEBUG:colcon.colcon_core.event_reactor:joined thread
[13.115s] INFO:colcon.colcon_core.shell:Creating prefix script '/home/ilyaes/Desktop/ros2project/moveit2_tuto/new_gantry_ws/install/local_setup.ps1'
[13.118s] INFO:colcon.colcon_core.shell:Creating prefix util module '/home/ilyaes/Desktop/ros2project/moveit2_tuto/new_gantry_ws/install/_local_setup_util_ps1.py'
[13.120s] INFO:colcon.colcon_core.shell:Creating prefix chain script '/home/ilyaes/Desktop/ros2project/moveit2_tuto/new_gantry_ws/install/setup.ps1'
[13.121s] INFO:colcon.colcon_core.shell:Creating prefix script '/home/ilyaes/Desktop/ros2project/moveit2_tuto/new_gantry_ws/install/local_setup.sh'
[13.122s] INFO:colcon.colcon_core.shell:Creating prefix util module '/home/ilyaes/Desktop/ros2project/moveit2_tuto/new_gantry_ws/install/_local_setup_util_sh.py'
[13.123s] INFO:colcon.colcon_core.shell:Creating prefix chain script '/home/ilyaes/Desktop/ros2project/moveit2_tuto/new_gantry_ws/install/setup.sh'
[13.124s] INFO:colcon.colcon_core.shell:Creating prefix script '/home/ilyaes/Desktop/ros2project/moveit2_tuto/new_gantry_ws/install/local_setup.bash'
[13.124s] INFO:colcon.colcon_core.shell:Creating prefix chain script '/home/ilyaes/Desktop/ros2project/moveit2_tuto/new_gantry_ws/install/setup.bash'
[13.125s] INFO:colcon.colcon_core.shell:Creating prefix script '/home/ilyaes/Desktop/ros2project/moveit2_tuto/new_gantry_ws/install/local_setup.zsh'
[13.126s] INFO:colcon.colcon_core.shell:Creating prefix chain script '/home/ilyaes/Desktop/ros2project/moveit2_tuto/new_gantry_ws/install/setup.zsh'
