[0.024s] Invoking command in '/home/ilyaes/Desktop/ros2project/moveit2_tuto/new_gantry_ws/build/gantry': CMAKE_PREFIX_PATH=${CMAKE_PREFIX_PATH}:/opt/ros/jazzy DEBUGINFOD_URLS=https://debuginfod.ubuntu.com /usr/bin/cmake --build /home/ilyaes/Desktop/ros2project/moveit2_tuto/new_gantry_ws/build/gantry -- -j8 -l8
[0.173s] Built target ament_cmake_python_copy_gantry
[0.641s] running egg_info
[0.680s] writing gantry.egg-info/PKG-INFO
[0.680s] writing dependency_links to gantry.egg-info/dependency_links.txt
[0.680s] writing top-level names to gantry.egg-info/top_level.txt
[0.839s] reading manifest file 'gantry.egg-info/SOURCES.txt'
[0.841s] writing manifest file 'gantry.egg-info/SOURCES.txt'
[0.890s] Built target ament_cmake_python_build_gantry_egg
[0.904s] Invoked command in '/home/ilyaes/Desktop/ros2project/moveit2_tuto/new_gantry_ws/build/gantry' returned '0': CMAKE_PREFIX_PATH=${CMAKE_PREFIX_PATH}:/opt/ros/jazzy DEBUGINFOD_URLS=https://debuginfod.ubuntu.com /usr/bin/cmake --build /home/ilyaes/Desktop/ros2project/moveit2_tuto/new_gantry_ws/build/gantry -- -j8 -l8
[0.918s] Invoking command in '/home/ilyaes/Desktop/ros2project/moveit2_tuto/new_gantry_ws/build/gantry': CMAKE_PREFIX_PATH=${CMAKE_PREFIX_PATH}:/opt/ros/jazzy DEBUGINFOD_URLS=https://debuginfod.ubuntu.com /usr/bin/cmake --install /home/ilyaes/Desktop/ros2project/moveit2_tuto/new_gantry_ws/build/gantry
[0.931s] -- Install configuration: ""
[0.932s] -- Up-to-date: /home/ilyaes/Desktop/ros2project/moveit2_tuto/new_gantry_ws/install/gantry/share/gantry/environment/pythonpath.sh
[0.933s] -- Up-to-date: /home/ilyaes/Desktop/ros2project/moveit2_tuto/new_gantry_ws/install/gantry/share/gantry/environment/pythonpath.dsv
[0.933s] -- Up-to-date: /home/ilyaes/Desktop/ros2project/moveit2_tuto/new_gantry_ws/install/gantry/lib/python3.12/site-packages/gantry-0.0.0-py3.12.egg-info
[0.934s] -- Installing: /home/ilyaes/Desktop/ros2project/moveit2_tuto/new_gantry_ws/install/gantry/lib/python3.12/site-packages/gantry-0.0.0-py3.12.egg-info/top_level.txt
[0.934s] -- Installing: /home/ilyaes/Desktop/ros2project/moveit2_tuto/new_gantry_ws/install/gantry/lib/python3.12/site-packages/gantry-0.0.0-py3.12.egg-info/SOURCES.txt
[0.935s] -- Installing: /home/ilyaes/Desktop/ros2project/moveit2_tuto/new_gantry_ws/install/gantry/lib/python3.12/site-packages/gantry-0.0.0-py3.12.egg-info/dependency_links.txt
[0.936s] -- Installing: /home/ilyaes/Desktop/ros2project/moveit2_tuto/new_gantry_ws/install/gantry/lib/python3.12/site-packages/gantry-0.0.0-py3.12.egg-info/PKG-INFO
[0.936s] -- Up-to-date: /home/ilyaes/Desktop/ros2project/moveit2_tuto/new_gantry_ws/install/gantry/lib/python3.12/site-packages/gantry
[0.937s] -- Up-to-date: /home/ilyaes/Desktop/ros2project/moveit2_tuto/new_gantry_ws/install/gantry/lib/python3.12/site-packages/gantry/__init__.py
[0.937s] -- Up-to-date: /home/ilyaes/Desktop/ros2project/moveit2_tuto/new_gantry_ws/install/gantry/lib/python3.12/site-packages/gantry/pick_and_place.py
[1.001s] Listing '/home/ilyaes/Desktop/ros2project/moveit2_tuto/new_gantry_ws/install/gantry/lib/python3.12/site-packages/gantry'...
[1.011s] -- Up-to-date: /home/ilyaes/Desktop/ros2project/moveit2_tuto/new_gantry_ws/install/gantry/share/gantry//launch
[1.011s] -- Up-to-date: /home/ilyaes/Desktop/ros2project/moveit2_tuto/new_gantry_ws/install/gantry/share/gantry//launch/gazebo.launch.py
[1.012s] -- Up-to-date: /home/ilyaes/Desktop/ros2project/moveit2_tuto/new_gantry_ws/install/gantry/share/gantry//launch/gantry_launch.py
[1.012s] -- Up-to-date: /home/ilyaes/Desktop/ros2project/moveit2_tuto/new_gantry_ws/install/gantry/share/gantry//urdf
[1.012s] -- Up-to-date: /home/ilyaes/Desktop/ros2project/moveit2_tuto/new_gantry_ws/install/gantry/share/gantry//urdf/urdf.xacro
[1.012s] -- Up-to-date: /home/ilyaes/Desktop/ros2project/moveit2_tuto/new_gantry_ws/install/gantry/share/gantry//urdf/parallel_beam_gantry.urdf.xacro
[1.012s] -- Up-to-date: /home/ilyaes/Desktop/ros2project/moveit2_tuto/new_gantry_ws/install/gantry/share/gantry//urdf/parallel_beam_gantry.gazebo.xacro
[1.012s] -- Up-to-date: /home/ilyaes/Desktop/ros2project/moveit2_tuto/new_gantry_ws/install/gantry/share/gantry//urdf/parallel_beam_gantry.xacro
[1.012s] -- Up-to-date: /home/ilyaes/Desktop/ros2project/moveit2_tuto/new_gantry_ws/install/gantry/share/gantry//urdf/simple_gripper.urdf.xacro
[1.012s] -- Up-to-date: /home/ilyaes/Desktop/ros2project/moveit2_tuto/new_gantry_ws/install/gantry/share/gantry//urdf/parallel_beam_gantry.camera.xacro
[1.013s] -- Up-to-date: /home/ilyaes/Desktop/ros2project/moveit2_tuto/new_gantry_ws/install/gantry/share/gantry//urdf/parallel_beam_gantry.ros2_control.xacro
[1.013s] -- Up-to-date: /home/ilyaes/Desktop/ros2project/moveit2_tuto/new_gantry_ws/install/gantry/share/gantry//worlds
[1.013s] -- Up-to-date: /home/ilyaes/Desktop/ros2project/moveit2_tuto/new_gantry_ws/install/gantry/share/gantry//worlds/my_world.sdf
[1.013s] -- Up-to-date: /home/ilyaes/Desktop/ros2project/moveit2_tuto/new_gantry_ws/install/gantry/share/ament_index/resource_index/package_run_dependencies/gantry
[1.014s] -- Up-to-date: /home/ilyaes/Desktop/ros2project/moveit2_tuto/new_gantry_ws/install/gantry/share/ament_index/resource_index/parent_prefix_path/gantry
[1.014s] -- Up-to-date: /home/ilyaes/Desktop/ros2project/moveit2_tuto/new_gantry_ws/install/gantry/share/gantry/environment/ament_prefix_path.sh
[1.014s] -- Up-to-date: /home/ilyaes/Desktop/ros2project/moveit2_tuto/new_gantry_ws/install/gantry/share/gantry/environment/ament_prefix_path.dsv
[1.014s] -- Up-to-date: /home/ilyaes/Desktop/ros2project/moveit2_tuto/new_gantry_ws/install/gantry/share/gantry/environment/path.sh
[1.014s] -- Up-to-date: /home/ilyaes/Desktop/ros2project/moveit2_tuto/new_gantry_ws/install/gantry/share/gantry/environment/path.dsv
[1.014s] -- Up-to-date: /home/ilyaes/Desktop/ros2project/moveit2_tuto/new_gantry_ws/install/gantry/share/gantry/local_setup.bash
[1.014s] -- Up-to-date: /home/ilyaes/Desktop/ros2project/moveit2_tuto/new_gantry_ws/install/gantry/share/gantry/local_setup.sh
[1.015s] -- Up-to-date: /home/ilyaes/Desktop/ros2project/moveit2_tuto/new_gantry_ws/install/gantry/share/gantry/local_setup.zsh
[1.015s] -- Up-to-date: /home/ilyaes/Desktop/ros2project/moveit2_tuto/new_gantry_ws/install/gantry/share/gantry/local_setup.dsv
[1.015s] -- Installing: /home/ilyaes/Desktop/ros2project/moveit2_tuto/new_gantry_ws/install/gantry/share/gantry/package.dsv
[1.015s] -- Up-to-date: /home/ilyaes/Desktop/ros2project/moveit2_tuto/new_gantry_ws/install/gantry/share/ament_index/resource_index/packages/gantry
[1.015s] -- Up-to-date: /home/ilyaes/Desktop/ros2project/moveit2_tuto/new_gantry_ws/install/gantry/share/gantry/cmake/gantryConfig.cmake
[1.015s] -- Up-to-date: /home/ilyaes/Desktop/ros2project/moveit2_tuto/new_gantry_ws/install/gantry/share/gantry/cmake/gantryConfig-version.cmake
[1.015s] -- Up-to-date: /home/ilyaes/Desktop/ros2project/moveit2_tuto/new_gantry_ws/install/gantry/share/gantry/package.xml
[1.017s] Invoked command in '/home/ilyaes/Desktop/ros2project/moveit2_tuto/new_gantry_ws/build/gantry' returned '0': CMAKE_PREFIX_PATH=${CMAKE_PREFIX_PATH}:/opt/ros/jazzy DEBUGINFOD_URLS=https://debuginfod.ubuntu.com /usr/bin/cmake --install /home/ilyaes/Desktop/ros2project/moveit2_tuto/new_gantry_ws/build/gantry
